07-25 16:12:30.120  1348  2039 V AlarmManager: set(PendingIntent{39d7171: PendingIntentRecord{94c3482 com.heytap.mcs startService}}) : type=2 listener=null listenerTag=null workSource=null callingPackage=com.heytap.mcs callingUid=1000 triggerAtTime=44582408 win=10000 tElapsed=44582408 maxElapsed=44592408 interval=0 flags=0x8
07-25 16:12:30.120  1348  2777 D ActivityManager: PROFILE_FROM_SHELL is disabled for ProcessRecord{ffeb56 0:com.instagram.android/u0a214}
07-25 16:12:30.121  1348  2777 D CompatibilityChangeReporter: Compat change id reported: 135634846; UID 10214; state: DISABLED
07-25 16:12:30.121  1348  2777 D CompatibilityChangeReporter: Compat change id reported: 177438394; UID 10214; state: DISABLED
07-25 16:12:30.121  1348  2777 D CompatibilityChangeReporter: Compat change id reported: 135772972; UID 10214; state: DISABLED
07-25 16:12:30.121  1348  2777 D CompatibilityChangeReporter: Compat change id reported: 135754954; UID 10214; state: ENABLED
07-25 16:12:30.122  1348  1381 D ActivityManager: asking zygote to start proc:ProcessRecord{ffeb56 0:com.instagram.android/u0a214}
07-25 16:12:30.122  1348  1381 D CompatibilityChangeReporter: Compat change id reported: 143937733; UID 10214; state: ENABLED
07-25 16:12:30.122  1348  1381 D Prefork : startResult is empty and running normal execution.
07-25 16:12:30.130  1348  1348 D ActivityManager: PROFILE_FROM_SHELL is disabled for ProcessRecord{52766e2 0:com.glance.lockscreenRealme/u0a74}
07-25 16:12:30.130  1348  1348 D CompatibilityChangeReporter: Compat change id reported: 135634846; UID 10074; state: DISABLED
07-25 16:12:30.130  1348  1348 D CompatibilityChangeReporter: Compat change id reported: 177438394; UID 10074; state: DISABLED
07-25 16:12:30.130  1348  1348 D CompatibilityChangeReporter: Compat change id reported: 135772972; UID 10074; state: DISABLED
07-25 16:12:30.130  1348  1348 D CompatibilityChangeReporter: Compat change id reported: 135754954; UID 10074; state: ENABLED
07-25 16:12:30.145  1348  1381 I ActivityManager: Start proc 26283:com.instagram.android/u0a214 for broadcast {com.instagram.android/com.instagram.analytics.uploadscheduler.AnalyticsUploadAlarmReceiver}
07-25 16:12:30.145  1348  1381 D ActivityManager: asking zygote to start proc:ProcessRecord{52766e2 0:com.glance.lockscreenRealme/u0a74}
07-25 16:12:30.146  1348  1381 D CompatibilityChangeReporter: Compat change id reported: 143937733; UID 10074; state: ENABLED
07-25 16:12:30.146  1348  1381 D Prefork : startResult is empty and running normal execution.
07-25 16:12:30.158  1348  1381 I ActivityManager: Start proc 26284:com.glance.lockscreenRealme/u0a74 for service {com.glance.lockscreenRealme/glance.internal.sdk.commons.job.GlanceJobService}
07-25 16:12:30.185  1348  2039 D CompatibilityChangeReporter: Compat change id reported: 168419799; UID 10074; state: DISABLED
07-25 16:12:30.280  1348  2039 D CompatibilityChangeReporter: Compat change id reported: 161145287; UID 10074; state: DISABLED
07-25 16:12:30.282  1348  2039 D PackageManager: Considering set com.glance.lockscreenRealme/androidx.work.impl.background.systemjob.SystemJobService's state as 1 with userId = 0, callingPackage = null
07-25 16:12:30.288  1348  2509 D CompatibilityChangeReporter: Compat change id reported: 168419799; UID 10122; state: DISABLED
07-25 16:12:30.294 26284 26284 E ActivityThread: Failed to find provider info for com.glance.glancebridgesdk.provider
07-25 16:12:30.338  1348  2803 I ActivityManager: Killing 26239:android.process.acore/u0a52 (adj 935): empty #5
07-25 16:12:30.366  1348  1658 D CountryDetector: No listener is left
07-25 16:12:30.368  1348  1658 D CompatibilityChangeReporter: Compat change id reported: 194532703; UID 10074; state: ENABLED
07-25 16:12:30.409  1348  2554 D ActivityManager: PROFILE_FROM_SHELL is disabled for ProcessRecord{e89d8bc 0:com.google.android.gms/u0a122}
07-25 16:12:30.409  1348  2554 D CompatibilityChangeReporter: Compat change id reported: 135634846; UID 10122; state: DISABLED
07-25 16:12:30.409  1348  2554 D CompatibilityChangeReporter: Compat change id reported: 177438394; UID 10122; state: DISABLED
07-25 16:12:30.409  1348  2554 D CompatibilityChangeReporter: Compat change id reported: 135772972; UID 10122; state: DISABLED
07-25 16:12:30.409  1348  2554 D CompatibilityChangeReporter: Compat change id reported: 135754954; UID 10122; state: ENABLED
07-25 16:12:30.410  1348  1381 D ActivityManager: asking zygote to start proc:ProcessRecord{e89d8bc 0:com.google.android.gms/u0a122}
07-25 16:12:30.410  1348  1381 D CompatibilityChangeReporter: Compat change id reported: 143937733; UID 10122; state: ENABLED
07-25 16:12:30.410  1348  1381 D Prefork : startResult is empty and running normal execution.
07-25 16:12:30.420  1348  1381 I ActivityManager: Start proc 26354:com.google.android.gms/u0a122 for service {com.google.android.gms/com.google.android.gms.measurement.service.MeasurementBrokerService}
07-25 16:12:30.486  1348  1658 D CompatibilityChangeReporter: Compat change id reported: 319212206; UID 10074; state: DISABLED
07-25 16:12:30.513  1348  2803 V AlarmManager: set(PendingIntent{9fba7d8: PendingIntentRecord{5ad9e3a com.glance.lockscreenRealme broadcastIntent}}) : type=0 listener=null listenerTag=null workSource=null callingPackage=com.glance.lockscreenRealme callingUid=10074 triggerAtTime=1753468200513 win=64800000 tElapsed=72347802 maxElapsed=137147802 interval=86400000 flags=0x0
07-25 16:12:30.515  1348  2803 V AlarmManager: set(PendingIntent{65a7731: PendingIntentRecord{df4e048 com.glance.lockscreenRealme broadcastIntent}}) : type=0 listener=null listenerTag=null workSource=null callingPackage=com.glance.lockscreenRealme callingUid=10074 triggerAtTime=1753468200515 win=64800000 tElapsed=72347804 maxElapsed=137147804 interval=86400000 flags=0x0
07-25 16:12:30.543  1348  2040 V AlarmManager: set(PendingIntent{3c899ee: PendingIntentRecord{fd9f861 com.glance.lockscreenRealme broadcastIntent}}) : type=0 listener=null listenerTag=null workSource=null callingPackage=com.glance.lockscreenRealme callingUid=10074 triggerAtTime=1753468200543 win=64800000 tElapsed=72347831 maxElapsed=137147831 interval=86400000 flags=0x0
07-25 16:12:30.546  1348  2554 V AlarmManager: set(null) : type=3 listener=android.app.AlarmManager$ListenerWrapper@4e2e77 listenerTag=*job.delay* workSource=WorkSource{10074 com.glance.lockscreenRealme} callingPackage=android callingUid=1000 triggerAtTime=44340124 win=31716 tElapsed=44340124 maxElapsed=44371840 interval=0 flags=0x0
07-25 16:12:30.736  1348  2040 D CompatibilityChangeReporter: Compat change id reported: 161252188; UID 10122; state: DISABLED
07-25 16:12:30.866  1348  2554 D ActivityManager: PROFILE_FROM_SHELL is disabled for ProcessRecord{a4bf181 0:com.google.android.webview:sandboxed_process0:org.chromium.content.app.SandboxedProcessService0:0/u0a74i255}
07-25 16:12:30.866  1348  2554 D CompatibilityChangeReporter: Compat change id reported: 135634846; UID 99255; state: DISABLED
07-25 16:12:30.866  1348  2554 D CompatibilityChangeReporter: Compat change id reported: 177438394; UID 99255; state: DISABLED
07-25 16:12:30.866  1348  2554 D CompatibilityChangeReporter: Compat change id reported: 135772972; UID 99255; state: DISABLED
07-25 16:12:30.866  1348  2554 D CompatibilityChangeReporter: Compat change id reported: 135754954; UID 99255; state: ENABLED
07-25 16:12:30.867  1348  1381 D ActivityManager: asking zygote to start proc:ProcessRecord{a4bf181 0:com.google.android.webview:sandboxed_process0:org.chromium.content.app.SandboxedProcessService0:0/u0a74i255}
07-25 16:12:30.867  1348  1381 D CompatibilityChangeReporter: Compat change id reported: 143937733; UID 10074; state: ENABLED
07-25 16:12:30.887  1348  1381 I ActivityManager: Start proc 26421:com.google.android.webview:sandboxed_process0:org.chromium.content.app.SandboxedProcessService0:0/u0i255 for  {com.glance.lockscreenRealme/org.chromium.content.app.SandboxedProcessService0:0}
07-25 16:12:30.943  1348  2554 D CompatibilityChangeReporter: Compat change id reported: 161145287; UID 10122; state: DISABLED
07-25 16:12:31.003  1348  2040 D ActivityManager: PROFILE_FROM_SHELL is disabled for ProcessRecord{d5b2be0 0:com.google.android.webview:webview_service/u0a142}
07-25 16:12:31.003  1348  2040 D CompatibilityChangeReporter: Compat change id reported: 135634846; UID 10142; state: DISABLED
07-25 16:12:31.003  1348  2040 D CompatibilityChangeReporter: Compat change id reported: 177438394; UID 10142; state: DISABLED
07-25 16:12:31.003  1348  2040 D CompatibilityChangeReporter: Compat change id reported: 135772972; UID 10142; state: DISABLED
07-25 16:12:31.003  1348  2040 D CompatibilityChangeReporter: Compat change id reported: 135754954; UID 10142; state: ENABLED
07-25 16:12:31.004  1348  1381 D ActivityManager: asking zygote to start proc:ProcessRecord{d5b2be0 0:com.google.android.webview:webview_service/u0a142}
07-25 16:12:31.004  1348  1381 D CompatibilityChangeReporter: Compat change id reported: 143937733; UID 10142; state: ENABLED
07-25 16:12:31.004  1348  1381 D Prefork : startResult is empty and running normal execution.
07-25 16:12:31.011  1348  2554 D CompatibilityChangeReporter: Compat change id reported: 161252188; UID 10197; state: DISABLED
07-25 16:12:31.020  1348  2554 D ActivityManager: PROFILE_FROM_SHELL is disabled for ProcessRecord{17696f8 0:com.google.android.adservices.api/u0a197}
07-25 16:12:31.020  1348  2554 D CompatibilityChangeReporter: Compat change id reported: 135634846; UID 10197; state: DISABLED
07-25 16:12:31.020  1348  2554 D CompatibilityChangeReporter: Compat change id reported: 177438394; UID 10197; state: DISABLED
07-25 16:12:31.020  1348  2554 D CompatibilityChangeReporter: Compat change id reported: 135772972; UID 10197; state: DISABLED
07-25 16:12:31.020  1348  2554 D CompatibilityChangeReporter: Compat change id reported: 135754954; UID 10197; state: ENABLED
07-25 16:12:31.022  1348  1381 I ActivityManager: Start proc 26460:com.google.android.webview:webview_service/u0a142 for service {com.google.android.webview/org.chromium.android_webview.services.ComponentsProviderService}
07-25 16:12:31.023  1348  1381 D ActivityManager: asking zygote to start proc:ProcessRecord{17696f8 0:com.google.android.adservices.api/u0a197}
07-25 16:12:31.023  1348  1381 D CompatibilityChangeReporter: Compat change id reported: 143937733; UID 10197; state: ENABLED
07-25 16:12:31.023  1348  1381 D Prefork : startResult is empty and running normal execution.
07-25 16:12:31.032  1348  1381 I ActivityManager: Start proc 26470:com.google.android.adservices.api/u0a197 for service {com.google.android.adservices.api/com.android.adservices.measurement.MeasurementService}
07-25 16:12:31.042  1348  2783 D CompatibilityChangeReporter: Compat change id reported: 168419799; UID 10142; state: DISABLED
07-25 16:12:31.078  1348  2803 D CompatibilityChangeReporter: Compat change id reported: 168419799; UID 10197; state: DISABLED
07-25 16:12:31.162  1348  2554 D CompatibilityChangeReporter: Compat change id reported: 161252188; UID 10142; state: DISABLED
07-25 16:12:31.230  1348  2803 I ActivityManager: Killing 26126:com.whatsapp/u0a213 (adj 935): empty #5
07-25 16:12:31.391  1348  2783 D PackageManager: Considering set com.google.android.adservices.api/com.android.adservices.service.common.PackageChangedReceiver's state as 1 with userId = 0, callingPackage = null
07-25 16:12:31.397  1348  2803 I ActivityManager: Killing 25466:com.google.android.googlequicksearchbox:search/u0a127 (adj 925): empty #5
07-25 16:12:31.607  1348  2777 I ActivityManager: Killing 26421:com.google.android.webview:sandboxed_process0:org.chromium.content.app.SandboxedProcessService0:0/u0a74i255 (adj 925): empty #5
07-25 16:12:31.608  1348  2777 I ActivityManager: Killing 26470:com.google.android.adservices.api/u0a197 (adj 935): empty #6
07-25 16:12:31.654  1348  2785 D ActivityManager:  scheduleServiceRestartLocked  N 0 now 23145257 r ServiceRecord{bc91972 u0 com.google.android.adservices.api/com.android.adservices.measurement.MeasurementService} minDuration 1000
07-25 16:12:31.654  1348  2785 W ActivityManager: Scheduling restart of crashed service com.google.android.adservices.api/com.android.adservices.measurement.MeasurementService in 1000ms for connection
07-25 16:12:31.665  1348  2777 D ActivityManager:  scheduleServiceRestartLocked  N 0 now 23145268 r ServiceRecord{84b0f57 u0 com.glance.lockscreenRealme/org.chromium.content.app.SandboxedProcessService0:0} minDuration 1000
07-25 16:12:31.665  1348  2777 W ActivityManager: Scheduling restart of crashed service com.glance.lockscreenRealme/org.chromium.content.app.SandboxedProcessService0:0 in 1000ms for connection
07-25 16:12:31.679  1348  2785 D ActivityManager: PROFILE_FROM_SHELL is disabled for ProcessRecord{c3aee9a 0:com.google.android.webview:sandboxed_process0:org.chromium.content.app.SandboxedProcessService0:1/u0a74i256}
07-25 16:12:31.680  1348  2785 D CompatibilityChangeReporter: Compat change id reported: 135634846; UID 99256; state: DISABLED
07-25 16:12:31.680  1348  2785 D CompatibilityChangeReporter: Compat change id reported: 177438394; UID 99256; state: DISABLED
07-25 16:12:31.680  1348  2785 D CompatibilityChangeReporter: Compat change id reported: 135772972; UID 99256; state: DISABLED
07-25 16:12:31.680  1348  2785 D CompatibilityChangeReporter: Compat change id reported: 135754954; UID 99256; state: ENABLED
07-25 16:12:31.681  1348  1381 D ActivityManager: asking zygote to start proc:ProcessRecord{c3aee9a 0:com.google.android.webview:sandboxed_process0:org.chromium.content.app.SandboxedProcessService0:1/u0a74i256}
07-25 16:12:31.681  1348  1381 D CompatibilityChangeReporter: Compat change id reported: 143937733; UID 10074; state: ENABLED
07-25 16:12:31.700  1348  1381 I ActivityManager: Start proc 26589:com.google.android.webview:sandboxed_process0:org.chromium.content.app.SandboxedProcessService0:1/u0i256 for  {com.glance.lockscreenRealme/org.chromium.content.app.SandboxedProcessService0:1}
07-25 16:12:31.910  1348  2785 I ActivityManager: Killing 26589:com.google.android.webview:sandboxed_process0:org.chromium.content.app.SandboxedProcessService0:1/u0a74i256 (adj 0): isolated not needed
07-25 16:12:31.959  1348  2785 D CompatibilityChangeReporter: Compat change id reported: 161145287; UID 10214; state: DISABLED
07-25 16:12:32.412  1348  2785 D CompatibilityChangeReporter: Compat change id reported: 184323934; UID 10214; state: ENABLED
07-25 16:12:32.432  1348  1734 D CompatibilityChangeReporter: Compat change id reported: 183164979; UID 10214; state: ENABLED
07-25 16:12:32.841  1348  2785 D PackageManager: Considering set com.instagram.android/com.instagram.share.handleractivity.ShareHandlerActivity's state as 1 with userId = 0, callingPackage = null
07-25 16:12:32.842  1348  2785 W PackageManager: try to disable com.instagram.android
07-25 16:12:32.842  1348  2785 W PackageManager: OPERATOR_CODENULL
07-25 16:12:32.842  1348  2785 D PackageManager: Considering set com.instagram.android/com.instagram.share.handleractivity.ShareHandlerActivityMultipleFeedAlias's state as 2 with userId = 0, callingPackage = null
07-25 16:12:32.905  1348  1580 D CompatibilityChangeReporter: Compat change id reported: 74210811; UID 1000; state: DISABLED
07-25 16:12:33.046  1348  2785 D PackageManager: Considering set com.instagram.android/com.instagram.fbpay.w3c.ipc.IsReadyToPayServiceImpl's state as 1 with userId = 0, callingPackage = null
07-25 16:12:33.047  1348  2785 D PackageManager: Considering set com.instagram.android/com.instagram.fbpay.w3c.ipc.FBPaymentServiceImpl's state as 1 with userId = 0, callingPackage = null
07-25 16:12:33.048  1348  2785 D PackageManager: Considering set com.instagram.android/com.instagram.fbpay.w3c.views.PaymentActivity's state as 1 with userId = 0, callingPackage = null
07-25 16:12:33.063  1348  2785 W ActivityManager: Background start not allowed: service Intent { cmp=com.instagram.android/com.instagram.jobscheduler.bgfetch.scheduler.IgBgFetchTaskLifeService (has extras) } to com.instagram.android/com.instagram.jobscheduler.bgfetch.scheduler.IgBgFetchTaskLifeService from pid=26283 uid=10214 pkg=com.instagram.android startFg?=false
07-25 16:12:33.177  1348  2785 D PackageManager: Considering set com.facebook.services/com.facebook.oxygen.services.fbns.RegisteredMqttSystemBroadcastReceiver's state as 1 with userId = 0, callingPackage = null
07-25 16:12:33.185  1348  2785 D CompatibilityChangeReporter: Compat change id reported: 194532703; UID 10214; state: ENABLED
07-25 16:12:33.186  1348  2785 V AlarmManager: set(null) : type=3 listener=android.app.AlarmManager$ListenerWrapper@4e2e77 listenerTag=*job.delay* workSource=WorkSource{10214 com.instagram.android} callingPackage=android callingUid=1000 triggerAtTime=44330474 win=22500 tElapsed=44330474 maxElapsed=44352974 interval=0 flags=0x0
07-25 16:12:33.189  1348  2785 D CompatibilityChangeReporter: Compat change id reported: 319212206; UID 10214; state: ENABLED
07-25 16:12:33.226  1348  2785 D BroadcastQueue: Finished with ordered broadcast BroadcastRecord{71faacf u0 action_batch_upload} receivers:([ResolveInfo{b7e2b47 com.instagram.android/com.instagram.analytics.uploadscheduler.AnalyticsUploadAlarmReceiver m=0x0}]) take 3107ms in [background], remains 2
07-25 16:12:33.227  1348  2785 W BroadcastQueue: Skipping deliver [background] BroadcastRecord{5d23f74 u0 com.whatsapp.alarm.CLIENT_PING_PERIODIC} to ReceiverList{839ba80 26126 com.whatsapp/10213/u0 remote:ff1bb03}: process gone or crashing
07-25 16:12:33.229  1348  2785 I ActivityManager: Killing 26283:com.instagram.android/u0a214 (adj 925): empty #5
07-25 16:12:33.232  1348  1380 D BroadcastQueue: Finished with ordered broadcast BroadcastRecord{5d23f74 u0 com.whatsapp.alarm.CLIENT_PING_PERIODIC} receivers:([BroadcastFilter{66798b9 10213/u0 ReceiverList{839ba80 26126 com.whatsapp/10213/u0 remote:ff1bb03}}]) take 6ms in [background], remains 1
07-25 16:12:33.233  1348  1380 W ActivityManager: ProcessRecord{ffeb56 26283:com.instagram.android/u0a214} is attached to a previous process
07-25 16:12:33.234  1348  1380 W ActivityManager: Existing proc ProcessRecord{ffeb56 26283:com.instagram.android/u0a214} was killed 3ms ago when adding ProcessRecord{abe512 0:com.instagram.android/u0a214}
07-25 16:12:33.234  1348  1380 D ActivityManager: PROFILE_FROM_SHELL is disabled for ProcessRecord{abe512 0:com.instagram.android/u0a214}
07-25 16:12:33.235  1348  1380 D CompatibilityChangeReporter: Compat change id reported: 135634846; UID 10214; state: DISABLED
07-25 16:12:33.235  1348  1380 D CompatibilityChangeReporter: Compat change id reported: 177438394; UID 10214; state: DISABLED
07-25 16:12:33.235  1348  1380 D CompatibilityChangeReporter: Compat change id reported: 135772972; UID 10214; state: DISABLED
07-25 16:12:33.235  1348  1380 D CompatibilityChangeReporter: Compat change id reported: 135754954; UID 10214; state: ENABLED
07-25 16:12:33.369  1348  1381 D ActivityManager: asking zygote to start proc:ProcessRecord{abe512 0:com.instagram.android/u0a214}
07-25 16:12:33.369  1348  1381 W ActivityManager: Slow operation: 135ms so far, now at startProcess: asking zygote to start proc
07-25 16:12:33.370  1348  1381 D CompatibilityChangeReporter: Compat change id reported: 143937733; UID 10214; state: ENABLED
07-25 16:12:33.370  1348  1381 D Prefork : startResult is empty and running normal execution.
07-25 16:12:33.378  1348  1381 W ActivityManager: Slow operation: 144ms so far, now at startProcess: returned from zygote!
07-25 16:12:33.379  1348  1381 W ActivityManager: Slow operation: 145ms so far, now at startProcess: done updating battery stats
07-25 16:12:33.379  1348  1381 W ActivityManager: Slow operation: 145ms so far, now at startProcess: building log message
07-25 16:12:33.379  1348  1381 I ActivityManager: Start proc 26810:com.instagram.android/u0a214 for broadcast {com.instagram.android/com.instagram.util.startup.appwarmer.KeepWarmReceiver}
07-25 16:12:33.379  1348  1381 W ActivityManager: Slow operation: 145ms so far, now at startProcess: starting to update pids map
07-25 16:12:33.380  1348  1381 W ActivityManager: Slow operation: 145ms so far, now at startProcess: done updating pids map
07-25 16:12:34.120  1348  2803 D PackageManager: Considering set com.instagram.android/com.instagram.share.handleractivity.ShareHandlerActivity's state as 1 with userId = 0, callingPackage = null
07-25 16:12:34.121  1348  1734 W PackageManager: try to disable com.instagram.android
07-25 16:12:34.121  1348  1734 W PackageManager: OPERATOR_CODENULL
07-25 16:12:34.121  1348  1734 D PackageManager: Considering set com.instagram.android/com.instagram.share.handleractivity.ShareHandlerActivityMultipleFeedAlias's state as 2 with userId = 0, callingPackage = null
07-25 16:12:34.245  1348  2803 D PackageManager: Considering set com.instagram.android/com.instagram.fbpay.w3c.ipc.IsReadyToPayServiceImpl's state as 1 with userId = 0, callingPackage = null
07-25 16:12:34.250  1348  2785 D PackageManager: Considering set com.instagram.android/com.instagram.fbpay.w3c.ipc.FBPaymentServiceImpl's state as 1 with userId = 0, callingPackage = null
07-25 16:12:34.254  1348  2802 D PackageManager: Considering set com.instagram.android/com.instagram.fbpay.w3c.views.PaymentActivity's state as 1 with userId = 0, callingPackage = null
07-25 16:12:34.380  1348  2802 V AlarmManager: set(null) : type=3 listener=android.app.AlarmManager$ListenerWrapper@4e2e77 listenerTag=*job.delay* workSource=WorkSource{10074 com.glance.lockscreenRealme} callingPackage=android callingUid=1000 triggerAtTime=44340124 win=28842 tElapsed=44340124 maxElapsed=44368966 interval=0 flags=0x0
07-25 16:12:34.383  1348  2802 V AlarmManager: set(null) : type=3 listener=android.app.AlarmManager$ListenerWrapper@4e2e77 listenerTag=*job.delay* workSource=WorkSource{10214 com.instagram.android} callingPackage=android callingUid=1000 triggerAtTime=44331667 win=22497 tElapsed=44331667 maxElapsed=44354164 interval=0 flags=0x0
07-25 16:12:34.390  1348  2802 D PackageManager: Considering set com.facebook.services/com.facebook.oxygen.services.fbns.RegisteredMqttSystemBroadcastReceiver's state as 1 with userId = 0, callingPackage = null
07-25 16:12:34.434  1348  2802 V AlarmManager: set(null) : type=3 listener=android.app.AlarmManager$ListenerWrapper@4e2e77 listenerTag=*job.delay* workSource=WorkSource{10074 com.glance.lockscreenRealme} callingPackage=android callingUid=1000 triggerAtTime=44340124 win=28801 tElapsed=44340124 maxElapsed=44368925 interval=0 flags=0x0
07-25 16:12:34.453  1348  2785 D PackageManager: Considering set com.instagram.android/com.instagram.push.FbnsInitBroadcastReceiver's state as 1 with userId = 0, callingPackage = null
07-25 16:12:34.467  1348  2785 D PackageManager: Considering set com.instagram.android/com.instagram.push.FbnsInitBroadcastReceiver's state as 1 with userId = 0, callingPackage = null
07-25 16:12:34.682  1348  2802 V AlarmManager: set(PendingIntent{bd4128e: PendingIntentRecord{bbc5fd7 com.instagram.android broadcastIntent}}) : type=2 listener=null listenerTag=null workSource=null callingPackage=com.instagram.android callingUid=10214 triggerAtTime=44601970 win=225000 tElapsed=44601970 maxElapsed=44826970 interval=0 flags=0x0
07-25 16:12:38.165  1348  1380 W BroadcastQueue: Exported Denial: sending Intent { act=android.net.conn.CONNECTIVITY_CHANGE flg=0x4200010 (has extras) }, action: android.net.conn.CONNECTIVITY_CHANGE from null (uid=-1) due to receiver ProcessRecord{abe512 26810:com.instagram.android/u0a214} (uid 10214) not specifying RECEIVER_EXPORTED
07-25 16:12:43.423  1348  2802 D BroadcastQueue: Finished with ordered broadcast BroadcastRecord{2df405e u0 null} receivers:([ResolveInfo{6cfb2ab com.instagram.android/com.instagram.util.startup.appwarmer.KeepWarmReceiver m=0x0}]) take 10191ms in [background], remains 2
07-25 16:12:43.446  1348  1734 D BroadcastQueue: Finished with ordered broadcast BroadcastRecord{a215d08 u0 com.facebook.rti.fbns.intent.RECEIVE} receivers:([ResolveInfo{6bd3ca1 com.instagram.android/com.instagram.notifications.push.fbns.IgPushSdkFbnsReceiverShim m=0x108000}]) take 19ms in [background], remains 0
07-25 16:12:49.172   433 26665 I keystore2: keystore2::watchdog: Watchdog thread idle -> terminating. Have a great day.
07-25 16:12:49.256  1348  1380 I ActivityManager: Waited long enough for: ServiceRecord{f8c868a u0 com.instagram.android/com.instagram.jobscheduler.bgfetch.scheduler.IgBgFetchTaskLifeService}
07-25 16:12:52.452  1348  2785 D BroadcastQueue: Finished with ordered broadcast BroadcastRecord{c920ec6 u0 null} receivers:([ResolveInfo{e3bb650 com.instagram.android/com.instagram.util.startup.appwarmer.KeepWarmReceiver m=0x0}]) take 9006ms in [background], remains -1
07-25 16:12:52.467  1348  2802 D BroadcastQueue: Finished with ordered broadcast BroadcastRecord{2d93049 u0 com.facebook.rti.fbns.intent.RECEIVE} receivers:([ResolveInfo{4a5fd4e com.instagram.android/com.instagram.notifications.push.fbns.IgPushSdkFbnsReceiverShim m=0x108000}]) take 15ms in [background], remains 0
07-25 16:13:00.000  1348  1482 D AlarmManager: waitForAlarm result:8currentTime=1753440180000, elapsedRealtime=44327289
07-25 16:13:00.067  1348  1375 E UnisocWatchdog: WDT_Monitor: writeWDTMonitor duration=50,shutdowning=false
07-25 16:13:01.475  1348  2785 D BroadcastQueue: Finished with ordered broadcast BroadcastRecord{62ece6f u0 null} receivers:([ResolveInfo{1c926d6 com.instagram.android/com.instagram.util.startup.appwarmer.KeepWarmReceiver m=0x0}]) take 9007ms in [background], remains -1
07-25 16:13:10.483  1348  2802 D BroadcastQueue: Finished with ordered broadcast BroadcastRecord{bfeed57 u0 null} receivers:([ResolveInfo{51bc274 com.instagram.android/com.instagram.util.startup.appwarmer.KeepWarmReceiver m=0x0}]) take 9007ms in [background], remains 0
07-25 16:13:19.471  1348  1348 D TemperatureManagerService: runinAppStartFlag: 0
07-25 16:13:19.471  1348  1348 D TAG     : Country is Empty, set Countrys is DEFAULT_35_DEGREE_COUNYRYS
07-25 16:13:19.472  1348  1348 D TemperatureManagerService: current area is IN support 25 newRegulationsRules,  isTrigger = false, mEnvironmentTemperature is 270, current batteryTemperature is 345
07-25 16:13:19.473  1348  1348 D TemperatureManagerService: current area is IN, mPlugType = 2, mEnvironmentTemperature = 270, current batteryTemperature = 345, switch from 25 newRegulationsRules to 35 oldRegulationsRules
07-25 16:13:19.477  1619  3909 D PowerUI : can't show warning due to - plugged: true status unknown: false
07-25 16:13:19.490  1348  2802 D BroadcastQueue: Finished with ordered broadcast BroadcastRecord{bc9539d u0 null} receivers:([ResolveInfo{9137bd3 com.instagram.android/com.instagram.util.startup.appwarmer.KeepWarmReceiver m=0x0}]) take 9006ms in [background], remains 0
07-25 16:13:19.575  1348  1734 V AlarmManager: set(null) : type=3 listener=android.app.AlarmManager$ListenerWrapper@4e2e77 listenerTag=*job.delay* workSource=WorkSource{10075 com.heytap.market} callingPackage=android callingUid=1000 triggerAtTime=44358939 win=9056 tElapsed=44358939 maxElapsed=44367995 interval=0 flags=0x0
07-25 16:13:28.500  1348  1734 D BroadcastQueue: Finished with ordered broadcast BroadcastRecord{5383310 u0 null} receivers:([ResolveInfo{d45bc9c com.instagram.android/com.instagram.util.startup.appwarmer.KeepWarmReceiver m=0x0}]) take 9009ms in [background], remains 0
07-25 16:13:28.787  1348  1465 D CompatibilityChangeReporter: Compat change id reported: 218533173; UID 10147; state: ENABLED
07-25 16:13:28.789  1348  1465 D CompatibilityChangeReporter: Compat change id reported: 218533173; UID 10150; state: ENABLED
07-25 16:13:28.790  1348  1465 D AlarmManager: Package com.google.android.apps.tachyon for user 0 now in bucket 45
07-25 16:13:28.796  1348  1465 D AlarmManager: Package com.google.android.gm for user 0 now in bucket 20
07-25 16:13:30.074  1348  1375 E UnisocWatchdog: WDT_Monitor: writeWDTMonitor duration=50,shutdowning=false
07-25 16:13:37.513  1348  2802 D BroadcastQueue: Finished with ordered broadcast BroadcastRecord{2d106a5 u0 null} receivers:([ResolveInfo{a17a164 com.instagram.android/com.instagram.util.startup.appwarmer.KeepWarmReceiver m=0x0}]) take 9013ms in [background], remains 0
07-25 16:13:40.460  1348  1348 D TemperatureManagerService: runinAppStartFlag: 0
07-25 16:13:40.460  1348  1348 D TAG     : Country is Empty, set Countrys is DEFAULT_35_DEGREE_COUNYRYS
07-25 16:13:40.461  1348  1348 D TemperatureManagerService: current area is IN support 25 newRegulationsRules,  isTrigger = false, mEnvironmentTemperature is 270, current batteryTemperature is 344
07-25 16:13:40.461  1348  1348 D TemperatureManagerService: current area is IN, mPlugType = 2, mEnvironmentTemperature = 270, current batteryTemperature = 344, switch from 25 newRegulationsRules to 35 oldRegulationsRules
07-25 16:13:40.462  1619  3910 D PowerUI : can't show warning due to - plugged: true status unknown: false
07-25 16:13:40.706  1348  1482 D AlarmManager: waitForAlarm result:8currentTime=1753440220706, elapsedRealtime=44367995
07-25 16:13:46.519  1348  2785 D BroadcastQueue: Finished with ordered broadcast BroadcastRecord{6945fcd u0 null} receivers:([ResolveInfo{69fa783 com.instagram.android/com.instagram.util.startup.appwarmer.KeepWarmReceiver m=0x0}]) take 9006ms in [background], remains 0
07-25 16:13:54.394  1348  1380 W ActivityManager: Stopping service due to app idle: u0a214 -10m6s986ms com.instagram.android/com.instagram.jobscheduler.bgfetch.scheduler.IgBgFetchTaskLifeService
07-25 16:13:55.528  1348  2785 D BroadcastQueue: Finished with ordered broadcast BroadcastRecord{9566d00 u0 null} receivers:([ResolveInfo{b213671 com.instagram.android/com.instagram.util.startup.appwarmer.KeepWarmReceiver m=0x0}]) take 9008ms in [background], remains -1
07-25 16:13:55.531  1348  2785 I ActivityManager: Killing 26460:com.google.android.webview:webview_service/u0a142 (adj 925): empty #5
07-25 16:13:57.360  1619  2191 D PowerUI : can't show warning due to - plugged: true status unknown: false
07-25 16:13:57.361  1348  1348 D TemperatureManagerService: runinAppStartFlag: 0
07-25 16:13:57.361  1348  1348 D TAG     : Country is Empty, set Countrys is DEFAULT_35_DEGREE_COUNYRYS
07-25 16:13:57.363  1348  1348 D TemperatureManagerService: current area is IN support 25 newRegulationsRules,  isTrigger = false, mEnvironmentTemperature is 270, current batteryTemperature is 343
07-25 16:13:57.363  1348  1348 D TemperatureManagerService: current area is IN, mPlugType = 2, mEnvironmentTemperature = 270, current batteryTemperature = 343, switch from 25 newRegulationsRules to 35 oldRegulationsRules
07-25 16:14:00.082  1348  1375 E UnisocWatchdog: WDT_Monitor: writeWDTMonitor duration=50,shutdowning=false
07-25 16:14:12.558  1619  2190 D PowerUI : can't show warning due to - plugged: true status unknown: false
07-25 16:14:12.561  1348  1348 D TemperatureManagerService: runinAppStartFlag: 0
07-25 16:14:12.561  1348  1348 D TAG     : Country is Empty, set Countrys is DEFAULT_35_DEGREE_COUNYRYS
07-25 16:14:12.562  1348  1348 D TemperatureManagerService: current area is IN support 25 newRegulationsRules,  isTrigger = false, mEnvironmentTemperature is 270, current batteryTemperature is 342
07-25 16:14:12.562  1348  1348 D TemperatureManagerService: current area is IN, mPlugType = 2, mEnvironmentTemperature = 270, current batteryTemperature = 342, switch from 25 newRegulationsRules to 35 oldRegulationsRules
07-25 16:14:30.089  1348  1375 E UnisocWatchdog: WDT_Monitor: writeWDTMonitor duration=50,shutdowning=false
07-25 16:14:39.337  1348  1348 D TemperatureManagerService: runinAppStartFlag: 0
07-25 16:14:39.337  1348  1348 D TAG     : Country is Empty, set Countrys is DEFAULT_35_DEGREE_COUNYRYS
07-25 16:14:39.338  1348  1348 D TemperatureManagerService: current area is IN support 25 newRegulationsRules,  isTrigger = false, mEnvironmentTemperature is 270, current batteryTemperature is 341
07-25 16:14:39.338  1348  1348 D TemperatureManagerService: current area is IN, mPlugType = 2, mEnvironmentTemperature = 270, current batteryTemperature = 341, switch from 25 newRegulationsRules to 35 oldRegulationsRules
07-25 16:14:39.340  1619  2192 D PowerUI : can't show warning due to - plugged: true status unknown: false
07-25 16:15:00.096  1348  1375 E UnisocWatchdog: WDT_Monitor: writeWDTMonitor duration=50,shutdowning=false
07-25 16:15:16.459  1348  1348 D TemperatureManagerService: runinAppStartFlag: 0
07-25 16:15:16.461  1348  1348 D TAG     : Country is Empty, set Countrys is DEFAULT_35_DEGREE_COUNYRYS
07-25 16:15:16.462  1619  2198 D PowerUI : can't show warning due to - plugged: true status unknown: false
07-25 16:15:16.462  1348  1348 D TemperatureManagerService: current area is IN support 25 newRegulationsRules,  isTrigger = false, mEnvironmentTemperature is 270, current batteryTemperature is 340
07-25 16:15:16.463  1348  1348 D TemperatureManagerService: current area is IN, mPlugType = 2, mEnvironmentTemperature = 270, current batteryTemperature = 340, switch from 25 newRegulationsRules to 35 oldRegulationsRules
07-25 16:15:25.336  1348  1465 D AlarmManager: Package com.google.android.inputmethod.latin for user 0 now in bucket 40
07-25 16:15:30.103  1348  1375 E UnisocWatchdog: WDT_Monitor: writeWDTMonitor duration=50,shutdowning=false
07-25 16:15:43.341  1348  1348 D TemperatureManagerService: runinAppStartFlag: 0
07-25 16:15:43.341  1348  1348 D TAG     : Country is Empty, set Countrys is DEFAULT_35_DEGREE_COUNYRYS
07-25 16:15:43.342  1348  1348 D TemperatureManagerService: current area is IN support 25 newRegulationsRules,  isTrigger = false, mEnvironmentTemperature is 270, current batteryTemperature is 339
07-25 16:15:43.342  1348  1348 D TemperatureManagerService: current area is IN, mPlugType = 2, mEnvironmentTemperature = 270, current batteryTemperature = 339, switch from 25 newRegulationsRules to 35 oldRegulationsRules
07-25 16:15:43.344  1619  2303 D PowerUI : can't show warning due to - plugged: true status unknown: false
07-25 16:16:00.000  1348  1482 D AlarmManager: waitForAlarm result:8currentTime=1753440360000, elapsedRealtime=44507289
07-25 16:16:00.001  1348  1482 V AlarmManager: Received TIME_TICK alarm; rescheduling
07-25 16:16:00.001  1348  1482 V AlarmManager: set(null) : type=3 listener=com.android.server.alarm.AlarmManagerService$3@490e407 listenerTag=TIME_TICK workSource=null callingPackage=android callingUid=1000 triggerAtTime=44567288 win=0 tElapsed=44567288 maxElapsed=44567288 interval=0 flags=0x9
07-25 16:16:00.006  1348  1482 D AlarmManager: sending alarm.type = 3, action = null, alarm = Alarm{fb4612a type 3 origWhen 44327289 whenElapsed 44327289 android}, cn = null, operation = null, listener=com.android.server.alarm.AlarmManagerService$3@490e407, listenerTag=TIME_TICK, workSource=null
07-25 16:16:00.006  1348  1482 D AlarmManager: sending alarm.type = 3, action = null, alarm = Alarm{5e45b1b type 3 origWhen 44358939 whenElapsed 44358939 android}, cn = null, operation = null, listener=android.app.AlarmManager$ListenerWrapper@4e2e77, listenerTag=*job.delay*, workSource=WorkSource{10075 com.heytap.market}
07-25 16:16:00.009  1348  1348 V AlarmManager: set(null) : type=3 listener=android.app.AlarmManager$ListenerWrapper@4e2e77 listenerTag=*job.delay* workSource=WorkSource{10152 com.google.android.apps.photos} callingPackage=android callingUid=1000 triggerAtTime=44604952 win=73240 tElapsed=44604952 maxElapsed=44678192 interval=0 flags=0x0
07-25 16:16:00.024  1348  1854 D PowerController.RecogA: packageName:com.google.android.gms mFgEvent:SYSTEM_INTERACTION mLastTimeFgEventChanged:44507313 mLastLaunchTime:0 mProcState:PROCESS_STATE_CACHED_EMPTY mLastTimeProcStateChanged:0 mNotificationState:0 mLastTimeNotificationStateChanged:0 mAudioState:0 mLastTimeAudioStateChanged:0 mRequestGps:true mAvoidConstraintGps:false mBehaviorType:0 mScreenOn:false mLastTimeScreenStateChanged:44210478 mLastBgTime:0 mFgDuration:0 mAudioDuration:0 mBgAudioDuration:0 mHasNoClearNotificationWhenNavi:false
07-25 16:16:00.032  1348  1348 D ActivityManager: PROFILE_FROM_SHELL is disabled for ProcessRecord{465e6cd 0:com.facebook.appmanager/u0a99}
07-25 16:16:00.033  1348  1348 D CompatibilityChangeReporter: Compat change id reported: 135634846; UID 10099; state: DISABLED
07-25 16:16:00.033  1348  1348 D CompatibilityChangeReporter: Compat change id reported: 177438394; UID 10099; state: DISABLED
07-25 16:16:00.033  1348  1348 D CompatibilityChangeReporter: Compat change id reported: 135772972; UID 10099; state: DISABLED
07-25 16:16:00.033  1348  1348 D CompatibilityChangeReporter: Compat change id reported: 135754954; UID 10099; state: ENABLED
07-25 16:16:00.034  1348  1381 D ActivityManager: asking zygote to start proc:ProcessRecord{465e6cd 0:com.facebook.appmanager/u0a99}
07-25 16:16:00.034  1348  1381 D CompatibilityChangeReporter: Compat change id reported: 143937733; UID 10099; state: ENABLED
07-25 16:16:00.034  1348  1381 D Prefork : startResult is empty and running normal execution.
07-25 16:16:00.040  1348  1348 D ActivityManager: PROFILE_FROM_SHELL is disabled for ProcessRecord{d7722c9 0:com.whatsapp/u0a213}
07-25 16:16:00.041  1348  1348 D CompatibilityChangeReporter: Compat change id reported: 135634846; UID 10213; state: DISABLED
07-25 16:16:00.041  1348  1348 D CompatibilityChangeReporter: Compat change id reported: 177438394; UID 10213; state: DISABLED
07-25 16:16:00.041  1348  1348 D CompatibilityChangeReporter: Compat change id reported: 135772972; UID 10213; state: DISABLED
07-25 16:16:00.041  1348  1348 D CompatibilityChangeReporter: Compat change id reported: 135754954; UID 10213; state: ENABLED
07-25 16:16:00.051  1348  1381 I ActivityManager: Start proc 27199:com.facebook.appmanager/u0a99 for service {com.facebook.appmanager/com.facebook.analytics2.logger.legacy.uploader.LollipopUploadService}
07-25 16:16:00.051  1348  1381 D ActivityManager: asking zygote to start proc:ProcessRecord{d7722c9 0:com.whatsapp/u0a213}
07-25 16:16:00.051  1348  1381 D CompatibilityChangeReporter: Compat change id reported: 143937733; UID 10213; state: ENABLED
07-25 16:16:00.052  1348  1381 D Prefork : startResult is empty and running normal execution.
07-25 16:16:00.062  1348  1381 I ActivityManager: Start proc 27200:com.whatsapp/u0a213 for service {com.whatsapp/androidx.work.impl.background.systemjob.SystemJobService}
07-25 16:16:00.096  1348  2785 D CompatibilityChangeReporter: Compat change id reported: 168419799; UID 10213; state: DISABLED
07-25 16:16:00.103  1348  1734 D CompatibilityChangeReporter: Compat change id reported: 168419799; UID 10099; state: DISABLED
07-25 16:16:00.110  1348  1375 E UnisocWatchdog: WDT_Monitor: writeWDTMonitor duration=50,shutdowning=false
07-25 16:16:00.177  1348  1482 D AlarmManager: waitForAlarm result:4currentTime=1753440360177, elapsedRealtime=44507466
07-25 16:16:00.181  1348  1482 D AlarmManager: sending alarm.type = 2, action = com.google.android.gms.gcm.HEARTBEAT_ALARM, alarm = Alarm{95de2e7 type 2 origWhen 44507466 whenElapsed 44507466 com.google.android.gms}, cn = null, operation = PendingIntent{c719fdb: PendingIntentRecord{8989e8b com.google.android.gms/com.google.android.gms.gcm broadcastIntent}}, listener=null, listenerTag=null, workSource=null
07-25 16:16:00.187  1348  2785 D BroadcastQueue: Finished with ordered broadcast BroadcastRecord{8bb38a6 u0 com.google.android.gms.gcm.HEARTBEAT_ALARM} receivers:([BroadcastFilter{a48e550 10122/u0 ReceiverList{f338a02 2228 com.google.android.gms.persistent/10122/u0 remote:2eeef4d}}]) take 9ms in [background], remains -1
07-25 16:16:00.192  1348  1734 D CompatibilityChangeReporter: Compat change id reported: 171306433; UID 10122; state: ENABLED
07-25 16:16:00.193  1348  1734 D CompatibilityChangeReporter: Compat change id reported: 218533173; UID 10122; state: ENABLED
07-25 16:16:00.193  1348  1734 V AlarmManager: set(PendingIntent{dc62e94: PendingIntentRecord{8989e8b com.google.android.gms/com.google.android.gms.gcm broadcastIntent}}) : type=2 listener=null listenerTag=null workSource=null callingPackage=com.google.android.gms callingUid=10122 triggerAtTime=44567480 win=0 tElapsed=44567480 maxElapsed=44567480 interval=0 flags=0x21
07-25 16:16:00.365  1348  2785 V AlarmManager: set(PendingIntent{800bc2c: PendingIntentRecord{d725bc9 com.google.android.gms/com.google.android.gms.scheduler broadcastIntent}}) : type=3 listener=null listenerTag=null workSource=WorkSource{10122 com.google.android.gms} callingPackage=com.google.android.gms callingUid=10122 triggerAtTime=44777754 win=202575 tElapsed=44777754 maxElapsed=44980329 interval=0 flags=0x0
07-25 16:16:00.371  1348  1734 D CompatibilityChangeReporter: Compat change id reported: 168419799; UID 10122; state: DISABLED
07-25 16:16:00.423  1348  2525 D CompatibilityChangeReporter: Compat change id reported: 161145287; UID 10099; state: DISABLED
07-25 16:16:00.470  1348  2785 V AlarmManager: set(PendingIntent{f09b9a9: PendingIntentRecord{3fa1a9b com.facebook.appmanager broadcastIntent}}) : type=1 listener=null listenerTag=null workSource=null callingPackage=com.facebook.appmanager callingUid=10099 triggerAtTime=1753699560468 win=3600000 tElapsed=303707757 maxElapsed=307307757 interval=0 flags=0x0
07-25 16:16:00.520  1348  2525 D PackageManager: Considering set com.facebook.appmanager/com.facebook.oxygen.appmanager.helium.trampoline.HeliumSandboxedService's state as 1 with userId = 0, callingPackage = null
07-25 16:16:00.521  1348  2525 D PackageManager: Considering set com.facebook.appmanager/com.facebook.oxygen.appmanager.helium.trampoline.HeliumSandboxedService0's state as 1 with userId = 0, callingPackage = null
07-25 16:16:00.522  1348  2525 D PackageManager: Considering set com.facebook.appmanager/com.facebook.oxygen.appmanager.helium.trampoline.HeliumSandboxedService1's state as 1 with userId = 0, callingPackage = null
07-25 16:16:00.543  1348  2525 D CompatibilityChangeReporter: Compat change id reported: 194532703; UID 10099; state: ENABLED
07-25 16:16:00.569  1348  2802 V AlarmManager: set(PendingIntent{db45978: PendingIntentRecord{8989e8b com.google.android.gms/com.google.android.gms.gcm broadcastIntent}}) : type=2 listener=null listenerTag=null workSource=null callingPackage=com.google.android.gms callingUid=10122 triggerAtTime=44747857 win=0 tElapsed=44747857 maxElapsed=44747857 interval=0 flags=0x21
07-25 16:16:00.580  1348  2785 V AlarmManager: set(PendingIntent{3dcd851: PendingIntentRecord{d725bc9 com.google.android.gms/com.google.android.gms.scheduler broadcastIntent}}) : type=3 listener=null listenerTag=null workSource=WorkSource{10122 com.google.android.gms} callingPackage=com.google.android.gms callingUid=10122 triggerAtTime=44777754 win=202414 tElapsed=44777754 maxElapsed=44980168 interval=0 flags=0x0
07-25 16:16:00.665  1348  2525 I ActivityManager: com.facebook.system is exempt from freezer
07-25 16:16:00.665  1348  2525 D ActivityManager: PROFILE_FROM_SHELL is disabled for ProcessRecord{e96f8b6 0:com.facebook.system/u0a68}
07-25 16:16:00.665  1348  2525 D CompatibilityChangeReporter: Compat change id reported: 135634846; UID 10068; state: DISABLED
07-25 16:16:00.665  1348  2525 D CompatibilityChangeReporter: Compat change id reported: 177438394; UID 10068; state: DISABLED
07-25 16:16:00.665  1348  2525 D CompatibilityChangeReporter: Compat change id reported: 135772972; UID 10068; state: DISABLED
07-25 16:16:00.665  1348  2525 D CompatibilityChangeReporter: Compat change id reported: 135754954; UID 10068; state: ENABLED
07-25 16:16:00.666  1348  1381 D ActivityManager: asking zygote to start proc:ProcessRecord{e96f8b6 0:com.facebook.system/u0a68}
07-25 16:16:00.666  1348  1381 D CompatibilityChangeReporter: Compat change id reported: 143937733; UID 10068; state: ENABLED
07-25 16:16:00.667  1348  1381 D Prefork : startResult is empty and running normal execution.
07-25 16:16:00.679  1348  1381 I ActivityManager: Start proc 27269:com.facebook.system/u0a68 for content provider {com.facebook.system/com.facebook.oxygen.installer.api.AppManagerApiProvider}
07-25 16:16:00.715  1348  2525 D ActivityManager: send provider timeout msg, app: ProcessRecord{e96f8b6 27269:com.facebook.system/u0a68}
07-25 16:16:00.715  1348  2525 D CompatibilityChangeReporter: Compat change id reported: 168419799; UID 10068; state: DISABLED
07-25 16:16:01.031  1348  2525 D ContentProviderHelper: publishContentProviders, remove provider timeout msg, app: ProcessRecord{e96f8b6 27269:com.facebook.system/u0a68}
07-25 16:16:01.066  1348  2525 W PackageManager: try to disable com.facebook.appmanager
07-25 16:16:01.067  1348  2525 W PackageManager: OPERATOR_CODENULL
07-25 16:16:01.067  1348  2525 D PackageManager: Considering set com.facebook.appmanager/com.facebook.oxygen.appmanager.nekodirect.NekoDirectProvider's state as 2 with userId = 0, callingPackage = null
07-25 16:16:01.069 27199 27267 E ActivityThread: Failed to find provider info for com.facebook.appmanager.nekodirect
07-25 16:16:01.070  1348  2525 D PackageManager: Considering set com.facebook.appmanager/com.facebook.oxygen.appmanager.installapi.OxInstallApiProvider's state as 1 with userId = 0, callingPackage = null
07-25 16:16:01.125  1348  2525 D CompatibilityChangeReporter: Compat change id reported: 194532703; UID 10213; state: ENABLED
07-25 16:16:01.127  1348  2785 D PackageManager: Considering set com.facebook.appmanager/com.facebook.oxygen.appmanager.webinstall.WebInstallAppLinkActivityV2's state as 1 with userId = 0, callingPackage = null
07-25 16:16:01.132  1348  2525 D PackageManager: Considering set com.facebook.appmanager/com.facebook.oxygen.appmanager.webinstall.WebInstallAppLinkActivityV2's state as 1 with userId = 0, callingPackage = null
07-25 16:16:01.142  1348  2525 D PackageManager: Considering set com.facebook.appmanager/com.facebook.oxygen.appmanager.webinstall.WebInstallAppLinkIgliteActivity's state as 1 with userId = 0, callingPackage = null
07-25 16:16:01.146  1348  2785 D CompatibilityChangeReporter: Compat change id reported: 161145287; UID 10213; state: DISABLED
07-25 16:16:01.169  1348  2802 W PackageManager: try to disable com.facebook.appmanager
07-25 16:16:01.169  1348  2802 W PackageManager: OPERATOR_CODENULL
07-25 16:16:01.169  1348  2802 D PackageManager: Considering set com.facebook.appmanager/com.facebook.oxygen.appmanager.webinstall.WebInstallAppLinkIgliteActivity's state as 2 with userId = 0, callingPackage = null
07-25 16:16:01.178  1348  2802 D PackageManager: Considering set com.facebook.appmanager/com.facebook.oxygen.appmanager.webinstall.WebInstallAppLinkFbliteActivity's state as 1 with userId = 0, callingPackage = null
07-25 16:16:01.184  1348  2802 D PackageManager: Considering set com.facebook.appmanager/com.facebook.oxygen.appmanager.webinstall.WebInstallAppLinkFB4AActivity's state as 1 with userId = 0, callingPackage = null
07-25 16:16:01.196  1348  2802 D PackageManager: Considering set com.facebook.appmanager/com.facebook.oxygen.appmanager.webinstall.WebInstallAppLinkMetaAIActivity's state as 1 with userId = 0, callingPackage = null
07-25 16:16:01.212  1348  2802 W PackageManager: try to disable com.facebook.appmanager
07-25 16:16:01.212  1348  2802 W PackageManager: OPERATOR_CODENULL
07-25 16:16:01.212  1348  2802 D PackageManager: Considering set com.facebook.appmanager/com.facebook.oxygen.appmanager.webinstall.WebInstallAppLinkMetaAIActivity's state as 2 with userId = 0, callingPackage = null
07-25 16:16:01.217  1348  2802 W PackageManager: try to disable com.facebook.appmanager
07-25 16:16:01.217  1348  2802 W PackageManager: OPERATOR_CODENULL
07-25 16:16:01.217  1348  2802 D PackageManager: Considering set com.facebook.appmanager/com.facebook.oxygen.appmanager.webinstall.WebInstallAppLinkInstagramActivity's state as 2 with userId = 0, callingPackage = null
07-25 16:16:01.229  1348  2785 D PackageManager: Considering set com.facebook.appmanager/com.facebook.oxygen.appmanager.webinstall.WebInstallAppLinkThreadsActivity's state as 1 with userId = 0, callingPackage = null
07-25 16:16:01.237  1348  2802 D PackageManager: Considering set com.facebook.appmanager/com.facebook.oxygen.appmanager.webinstall.WebInstallAppLinkMessengerActivity's state as 1 with userId = 0, callingPackage = null
07-25 16:16:01.245  1348  2525 D PackageManager: Considering set com.facebook.appmanager/com.facebook.oxygen.appmanager.webinstall.WebInstallAppLinkIgliteLoggedOutActivity's state as 1 with userId = 0, callingPackage = null
07-25 16:16:01.249  1348  2802 W PackageManager: try to disable com.facebook.appmanager
07-25 16:16:01.250  1348  2802 W PackageManager: OPERATOR_CODENULL
07-25 16:16:01.250  1348  2802 D PackageManager: Considering set com.facebook.appmanager/com.facebook.oxygen.appmanager.webinstall.WebInstallAppLinkIgliteLoggedOutActivity's state as 2 with userId = 0, callingPackage = null
07-25 16:16:01.255  1348  2525 D PackageManager: Considering set com.facebook.appmanager/com.facebook.oxygen.appmanager.webinstall.WebInstallAppLinkFbliteLoggedOutActivity's state as 1 with userId = 0, callingPackage = null
07-25 16:16:01.262  1348  2802 D PackageManager: Considering set com.facebook.appmanager/com.facebook.oxygen.appmanager.webinstall.WebInstallAppLinkFB4ALoggedOutActivity's state as 1 with userId = 0, callingPackage = null
07-25 16:16:01.268  1348  2802 D PackageManager: Considering set com.facebook.appmanager/com.facebook.oxygen.appmanager.webinstall.WebInstallAppLinkMetaAILoggedOutActivity's state as 1 with userId = 0, callingPackage = null
07-25 16:16:01.276  1348  2802 W PackageManager: try to disable com.facebook.appmanager
07-25 16:16:01.276  1348  2802 W PackageManager: OPERATOR_CODENULL
