07-25 16:04:56.938  1348  1372 I DisplayDeviceRepository: Display device changed: DisplayDeviceInfo{"Built-in Screen": uniqueId="local:0", 720 x 1600, modeId 1, defaultModeId 1, supportedModes [{id=1, width=720, height=1600, fps=60.0, alternativeRefreshRates=[90.0]}, {id=2, width=720, height=1600, fps=90.0, alternativeRefreshRates=[60.0]}], colorMode 0, supportedColorModes [0], hdrCapabilities HdrCapabilities{mSupportedHdrTypes=[], mMaxLuminance=500.0, mMaxAverageLuminance=500.0, mMinLuminance=0.0}, allmSupported false, gameContentTypeSupported false, density 320, 257.577 x 260.512 dpi, appVsyncOff 1000000, presDeadline 16666667, cutout DisplayCutout{insets=Rect(0, 64 - 0, 0) waterfall=Insets{left=0, top=0, right=0, bottom=0} boundingRect={Bounds=[Rect(0, 0 - 0, 0), Rect(322, 0 - 398, 64), Rect(0, 0 - 0, 0), Rect(0, 0 - 0, 0)]} cutoutPathParserInfo={CutoutPathParserInfo{displayWidth=720 displayHeight=1600 physicalDisplayWidth=720 physicalDisplayHeight=1600 density={2.0} cutoutSpec={M -38,0 L -38,64 L 38,64 L 38,0 Z} rotation={0} scale={1.0} physicalPixelDisplaySizeRatio={1.0}}}}, touch INTERNAL, rotation 0, type INTERNAL, address {port=0}, deviceProductInfo null, state ON, frameRateOverride , brightnessMinimum 0.0, brightnessMaximum 1.0, brightnessDefault 0.3167565, FLAG_ALLOWED_TO_BE_DEFAULT_DISPLAY, FLAG_ROTATES_WITH_CONTENT, FLAG_SECURE, FLAG_SUPPORTS_PROTECTED_BUFFERS, installOrientation 0}
07-25 16:04:58.433  1348  1482 D AlarmManager: waitForAlarm result:8currentTime=1753439698433, elapsedRealtime=43845722
07-25 16:04:58.434  1348  1482 V AlarmManager: setRepeat(PendingIntent{a80d86b: PendingIntentRecord{88eefc8 com.whatsapp broadcastIntent}}) : type=3 workSource=null nextElapsed=47410865 orginAlarm=Alarm{c0b3a51 type 3 origWhen 43810865 whenElapsed 43834505 com.whatsapp}
07-25 16:04:58.438  1348  1482 D AlarmManager: sending alarm.type = 3, action = com.whatsapp.action.HOURLY_CRON, alarm = Alarm{c0b3a51 type 3 origWhen 43810865 whenElapsed 43834505 com.whatsapp}, cn = ComponentInfo{com.whatsapp/com.whatsapp.alarmservice.AlarmBroadcastReceiver}, operation = PendingIntent{a80d86b: PendingIntentRecord{88eefc8 com.whatsapp broadcastIntent}}, listener=null, listenerTag=null, workSource=null
07-25 16:04:58.440  1348  1482 D AlarmManager: sending alarm.type = 3, action = com.whatsapp.alarm.CLIENT_PING_PERIODIC, alarm = Alarm{832b2b6 type 3 origWhen 43834473 whenElapsed 43834505 com.whatsapp}, cn = null, operation = PendingIntent{cca0689: PendingIntentRecord{fb896da com.whatsapp broadcastIntent}}, listener=null, listenerTag=null, workSource=null
07-25 16:04:59.955  1348  1375 E UnisocWatchdog: WDT_Monitor: writeWDTMonitor duration=50,shutdowning=false
07-25 16:04:59.999  1348  1482 D AlarmManager: waitForAlarm result:8currentTime=1753439699999, elapsedRealtime=43847288
07-25 16:05:00.000  1348  1482 V AlarmManager: Received TIME_TICK alarm; rescheduling
07-25 16:05:00.000  1348  1482 V AlarmManager: set(null) : type=3 listener=com.android.server.alarm.AlarmManagerService$3@490e407 listenerTag=TIME_TICK workSource=null callingPackage=android callingUid=1000 triggerAtTime=43907289 win=0 tElapsed=43907289 maxElapsed=43907289 interval=0 flags=0x9
07-25 16:05:00.003  1348  1482 D AlarmManager: sending alarm.type = 3, action = null, alarm = Alarm{782eebc type 3 origWhen 43847288 whenElapsed 43847288 android}, cn = null, operation = null, listener=com.android.server.alarm.AlarmManagerService$3@490e407, listenerTag=TIME_TICK, workSource=null
07-25 16:05:00.811  1348  2555 D BroadcastQueue: Finished with ordered broadcast BroadcastRecord{11a2d26 u0 null} receivers:([ResolveInfo{8e51e45 com.instagram.android/com.instagram.util.startup.appwarmer.KeepWarmReceiver m=0x0}]) take 9006ms in [background], remains 4
07-25 16:05:00.815  1348  2555 D CompatibilityChangeReporter: Compat change id reported: 168419799; UID 10203; state: DISABLED
07-25 16:05:00.819  1348  2555 D BroadcastQueue: Finished with ordered broadcast BroadcastRecord{725199a u0 Highlights widget update action} receivers:([ResolveInfo{fb502cb com.linkedin.android/.growth.appactivation.appwidgets.highlights.HighlightsActiveUserListenerBroadcastReceiver m=0x0}]) take 8ms in [background], remains 3
07-25 16:05:00.826  1348  2518 D BroadcastQueue: Finished with ordered broadcast BroadcastRecord{aee3aa8 u0 Games widget update action} receivers:([ResolveInfo{33e59c1 com.linkedin.android/.profile.components.games.widget.GamesWidget$ActiveUserListener m=0x0}]) take 6ms in [background], remains 2
07-25 16:05:00.827  1348  2518 W BroadcastQueue: Background execution not allowed: receiving Intent { act=android.intent.action.USER_PRESENT flg=0x24200010 } to com.android.chrome/org.chromium.chrome.browser.sharing.click_to_call.ClickToCallMessageHandler$PhoneUnlockedReceiver
07-25 16:05:00.830  1348  1380 W BroadcastQueue: Background execution not allowed: receiving Intent { act=android.intent.action.USER_PRESENT flg=0x24200010 } to com.facebook.services/com.facebook.oxygen.services.fbns.RegisteredMqttSystemBroadcastReceiver
07-25 16:05:00.831  1348  1380 W BroadcastQueue: Background execution not allowed: receiving Intent { act=android.intent.action.USER_PRESENT flg=0x24200010 } to com.google.android.gms/.auth.setup.devicesignals.LockScreenReceiver
07-25 16:05:00.831  1348  1380 W BroadcastQueue: Background execution not allowed: receiving Intent { act=android.intent.action.USER_PRESENT flg=0x24200010 } to com.google.android.gms/.chimera.GmsIntentOperationService$PersistentTrustedReceiver
07-25 16:05:00.832  1348  1380 W BroadcastQueue: Permission Denial: broadcasting Intent { act=android.intent.action.USER_PRESENT flg=0x24200010 } from com.android.systemui (pid=1619, uid=10171) to com.heytap.market/com.gamify.space.common.receiver.PresentReceiver is not exported from uid 10075
07-25 16:05:00.832  1348  1380 W BroadcastQueue: Permission Denial: broadcasting Intent { act=android.intent.action.USER_PRESENT flg=0x24200010 } from com.android.systemui (pid=1619, uid=10171) to com.truecaller/.util.ScreenUnlockedBroadcastReceiver is not exported from uid 10220
07-25 16:05:00.832  1348  1380 D BroadcastQueue: Finished with ordered broadcast BroadcastRecord{5f3b6c0 u0 android.intent.action.USER_PRESENT} receivers:([ResolveInfo{d2b3566 com.android.chrome/org.chromium.chrome.browser.sharing.click_to_call.ClickToCallMessageHandler$PhoneUnlockedReceiver m=0x108000}, ResolveInfo{88f00a7 com.facebook.services/com.facebook.oxygen.services.fbns.RegisteredMqttSystemBroadcastReceiver m=0x108000}, ResolveInfo{f405954 com.google.android.gms/.auth.setup.devicesignals.LockScreenReceiver m=0x108000}, ResolveInfo{495d0fd com.google.android.gms/.chimera.GmsIntentOperationService$PersistentTrustedReceiver m=0x108000}, ResolveInfo{a2541f2 com.heytap.market/com.gamify.space.common.receiver.PresentReceiver m=0x108000}, ResolveInfo{f210043 com.truecaller/.util.ScreenUnlockedBroadcastReceiver m=0x108000}]) take 6ms in [background], remains 1
07-25 16:05:00.835  1348  1380 D ActivityManager: PROFILE_FROM_SHELL is disabled for ProcessRecord{2f37ff9 0:com.whatsapp/u0a213}
07-25 16:05:00.836  1348  1380 D CompatibilityChangeReporter: Compat change id reported: 135634846; UID 10213; state: DISABLED
07-25 16:05:00.836  1348  1380 D CompatibilityChangeReporter: Compat change id reported: 177438394; UID 10213; state: DISABLED
07-25 16:05:00.837  1348  1380 D CompatibilityChangeReporter: Compat change id reported: 135772972; UID 10213; state: DISABLED
07-25 16:05:00.837  1348  1380 D CompatibilityChangeReporter: Compat change id reported: 135754954; UID 10213; state: ENABLED
07-25 16:05:00.838  1348  1381 D ActivityManager: asking zygote to start proc:ProcessRecord{2f37ff9 0:com.whatsapp/u0a213}
07-25 16:05:00.838  1348  1381 D CompatibilityChangeReporter: Compat change id reported: 143937733; UID 10213; state: ENABLED
07-25 16:05:00.839  1348  1381 D Prefork : startResult is empty and running normal execution.
07-25 16:05:00.850  1348  1381 I ActivityManager: Start proc 24415:com.whatsapp/u0a213 for broadcast {com.whatsapp/com.whatsapp.alarmservice.AlarmBroadcastReceiver}
07-25 16:05:01.443  1348  2555 D BroadcastQueue: Finished with ordered broadcast BroadcastRecord{2e322b5 u0 com.whatsapp.action.HOURLY_CRON} receivers:([ResolveInfo{bf03531 com.whatsapp/.alarmservice.AlarmBroadcastReceiver m=0x0}]) take 611ms in [background], remains 0
07-25 16:05:01.444  1348  2555 D BroadcastQueue: Finished with ordered broadcast BroadcastRecord{a61c416 u0 com.whatsapp.alarm.CLIENT_PING_PERIODIC} receivers:(null) take 22695047ms in [background], remains -1
07-25 16:05:01.445  1348  2555 W BroadcastQueue: Background execution not allowed: receiving Intent { act=android.intent.action.USER_PRESENT flg=0x24200010 } to com.instagram.android/com.instagram.push.FbnsInitBroadcastReceiver
07-25 16:05:01.449  1348  1380 D BroadcastQueue: Finished with ordered broadcast BroadcastRecord{7d6bf84 u0 android.intent.action.USER_PRESENT} receivers:([ResolveInfo{4636197 com.instagram.android/com.instagram.push.FbnsInitBroadcastReceiver m=0x108000}]) take 4ms in [background], remains -1
07-25 16:05:01.461  1348  2518 D CompatibilityChangeReporter: Compat change id reported: 194532703; UID 10213; state: ENABLED
07-25 16:05:01.526  1348  2518 D CompatibilityChangeReporter: Compat change id reported: 161145287; UID 10213; state: DISABLED
07-25 16:05:01.751  1348  2518 D CompatibilityChangeReporter: Compat change id reported: 171306433; UID 10213; state: ENABLED
07-25 16:05:01.751  1348  2518 D CompatibilityChangeReporter: Compat change id reported: 226439802; UID 10213; state: DISABLED
07-25 16:05:01.752  1348  2518 D CompatibilityChangeReporter: Compat change id reported: 218533173; UID 10213; state: ENABLED
07-25 16:05:01.752  1348  2518 V AlarmManager: set(PendingIntent{1a64db9: PendingIntentRecord{344395e com.whatsapp broadcastIntent}}) : type=0 listener=null listenerTag=null workSource=null callingPackage=com.whatsapp callingUid=10213 triggerAtTime=1753475423000 win=0 tElapsed=79570288 maxElapsed=79570288 interval=0 flags=0x5
07-25 16:05:01.804  1348  2518 V AlarmManager: set(PendingIntent{593a5fe: PendingIntentRecord{e634e08 com.whatsapp broadcastIntent}}) : type=3 listener=null listenerTag=null workSource=null callingPackage=com.whatsapp callingUid=10213 triggerAtTime=87049092 win=32400000 tElapsed=87049092 maxElapsed=119449092 interval=43200000 flags=0x0
07-25 16:05:02.204  1348  2549 D CompatibilityChangeReporter: Compat change id reported: 157233955; UID 10213; state: ENABLED
07-25 16:05:02.712  1348  2555 V AlarmManager: set(PendingIntent{a2dfb5e: PendingIntentRecord{f4abf86 com.whatsapp broadcastIntent}}) : type=2 listener=null listenerTag=null workSource=null callingPackage=com.whatsapp callingUid=10213 triggerAtTime=1415944108 win=0 tElapsed=1415944108 maxElapsed=1415944108 interval=0 flags=0x5
07-25 16:05:02.716  1348  2518 V AlarmManager: set(PendingIntent{dedb3f: PendingIntentRecord{ed62a0c com.whatsapp broadcastIntent}}) : type=0 listener=null listenerTag=null workSource=null callingPackage=com.whatsapp callingUid=10213 triggerAtTime=1753468232000 win=0 tElapsed=72379288 maxElapsed=72379288 interval=0 flags=0x5
07-25 16:05:02.721  1348  2518 V AlarmManager: set(PendingIntent{76abc0c: PendingIntentRecord{23e2b14 com.whatsapp broadcastIntent}}) : type=2 listener=null listenerTag=null workSource=null callingPackage=com.whatsapp callingUid=10213 triggerAtTime=110441345 win=0 tElapsed=110441345 maxElapsed=110441345 interval=0 flags=0x5
07-25 16:05:10.151  1348  2549 D CompatibilityChangeReporter: Compat change id reported: 319212206; UID 10074; state: DISABLED
07-25 16:05:13.314   433 23991 I keystore2: keystore2::watchdog: Watchdog thread idle -> terminating. Have a great day.
07-25 16:05:13.978  1348  2555 V AlarmManager: set(PendingIntent{ca6b635: PendingIntentRecord{fb896da com.whatsapp broadcastIntent}}) : type=3 listener=null listenerTag=null workSource=null callingPackage=com.whatsapp callingUid=10213 triggerAtTime=43876266 win=11250 tElapsed=43876266 maxElapsed=43887516 interval=0 flags=0x0
07-25 16:05:13.979  1348  2518 W ActivityManager: Background start not allowed: service Intent { act=com.whatsapp.messaging.MessageService.START cmp=com.whatsapp/.messaging.MessageService } to com.whatsapp/.messaging.MessageService from pid=24415 uid=10213 pkg=com.whatsapp startFg?=false
07-25 16:05:13.980  1348  2555 V AlarmManager: set(PendingIntent{562b43b: PendingIntentRecord{813ce56 com.whatsapp broadcastIntent}}) : type=2 listener=null listenerTag=null workSource=null callingPackage=com.whatsapp callingUid=10213 triggerAtTime=44461268 win=0 tElapsed=44461268 maxElapsed=44461268 interval=0 flags=0x5
07-25 16:05:14.350  1348  1348 D TemperatureManagerService: runinAppStartFlag: 0
07-25 16:05:14.350  1348  1348 D TAG     : Country is Empty, set Countrys is DEFAULT_35_DEGREE_COUNYRYS
07-25 16:05:14.352  1348  1348 D TemperatureManagerService: current area is IN support 25 newRegulationsRules,  isTrigger = false, mEnvironmentTemperature is 270, current batteryTemperature is 345
07-25 16:05:14.352  1348  1348 D TemperatureManagerService: current area is IN, mPlugType = 2, mEnvironmentTemperature = 270, current batteryTemperature = 345, switch from 25 newRegulationsRules to 35 oldRegulationsRules
07-25 16:05:14.361  1619  2191 D PowerUI : can't show warning due to - plugged: true status unknown: false
07-25 16:05:17.642  1348  2555 I ActivityManager: Killing 24178:com.google.android.webview:webview_service/u0a142 (adj 945): empty #5
07-25 16:05:17.644  1348  2555 I ActivityManager: Killing 23943:com.android.partnerbrowsercustomizations.example/u0a174 (adj 955): empty #6
07-25 16:05:17.644  1348  2555 I ActivityManager: Killing 23600:com.google.android.apps.turbo/u0a120 (adj 965): empty #7
07-25 16:05:17.656  1348  2555 D PackageManager: Considering set com.facebook.services/com.facebook.oxygen.services.fbns.RegisteredMqttSystemBroadcastReceiver's state as 1 with userId = 0, callingPackage = null
07-25 16:05:17.663  1348  2555 D BroadcastQueue: Finished with ordered broadcast BroadcastRecord{c4beaf6 u0 com.facebook.rti.fbns.intent.RECEIVE} receivers:([ResolveInfo{e2e2ef7 com.whatsapp/.infra.push.WAFbnsPreloadReceiver m=0x108000}]) take 10ms in [background], remains -1
07-25 16:05:21.069  1348  1482 D AlarmManager: waitForAlarm result:8currentTime=1753439721069, elapsedRealtime=43868358
07-25 16:05:21.077  1348  1482 D AlarmManager: sending alarm.type = 3, action = com.google.android.gms.auth.authzen.cryptauth.DEVICE_STATE_CHECK_DELAY_COMPLETE, alarm = Alarm{392c3e7 type 3 origWhen 43857109 whenElapsed 43857109 com.google.android.gms}, cn = ComponentInfo{com.google.android.gms/com.google.android.gms.chimera.GmsIntentOperationService}, operation = PendingIntent{9e95ba9: PendingIntentRecord{2d5e04 com.google.android.gms/com.google.android.gms.auth_authzen__phone startService}}, listener=null, listenerTag=null, workSource=WorkSource{10122 com.google.android.gms}
07-25 16:05:21.077  1348  1482 D AlarmManager: sending alarm.type = 3, action = null, alarm = Alarm{8d7fb94 type 3 origWhen 43862047 whenElapsed 43862047 android}, cn = null, operation = null, listener=android.app.AlarmManager$ListenerWrapper@4e2e77, listenerTag=*job.delay*, workSource=WorkSource{10203 com.linkedin.android}
07-25 16:05:21.080  1348  1348 V AlarmManager: set(null) : type=3 listener=android.app.AlarmManager$ListenerWrapper@4e2e77 listenerTag=*job.delay* workSource=WorkSource{10203 com.linkedin.android} callingPackage=android callingUid=1000 triggerAtTime=43898367 win=22498 tElapsed=43898367 maxElapsed=43920865 interval=0 flags=0x0
07-25 16:05:21.087  1348  2778 V AlarmManager: set(PendingIntent{b15663d: PendingIntentRecord{d714e32 com.google.android.gms/com.google.android.gms.container startService}}) : type=3 listener=null listenerTag=null workSource=null callingPackage=com.google.android.gms callingUid=10122 triggerAtTime=315403868375 win=3600000 tElapsed=315403868375 maxElapsed=315407468375 interval=0 flags=0x0
07-25 16:05:24.717  1348  1372 I DisplayDeviceRepository: Display device changed: DisplayDeviceInfo{"Built-in Screen": uniqueId="local:0", 720 x 1600, modeId 2, defaultModeId 1, supportedModes [{id=1, width=720, height=1600, fps=60.0, alternativeRefreshRates=[90.0]}, {id=2, width=720, height=1600, fps=90.0, alternativeRefreshRates=[60.0]}], colorMode 0, supportedColorModes [0], hdrCapabilities HdrCapabilities{mSupportedHdrTypes=[], mMaxLuminance=500.0, mMaxAverageLuminance=500.0, mMinLuminance=0.0}, allmSupported false, gameContentTypeSupported false, density 320, 257.577 x 260.512 dpi, appVsyncOff -4000000, presDeadline 15111111, cutout DisplayCutout{insets=Rect(0, 64 - 0, 0) waterfall=Insets{left=0, top=0, right=0, bottom=0} boundingRect={Bounds=[Rect(0, 0 - 0, 0), Rect(322, 0 - 398, 64), Rect(0, 0 - 0, 0), Rect(0, 0 - 0, 0)]} cutoutPathParserInfo={CutoutPathParserInfo{displayWidth=720 displayHeight=1600 physicalDisplayWidth=720 physicalDisplayHeight=1600 density={2.0} cutoutSpec={M -38,0 L -38,64 L 38,64 L 38,0 Z} rotation={0} scale={1.0} physicalPixelDisplaySizeRatio={1.0}}}}, touch INTERNAL, rotation 0, type INTERNAL, address {port=0}, deviceProductInfo null, state ON, frameRateOverride , brightnessMinimum 0.0, brightnessMaximum 1.0, brightnessDefault 0.3167565, FLAG_ALLOWED_TO_BE_DEFAULT_DISPLAY, FLAG_ROTATES_WITH_CONTENT, FLAG_SECURE, FLAG_SUPPORTS_PROTECTED_BUFFERS, installOrientation 0}
07-25 16:05:25.128  1348  2549 I ActivityManager: Killing 24198:com.linkedin.android/u0a203 (adj 935): empty #5
07-25 16:05:25.188  1348  2549 I ActivityManager: Killing 23667:com.google.process.gservices/u0a122 (adj 945): empty #5
07-25 16:05:25.334  1348  1465 D AlarmManager: Package com.google.android.inputmethod.latin for user 0 now in bucket 10
07-25 16:05:25.355  1348  1348 D TemperatureManagerService: runinAppStartFlag: 0
07-25 16:05:25.355  1348  1348 D TAG     : Country is Empty, set Countrys is DEFAULT_35_DEGREE_COUNYRYS
07-25 16:05:25.355  1348  1348 D TemperatureManagerService: current area is IN support 25 newRegulationsRules,  isTrigger = false, mEnvironmentTemperature is 270, current batteryTemperature is 346
07-25 16:05:25.356  1348  1348 D TemperatureManagerService: current area is IN, mPlugType = 2, mEnvironmentTemperature = 270, current batteryTemperature = 346, switch from 25 newRegulationsRules to 35 oldRegulationsRules
07-25 16:05:25.361  1619  2190 D PowerUI : can't show warning due to - plugged: true status unknown: false
07-25 16:05:25.871  1348  2555 D WindowManager: finishDrawing: syncSeqId=0, postDrawTransaction=android.view.SurfaceControl$Transaction@5f1f065, mSyncState=0, mDrawState=1, hasSyncHandlers=false, mClientWasDrawingForSync=false, win=Window{bf36061 u0 InputMethod}-[Surface(name=*Title#5145)/@0xb95355c]
07-25 16:05:25.896  1348  1856 D CompatibilityChangeReporter: Compat change id reported: 197654537; UID 10213; state: ENABLED
07-25 16:05:27.821  1348  1372 I DisplayDeviceRepository: Display device changed: DisplayDeviceInfo{"Built-in Screen": uniqueId="local:0", 720 x 1600, modeId 1, defaultModeId 1, supportedModes [{id=1, width=720, height=1600, fps=60.0, alternativeRefreshRates=[90.0]}, {id=2, width=720, height=1600, fps=90.0, alternativeRefreshRates=[60.0]}], colorMode 0, supportedColorModes [0], hdrCapabilities HdrCapabilities{mSupportedHdrTypes=[], mMaxLuminance=500.0, mMaxAverageLuminance=500.0, mMinLuminance=0.0}, allmSupported false, gameContentTypeSupported false, density 320, 257.577 x 260.512 dpi, appVsyncOff 1000000, presDeadline 16666667, cutout DisplayCutout{insets=Rect(0, 64 - 0, 0) waterfall=Insets{left=0, top=0, right=0, bottom=0} boundingRect={Bounds=[Rect(0, 0 - 0, 0), Rect(322, 0 - 398, 64), Rect(0, 0 - 0, 0), Rect(0, 0 - 0, 0)]} cutoutPathParserInfo={CutoutPathParserInfo{displayWidth=720 displayHeight=1600 physicalDisplayWidth=720 physicalDisplayHeight=1600 density={2.0} cutoutSpec={M -38,0 L -38,64 L 38,64 L 38,0 Z} rotation={0} scale={1.0} physicalPixelDisplaySizeRatio={1.0}}}}, touch INTERNAL, rotation 0, type INTERNAL, address {port=0}, deviceProductInfo null, state ON, frameRateOverride , brightnessMinimum 0.0, brightnessMaximum 1.0, brightnessDefault 0.3167565, FLAG_ALLOWED_TO_BE_DEFAULT_DISPLAY, FLAG_ROTATES_WITH_CONTENT, FLAG_SECURE, FLAG_SUPPORTS_PROTECTED_BUFFERS, installOrientation 0}
07-25 16:05:28.010  1348  2834 V AlarmManager: set(null) : type=3 listener=android.app.AlarmManager$ListenerWrapper@4e2e77 listenerTag=*job.delay* workSource=WorkSource{10126 com.android.vending} callingPackage=android callingUid=1000 triggerAtTime=43910110 win=26109 tElapsed=43910110 maxElapsed=43936219 interval=0 flags=0x0
07-25 16:05:29.962  1348  1375 E UnisocWatchdog: WDT_Monitor: writeWDTMonitor duration=50,shutdowning=false
07-25 16:05:32.019  1348  2834 I ActivityManager: Killing 24147:com.google.android.webview:sandboxed_process0:org.chromium.content.app.SandboxedProcessService0:0/u0a74i252 (adj 935): empty #5
07-25 16:05:32.062  1348  2834 D ActivityManager:  scheduleServiceRestartLocked  N 0 now 22725665 r ServiceRecord{af0d700 u0 com.glance.lockscreenRealme/org.chromium.content.app.SandboxedProcessService0:0} minDuration 1000
07-25 16:05:32.062  1348  2834 W ActivityManager: Scheduling restart of crashed service com.glance.lockscreenRealme/org.chromium.content.app.SandboxedProcessService0:0 in 1000ms for connection
07-25 16:05:32.081  1348  1387 D KernelCpuUidUserSysTimeReader: Removing uids 99245-99245
07-25 16:05:32.106  1348  2834 D ActivityManager: PROFILE_FROM_SHELL is disabled for ProcessRecord{93a17fd 0:com.google.android.webview:sandboxed_process0:org.chromium.content.app.SandboxedProcessService0:1/u0a74i253}
07-25 16:05:32.107  1348  2834 D CompatibilityChangeReporter: Compat change id reported: 135634846; UID 99253; state: DISABLED
07-25 16:05:32.107  1348  2834 D CompatibilityChangeReporter: Compat change id reported: 177438394; UID 99253; state: DISABLED
07-25 16:05:32.107  1348  2834 D CompatibilityChangeReporter: Compat change id reported: 135772972; UID 99253; state: DISABLED
07-25 16:05:32.107  1348  2834 D CompatibilityChangeReporter: Compat change id reported: 135754954; UID 99253; state: ENABLED
07-25 16:05:32.107  1348  1381 D ActivityManager: asking zygote to start proc:ProcessRecord{93a17fd 0:com.google.android.webview:sandboxed_process0:org.chromium.content.app.SandboxedProcessService0:1/u0a74i253}
07-25 16:05:32.107  1348  1381 D CompatibilityChangeReporter: Compat change id reported: 143937733; UID 10074; state: ENABLED
07-25 16:05:32.124  1348  1381 I ActivityManager: Start proc 24542:com.google.android.webview:sandboxed_process0:org.chromium.content.app.SandboxedProcessService0:1/u0i253 for  {com.glance.lockscreenRealme/org.chromium.content.app.SandboxedProcessService0:1}
07-25 16:05:32.143  1348  2834 D CompatibilityChangeReporter: Compat change id reported: 168419799; UID 10074; state: DISABLED
07-25 16:05:32.179  1348  2834 I ActivityManager: Killing 24193:com.google.android.adservices.api/u0a197 (adj 935): empty #5
07-25 16:05:32.206  1348  2834 D ActivityManager:  scheduleServiceRestartLocked  N 0 now 22725808 r ServiceRecord{54feb89 u0 com.google.android.adservices.api/com.android.adservices.measurement.MeasurementService} minDuration 1000
07-25 16:05:32.206  1348  2834 W ActivityManager: Scheduling restart of crashed service com.google.android.adservices.api/com.android.adservices.measurement.MeasurementService in 1000ms for connection
07-25 16:05:32.300  1348  1659 I ActivityManager: Killing 24542:com.google.android.webview:sandboxed_process0:org.chromium.content.app.SandboxedProcessService0:1/u0a74i253 (adj 0): isolated not needed
07-25 16:05:40.227  1348  1482 D AlarmManager: waitForAlarm result:8currentTime=1753439740227, elapsedRealtime=43887516
07-25 16:05:40.234  1348  1482 D AlarmManager: sending alarm.type = 3, action = com.whatsapp.alarm.CLIENT_PING_PERIODIC, alarm = Alarm{8d81ab type 3 origWhen 43876266 whenElapsed 43876266 com.whatsapp}, cn = null, operation = PendingIntent{ca6b635: PendingIntentRecord{fb896da com.whatsapp broadcastIntent}}, listener=null, listenerTag=null, workSource=null
07-25 16:05:40.236  1348  1659 D BroadcastQueue: Finished with ordered broadcast BroadcastRecord{8e6c7fa u0 com.whatsapp.alarm.CLIENT_PING_PERIODIC} receivers:([BroadcastFilter{6bcdb79 10213/u0 ReceiverList{ae35040 24415 com.whatsapp/10213/u0 remote:1110fc3}}]) take 7ms in [background], remains -1
07-25 16:05:40.243  1348  2834 V AlarmManager: set(PendingIntent{f048008: PendingIntentRecord{21d23a1 com.whatsapp broadcastIntent}}) : type=2 listener=null listenerTag=null workSource=null callingPackage=com.whatsapp callingUid=10213 triggerAtTime=43919530 win=0 tElapsed=43919530 maxElapsed=43919530 interval=0 flags=0x5
07-25 16:05:40.464  1348  1348 D TemperatureManagerService: runinAppStartFlag: 0
07-25 16:05:40.464  1348  1348 D TAG     : Country is Empty, set Countrys is DEFAULT_35_DEGREE_COUNYRYS
07-25 16:05:40.465  1348  1348 D TemperatureManagerService: current area is IN support 25 newRegulationsRules,  isTrigger = false, mEnvironmentTemperature is 270, current batteryTemperature is 347
07-25 16:05:40.465  1348  1348 D TemperatureManagerService: current area is IN, mPlugType = 2, mEnvironmentTemperature = 270, current batteryTemperature = 347, switch from 25 newRegulationsRules to 35 oldRegulationsRules
07-25 16:05:40.473  1619  2192 D PowerUI : can't show warning due to - plugged: true status unknown: false
07-25 16:05:41.663  1348  2555 V AlarmManager: set(PendingIntent{a23a67f: PendingIntentRecord{322c64c com.whatsapp broadcastIntent}}) : type=3 listener=null listenerTag=null workSource=null callingPackage=com.whatsapp callingUid=10213 triggerAtTime=44128950 win=179999 tElapsed=44128950 maxElapsed=44308949 interval=0 flags=0x0
07-25 16:05:59.969  1348  1375 E UnisocWatchdog: WDT_Monitor: writeWDTMonitor duration=50,shutdowning=false
07-25 16:06:00.000  1348  1482 D AlarmManager: waitForAlarm result:8currentTime=1753439760000, elapsedRealtime=43907289
07-25 16:06:00.001  1348  1482 V AlarmManager: Received TIME_TICK alarm; rescheduling
07-25 16:06:00.001  1348  1482 V AlarmManager: set(null) : type=3 listener=com.android.server.alarm.AlarmManagerService$3@490e407 listenerTag=TIME_TICK workSource=null callingPackage=android callingUid=1000 triggerAtTime=43967288 win=0 tElapsed=43967288 maxElapsed=43967288 interval=0 flags=0x9
07-25 16:06:00.003  1348  1482 D AlarmManager: sending alarm.type = 3, action = null, alarm = Alarm{b535680 type 3 origWhen 43907289 whenElapsed 43907289 android}, cn = null, operation = null, listener=com.android.server.alarm.AlarmManagerService$3@490e407, listenerTag=TIME_TICK, workSource=null
07-25 16:06:03.249  1348  1348 D TemperatureManagerService: runinAppStartFlag: 0
07-25 16:06:03.249  1348  1348 D TAG     : Country is Empty, set Countrys is DEFAULT_35_DEGREE_COUNYRYS
07-25 16:06:03.251  1348  1348 D TemperatureManagerService: current area is IN support 25 newRegulationsRules,  isTrigger = false, mEnvironmentTemperature is 270, current batteryTemperature is 346
07-25 16:06:03.251  1348  1348 D TemperatureManagerService: current area is IN, mPlugType = 2, mEnvironmentTemperature = 270, current batteryTemperature = 346, switch from 25 newRegulationsRules to 35 oldRegulationsRules
07-25 16:06:03.260  1619  2198 D PowerUI : can't show warning due to - plugged: true status unknown: false
07-25 16:06:28.930  1348  1482 D AlarmManager: waitForAlarm result:8currentTime=1753439788930, elapsedRealtime=43936219
07-25 16:06:28.932  1348  1482 D AlarmManager: sending alarm.type = 3, action = null, alarm = Alarm{b6cead3 type 3 origWhen 43910110 whenElapsed 43910110 android}, cn = null, operation = null, listener=android.app.AlarmManager$ListenerWrapper@4e2e77, listenerTag=*job.delay*, workSource=WorkSource{10126 com.android.vending}
07-25 16:06:28.934  1348  1348 V AlarmManager: set(null) : type=3 listener=android.app.AlarmManager$ListenerWrapper@4e2e77 listenerTag=*job.delay* workSource=WorkSource{10166 com.android.launcher3} callingPackage=android callingUid=1000 triggerAtTime=43966220 win=22498 tElapsed=43966220 maxElapsed=43988718 interval=0 flags=0x0
07-25 16:06:28.944  1348  1348 I ActivityManager: com.android.vending is exempt from freezer
07-25 16:06:28.944  1348  1348 D ActivityManager: PROFILE_FROM_SHELL is disabled for ProcessRecord{80230e 0:com.android.vending:instant_app_installer/u0a126}
07-25 16:06:28.945  1348  1348 D CompatibilityChangeReporter: Compat change id reported: 135634846; UID 10126; state: DISABLED
07-25 16:06:28.945  1348  1348 D CompatibilityChangeReporter: Compat change id reported: 177438394; UID 10126; state: DISABLED
07-25 16:06:28.945  1348  1348 D CompatibilityChangeReporter: Compat change id reported: 135772972; UID 10126; state: DISABLED
07-25 16:06:28.946  1348  1348 D CompatibilityChangeReporter: Compat change id reported: 135754954; UID 10126; state: ENABLED
07-25 16:06:28.946  1348  1381 D ActivityManager: asking zygote to start proc:ProcessRecord{80230e 0:com.android.vending:instant_app_installer/u0a126}
07-25 16:06:28.947  1348  1381 D CompatibilityChangeReporter: Compat change id reported: 143937733; UID 10126; state: ENABLED
07-25 16:06:28.947  1348  1381 D Prefork : startResult is empty and running normal execution.
07-25 16:06:28.959  1348  1381 I ActivityManager: Start proc 24570:com.android.vending:instant_app_installer/u0a126 for service {com.android.vending/com.google.android.finsky.instantapps.metrics.LogFlushJob}
07-25 16:06:29.642  1348  2834 D ActivityManager: PROFILE_FROM_SHELL is disabled for ProcessRecord{d8cb33b 0:com.google.process.gservices/u0a122}
07-25 16:06:29.643  1348  2834 D CompatibilityChangeReporter: Compat change id reported: 135634846; UID 10122; state: DISABLED
07-25 16:06:29.643  1348  2834 D CompatibilityChangeReporter: Compat change id reported: 177438394; UID 10122; state: DISABLED
07-25 16:06:29.644  1348  2834 D CompatibilityChangeReporter: Compat change id reported: 135772972; UID 10122; state: DISABLED
07-25 16:06:29.644  1348  2834 D CompatibilityChangeReporter: Compat change id reported: 135754954; UID 10122; state: ENABLED
07-25 16:06:29.645  1348  1381 D ActivityManager: asking zygote to start proc:ProcessRecord{d8cb33b 0:com.google.process.gservices/u0a122}
07-25 16:06:29.645  1348  1381 D CompatibilityChangeReporter: Compat change id reported: 143937733; UID 10122; state: ENABLED
07-25 16:06:29.645  1348  1381 D Prefork : startResult is empty and running normal execution.
07-25 16:06:29.660  1348  1381 I ActivityManager: Start proc 24590:com.google.process.gservices/u0a122 for content provider {com.google.android.gsf/com.google.android.gsf.gservices.GservicesProvider}
07-25 16:06:29.685  1348  2834 D ActivityManager: send provider timeout msg, app: ProcessRecord{d8cb33b 24590:com.google.process.gservices/u0a122}
07-25 16:06:29.749  1348  2509 W ActivityManager: Unable to start service Intent { act=com.google.android.gms.gservices.START pkg=com.google.android.gms } U=0: not found
07-25 16:06:29.750  1348  2509 W ActivityManager: Unbind failed: could not find connection for android.os.BinderProxy@dfe406e
07-25 16:06:29.782  1348  2509 D ContentProviderHelper: publishContentProviders, remove provider timeout msg, app: ProcessRecord{d8cb33b 24590:com.google.process.gservices/u0a122}
07-25 16:06:29.901  1348  2509 V AlarmManager: set(null) : type=2 listener=android.app.AlarmManager$ListenerWrapper@a7c3ae4 listenerTag=*job.deadline* workSource=WorkSource{10213 com.whatsapp} callingPackage=android callingUid=1000 triggerAtTime=44363947 win=320067 tElapsed=44363947 maxElapsed=44684014 interval=0 flags=0x0
07-25 16:06:29.909  1348  2834 I ActivityManager: Killing 22963:com.instagram.android/u0a214 (adj 915): empty #5
07-25 16:06:29.912  1348  2834 I ActivityManager: Killing 23992:com.glance.lockscreenRealme/u0a74 (adj 905): empty #6
07-25 16:06:29.976  1348  1375 E UnisocWatchdog: WDT_Monitor: writeWDTMonitor duration=50,shutdowning=false
07-25 16:06:30.026  1348  2834 I ActivityManager: Killing 23811:android.process.acore/u0a52 (adj 945): empty #5
07-25 16:06:30.055  1348  1734 D CountryDetector: No listener is left
07-25 16:06:54.156  1348  1917 I ActivityManager: Killing 24415:com.whatsapp/u0a213 (adj 935): MemAvailable
07-25 16:06:54.217  1348  1776 V ActivityManager: Got obituary of 24415:com.whatsapp
07-25 16:06:59.984  1348  1375 E UnisocWatchdog: WDT_Monitor: writeWDTMonitor duration=50,shutdowning=false
07-25 16:06:59.999  1348  1482 D AlarmManager: waitForAlarm result:8currentTime=1753439819999, elapsedRealtime=43967288
07-25 16:07:00.000  1348  1482 V AlarmManager: Received TIME_TICK alarm; rescheduling
07-25 16:07:00.000  1348  1482 V AlarmManager: set(null) : type=3 listener=com.android.server.alarm.AlarmManagerService$3@490e407 listenerTag=TIME_TICK workSource=null callingPackage=android callingUid=1000 triggerAtTime=44027289 win=0 tElapsed=44027289 maxElapsed=44027289 interval=0 flags=0x9
07-25 16:07:00.004  1348  1482 D AlarmManager: sending alarm.type = 3, action = null, alarm = Alarm{fb6ac3a type 3 origWhen 43967288 whenElapsed 43967288 android}, cn = null, operation = null, listener=com.android.server.alarm.AlarmManagerService$3@490e407, listenerTag=TIME_TICK, workSource=null
07-25 16:07:21.429  1348  1482 D AlarmManager: waitForAlarm result:8currentTime=1753439841429, elapsedRealtime=43988718
07-25 16:07:21.431  1348  1482 D AlarmManager: sending alarm.type = 3, action = null, alarm = Alarm{5ed80cb type 3 origWhen 43966220 whenElapsed 43966220 android}, cn = null, operation = null, listener=android.app.AlarmManager$ListenerWrapper@4e2e77, listenerTag=*job.delay*, workSource=WorkSource{10166 com.android.launcher3}
07-25 16:07:21.432  1348  1348 V AlarmManager: set(null) : type=3 listener=android.app.AlarmManager$ListenerWrapper@4e2e77 listenerTag=*job.delay* workSource=WorkSource{10150 com.google.android.gm} callingPackage=android callingUid=1000 triggerAtTime=44062827 win=55579 tElapsed=44062827 maxElapsed=44118406 interval=0 flags=0x0
07-25 16:07:21.452  1348  1348 D CompatibilityChangeReporter: Compat change id reported: 177438394; UID 10147; state: DISABLED
07-25 16:07:21.452  1348  1348 D CompatibilityChangeReporter: Compat change id reported: 135772972; UID 10147; state: DISABLED
07-25 16:07:21.452  1348  1348 D CompatibilityChangeReporter: Compat change id reported: 135754954; UID 10147; state: ENABLED
07-25 16:07:21.452  1348  1381 D ActivityManager: asking zygote to start proc:ProcessRecord{c5a5efd 0:com.google.android.apps.tachyon/u0a147}
07-25 16:07:21.453  1348  1381 D CompatibilityChangeReporter: Compat change id reported: 143937733; UID 10147; state: ENABLED
07-25 16:07:21.453  1348  1381 D Prefork : startResult is empty and running normal execution.
07-25 16:07:21.463  1348  1381 I ActivityManager: Start proc 24616:com.google.android.apps.tachyon/u0a147 for service {com.google.android.apps.tachyon/androidx.work.impl.background.systemjob.SystemJobService}
07-25 16:07:21.494  1348  1457 D CompatibilityChangeReporter: Compat change id reported: 168419799; UID 10147; state: DISABLED
07-25 16:07:22.327  1348  1776 D CompatibilityChangeReporter: Compat change id reported: 161145287; UID 10147; state: DISABLED
07-25 16:07:22.964  1348  2509 D CompatibilityChangeReporter: Compat change id reported: 319212206; UID 10147; state: ENABLED
07-25 16:07:23.112  1348  2554 D PackageManager: Considering set com.google.android.apps.tachyon/com.google.android.libraries.communications.conference.ui.intents.ChitChatGatewayActivity's state as 1 with userId = 0, callingPackage = null
07-25 16:07:23.113  1348  2554 D PackageManager: Considering set com.google.android.apps.tachyon/com.google.android.libraries.communications.conference.ui.intents.ChitChatGatewayActivity's state as 1 with userId = 0, callingPackage = null
07-25 16:07:23.113  1348  2554 D PackageManager: Considering set com.google.android.apps.tachyon/com.google.android.libraries.communications.conference.ui.intents.TransferCallHandlerActivity's state as 1 with userId = 0, callingPackage = null
07-25 16:07:23.114  1348  2554 D PackageManager: Considering set com.google.android.apps.tachyon/com.google.android.libraries.communications.conference.ui.intents.ConferenceGatewayActivity's state as 1 with userId = 0, callingPackage = null
07-25 16:07:23.114  1348  2554 D PackageManager: Considering set com.google.android.apps.tachyon/com.google.android.libraries.communications.conference.ui.intents.LivestreamHandlerActivity's state as 1 with userId = 0, callingPackage = null
07-25 16:07:23.114  1348  2554 D PackageManager: Considering set com.google.android.apps.tachyon/com.google.android.libraries.communications.conference.ui.intents.ConferenceUrlHandlerActivity's state as 1 with userId = 0, callingPackage = null
07-25 16:07:23.114  1348  2509 D PackageManager: Considering set com.google.android.apps.tachyon/com.google.android.libraries.communications.conference.ui.intents.AssistantNewUrlHandlerActivity's state as 1 with userId = 0, callingPackage = null
07-25 16:07:23.166  1348  2509 D CompatibilityChangeReporter: Compat change id reported: 161252188; UID 10122; state: DISABLED
07-25 16:07:23.213  1348  1457 E AppOps  : Bad call made by uid 10147. Package "com.google.android.gms" does not belong to uid 10147.
07-25 16:07:23.346  1348  2554 D CompatibilityChangeReporter: Compat change id reported: 194532703; UID 10147; state: ENABLED
07-25 16:07:23.642  1348  2509 W Telecom : : registerPhoneAccount - attempt to set a group from a non-system caller.: TSI.rPA@CZA
07-25 16:07:23.645  1348  2509 I Telecom : PhoneAccountRegistrar: Modify account: *******: TSI.rPA@CZA
07-25 16:07:23.652  1348  2509 I Telecom : AppLabelProxy: package com.google.android.apps.tachyon: name is Meet: TSI.rPA@CZA
07-25 16:07:23.656  1348  2509 I Telecom : CallsManager: handlePhoneAccountChanged: phoneAccount=[[X] PhoneAccount: ComponentInfo{com.google.android.apps.tachyon/androidx.core.telecom.internal.JetpackConnectionService}, ***, UserHandle{0} Capabilities: SelfManaged SuppVideo Video  Audio Routes: BESW Schemes: tel  Extras: Bundle[{isCoreTelecomAccount=true}] GroupId: ***]: TSI.rPA@CZA
07-25 16:07:29.991  1348  1375 E UnisocWatchdog: WDT_Monitor: writeWDTMonitor duration=50,shutdowning=false
07-25 16:07:33.357  1348  1348 D TemperatureManagerService: runinAppStartFlag: 0
07-25 16:07:33.357  1348  1348 D TAG     : Country is Empty, set Countrys is DEFAULT_35_DEGREE_COUNYRYS
07-25 16:07:33.358  1348  1348 D TemperatureManagerService: current area is IN support 25 newRegulationsRules,  isTrigger = false, mEnvironmentTemperature is 270, current batteryTemperature is 347
07-25 16:07:33.358  1348  1348 D TemperatureManagerService: current area is IN, mPlugType = 2, mEnvironmentTemperature = 270, current batteryTemperature = 347, switch from 25 newRegulationsRules to 35 oldRegulationsRules
07-25 16:07:33.361  1619  2303 D PowerUI : can't show warning due to - plugged: true status unknown: false
07-25 16:07:37.648  1348  1369 V AlarmManager: set(null) : type=3 listener=android.app.AlarmManager$ListenerWrapper@aa2086d listenerTag=*CountQuotaTracker.cleanup* workSource=null callingPackage=android callingUid=1000 triggerAtTime=44664936 win=494999 tElapsed=44664936 maxElapsed=45159935 interval=0 flags=0x8
07-25 16:07:38.222  1348  1348 D TemperatureManagerService: runinAppStartFlag: 0
07-25 16:07:38.222  1348  1348 D TAG     : Country is Empty, set Countrys is DEFAULT_35_DEGREE_COUNYRYS
07-25 16:07:38.223  1348  1348 D TemperatureManagerService: current area is IN support 25 newRegulationsRules,  isTrigger = false, mEnvironmentTemperature is 270, current batteryTemperature is 346
07-25 16:07:38.223  1348  1348 D TemperatureManagerService: current area is IN, mPlugType = 2, mEnvironmentTemperature = 270, current batteryTemperature = 346, switch from 25 newRegulationsRules to 35 oldRegulationsRules
07-25 16:07:38.227  1619  3793 D PowerUI : can't show warning due to - plugged: true status unknown: false
07-25 16:07:39.494  1348  1482 D AlarmManager: waitForAlarm result:4currentTime=1753439859494, elapsedRealtime=44006783
07-25 16:07:39.505  1348  1482 D AlarmManager: sending alarm.type = 2, action = com.heytap.mcs.action, alarm = Alarm{f94ffab type 2 origWhen 43996783 whenElapsed 43996783 com.heytap.mcs}, cn = null, operation = PendingIntent{f80911c: PendingIntentRecord{94c3482 com.heytap.mcs startService}}, listener=null, listenerTag=null, workSource=null
07-25 16:07:39.551  1348  1457 V AlarmManager: set(PendingIntent{1992608: PendingIntentRecord{94c3482 com.heytap.mcs startService}}) : type=2 listener=null listenerTag=null workSource=null callingPackage=com.heytap.mcs callingUid=1000 triggerAtTime=44291838 win=10000 tElapsed=44291838 maxElapsed=44301838 interval=0 flags=0x8
07-25 16:07:40.087  1348 22329 E KeyValueBackupTask: Error during PM metadata backup
07-25 16:07:40.087  1348 22329 E KeyValueBackupTask: com.android.server.backup.keyvalue.TaskException
07-25 16:07:40.087  1348 22329 E KeyValueBackupTask: 	at com.android.server.backup.keyvalue.KeyValueBackupTask.handleTransportStatus(KeyValueBackupTask.java:1135)
07-25 16:07:40.087  1348 22329 E KeyValueBackupTask: 	at com.android.server.backup.keyvalue.KeyValueBackupTask.sendDataToTransport(KeyValueBackupTask.java:1069)
07-25 16:07:40.087  1348 22329 E KeyValueBackupTask: 	at com.android.server.backup.keyvalue.KeyValueBackupTask.sendDataToTransport(KeyValueBackupTask.java:576)
07-25 16:07:40.087  1348 22329 E KeyValueBackupTask: 	at com.android.server.backup.keyvalue.KeyValueBackupTask.backupPm(KeyValueBackupTask.java:681)
07-25 16:07:40.087  1348 22329 E KeyValueBackupTask: 	at com.android.server.backup.keyvalue.KeyValueBackupTask.run(KeyValueBackupTask.java:367)
07-25 16:07:40.087  1348 22329 E KeyValueBackupTask: 	at java.lang.Thread.run(Thread.java:1119)
07-25 16:07:40.101  1348  2785 D ActivityManager: PROFILE_FROM_SHELL is disabled for ProcessRecord{2e1d252 0:com.google.process.gapps/u0a122}
07-25 16:07:40.101  1348  2785 D CompatibilityChangeReporter: Compat change id reported: 135634846; UID 10122; state: DISABLED
07-25 16:07:40.102  1348  2785 D CompatibilityChangeReporter: Compat change id reported: 177438394; UID 10122; state: DISABLED
07-25 16:07:40.102  1348  2785 D CompatibilityChangeReporter: Compat change id reported: 135772972; UID 10122; state: DISABLED
07-25 16:07:40.102  1348  2785 D CompatibilityChangeReporter: Compat change id reported: 135754954; UID 10122; state: ENABLED
07-25 16:07:40.102  1348  1381 D ActivityManager: asking zygote to start proc:ProcessRecord{2e1d252 0:com.google.process.gapps/u0a122}
07-25 16:07:40.102  1348  1381 D CompatibilityChangeReporter: Compat change id reported: 143937733; UID 10122; state: ENABLED
07-25 16:07:40.103  1348  1381 D Prefork : startResult is empty and running normal execution.
07-25 16:07:40.114  1348  1381 I ActivityManager: Start proc 24727:com.google.process.gapps/u0a122 for content provider {com.google.android.gsf/com.google.android.gsf.settings.GoogleSettingsProvider}
07-25 16:07:40.140  1348  2785 D ActivityManager: send provider timeout msg, app: ProcessRecord{2e1d252 24727:com.google.process.gapps/u0a122}
07-25 16:07:40.247  1348  2785 D CompatibilityChangeReporter: Compat change id reported: 161145287; UID 10122; state: DISABLED
07-25 16:07:40.266  1348  2785 D ContentProviderHelper: publishContentProviders, remove provider timeout msg, app: ProcessRecord{2e1d252 24727:com.google.process.gapps/u0a122}
07-25 16:07:40.278  1348  2785 D CompatibilityChangeReporter: Compat change id reported: 201794303; UID 10122; state: ENABLED
07-25 16:07:40.340  1348 22329 I KeyValueBackupTask: K/V backup pass finished
07-25 16:07:40.348  1348 22329 V BackupManagerService: [UserID:0] Released wakelock:*backup*-0-2438
07-25 16:07:58.890  1348  1482 D AlarmManager: waitForAlarm result:4currentTime=1753439878890, elapsedRealtime=44026179
07-25 16:07:58.898  1348  1482 D AlarmManager: sending alarm.type = 2, action = com.google.android.gms.gcm.HEARTBEAT_ALARM, alarm = Alarm{928790e type 2 origWhen 44026179 whenElapsed 44026179 com.google.android.gms}, cn = null, operation = PendingIntent{7381267: PendingIntentRecord{8989e8b com.google.android.gms/com.google.android.gms.gcm broadcastIntent}}, listener=null, listenerTag=null, workSource=null
07-25 16:07:58.902  1348  2785 D BroadcastQueue: Finished with ordered broadcast BroadcastRecord{fad4309 u0 com.google.android.gms.gcm.HEARTBEAT_ALARM} receivers:([BroadcastFilter{a48e550 10122/u0 ReceiverList{f338a02 2228 com.google.android.gms.persistent/10122/u0 remote:2eeef4d}}]) take 10ms in [background], remains -1
07-25 16:07:58.911  1348  2509 D CompatibilityChangeReporter: Compat change id reported: 171306433; UID 10122; state: ENABLED
07-25 16:07:58.912  1348  2509 D CompatibilityChangeReporter: Compat change id reported: 218533173; UID 10122; state: ENABLED
07-25 16:07:58.912  1348  2509 V AlarmManager: set(PendingIntent{9f1ff2f: PendingIntentRecord{8989e8b com.google.android.gms/com.google.android.gms.gcm broadcastIntent}}) : type=2 listener=null listenerTag=null workSource=null callingPackage=com.google.android.gms callingUid=10122 triggerAtTime=44086199 win=0 tElapsed=44086199 maxElapsed=44086199 interval=0 flags=0x21
07-25 16:07:59.464  1348  2785 V AlarmManager: set(PendingIntent{77181a: PendingIntentRecord{8989e8b com.google.android.gms/com.google.android.gms.gcm broadcastIntent}}) : type=2 listener=null listenerTag=null workSource=null callingPackage=com.google.android.gms callingUid=10122 triggerAtTime=44266752 win=0 tElapsed=44266752 maxElapsed=44266752 interval=0 flags=0x21
07-25 16:07:59.471  1348  1348 D TemperatureManagerService: runinAppStartFlag: 0
07-25 16:07:59.472  1348  1348 D TAG     : Country is Empty, set Countrys is DEFAULT_35_DEGREE_COUNYRYS
07-25 16:07:59.474  1348  1348 D TemperatureManagerService: current area is IN support 25 newRegulationsRules,  isTrigger = false, mEnvironmentTemperature is 270, current batteryTemperature is 347
07-25 16:07:59.474  1348  1348 D TemperatureManagerService: current area is IN, mPlugType = 2, mEnvironmentTemperature = 270, current batteryTemperature = 347, switch from 25 newRegulationsRules to 35 oldRegulationsRules
07-25 16:07:59.479  1619  3909 D PowerUI : can't show warning due to - plugged: true status unknown: false
07-25 16:07:59.998  1348  1375 E UnisocWatchdog: WDT_Monitor: writeWDTMonitor duration=50,shutdowning=false
07-25 16:08:00.000  1348  1482 D AlarmManager: waitForAlarm result:8currentTime=1753439880000, elapsedRealtime=44027289
07-25 16:08:00.001  1348  1482 V AlarmManager: Received TIME_TICK alarm; rescheduling
07-25 16:08:00.001  1348  1482 V AlarmManager: set(null) : type=3 listener=com.android.server.alarm.AlarmManagerService$3@490e407 listenerTag=TIME_TICK workSource=null callingPackage=android callingUid=1000 triggerAtTime=44087289 win=0 tElapsed=44087289 maxElapsed=44087289 interval=0 flags=0x9
07-25 16:08:00.004  1348  1482 D AlarmManager: sending alarm.type = 3, action = null, alarm = Alarm{3300079 type 3 origWhen 44027289 whenElapsed 44027289 android}, cn = null, operation = null, listener=com.android.server.alarm.AlarmManagerService$3@490e407, listenerTag=TIME_TICK, workSource=null
07-25 16:08:03.769  1348  1463 I UsageStatsService: User[0] Flushing usage stats to disk
07-25 16:08:05.512  1348  1372 I DisplayDeviceRepository: Display device changed: DisplayDeviceInfo{"Built-in Screen": uniqueId="local:0", 720 x 1600, modeId 2, defaultModeId 1, supportedModes [{id=1, width=720, height=1600, fps=60.0, alternativeRefreshRates=[90.0]}, {id=2, width=720, height=1600, fps=90.0, alternativeRefreshRates=[60.0]}], colorMode 0, supportedColorModes [0], hdrCapabilities HdrCapabilities{mSupportedHdrTypes=[], mMaxLuminance=500.0, mMaxAverageLuminance=500.0, mMinLuminance=0.0}, allmSupported false, gameContentTypeSupported false, density 320, 257.577 x 260.512 dpi, appVsyncOff -4000000, presDeadline 15111111, cutout DisplayCutout{insets=Rect(0, 64 - 0, 0) waterfall=Insets{left=0, top=0, right=0, bottom=0} boundingRect={Bounds=[Rect(0, 0 - 0, 0), Rect(322, 0 - 398, 64), Rect(0, 0 - 0, 0), Rect(0, 0 - 0, 0)]} cutoutPathParserInfo={CutoutPathParserInfo{displayWidth=720 displayHeight=1600 physicalDisplayWidth=720 physicalDisplayHeight=1600 density={2.0} cutoutSpec={M -38,0 L -38,64 L 38,64 L 38,0 Z} rotation={0} scale={1.0} physicalPixelDisplaySizeRatio={1.0}}}}, touch INTERNAL, rotation 0, type INTERNAL, address {port=0}, deviceProductInfo null, state ON, frameRateOverride , brightnessMinimum 0.0, brightnessMaximum 1.0, brightnessDefault 0.3167565, FLAG_ALLOWED_TO_BE_DEFAULT_DISPLAY, FLAG_ROTATES_WITH_CONTENT, FLAG_SECURE, FLAG_SUPPORTS_PROTECTED_BUFFERS, installOrientation 0}
07-25 16:08:05.531  1348  1363 D WindowManager: finishDrawing: syncSeqId=0, postDrawTransaction=android.view.SurfaceControl$Transaction@f7a4ba5, mSyncState=0, mDrawState=4, hasSyncHandlers=false, mClientWasDrawingForSync=false, win=Window{bf36061 u0 InputMethod}-[Surface(name=*Title#5145)/@0xb95355c]
07-25 16:08:05.531  1348  1363 D WindowManager: finishDrawingLocked: mDrawState=4 ,mLastHidden=false ,mShownAlpha=1.0 ,mLastAlpha=1.0 ,postDrawTransaction=android.view.SurfaceControl$Transaction@f7a4ba5 ,mWin=Window{bf36061 u0 InputMethod}-[Surface(name=*Title#5145)/@0xb95355c]
07-25 16:08:05.531  1348  1363 D WindowManager: finishDrawingLocked: syncTransaction=android.view.SurfaceControl$Transaction@fae7f7 ,mSyncTransaction=android.view.SurfaceControl$Transaction@69ec9e9 ,mWin=Window{bf36061 u0 InputMethod}-[Surface(name=*Title#5145)/@0xb95355c]
07-25 16:08:05.542  1348  2554 D CompatibilityChangeReporter: Compat change id reported: 161252188; UID 10253; state: DISABLED
