07-25 16:08:59.254  1348  2778 I WindowManager: Input focus has changed to Window{eb9d22b u0 NotificationShade}-[Surface(name=*Title#5188)/@0xa801c85] from c4a641 com.Slack/slack.features.messagedetails.MessageDetailsActivity mDisplayId 0 updateInputWindows true, callers=com.android.server.wm.DisplayContent.updateFocusedWindowLocked:3706 com.android.server.wm.RootWindowContainer.updateFocusedWindowLocked:493 com.android.server.wm.WindowManagerService.updateFocusedWindowLocked:6248 com.android.server.wm.WindowManagerService.relayoutWindow:2568 com.android.server.wm.Session.relayout:266 
07-25 16:08:59.273  1348  2778 D WindowManager: finishDrawing: syncSeqId=0, postDrawTransaction=android.view.SurfaceControl$Transaction@af61094, mSyncState=0, mDrawState=1, hasSyncHandlers=false, mClientWasDrawingForSync=false, win=Window{eb9d22b u0 NotificationShade}-[Surface(name=*Title#5188)/@0xa801c85]
07-25 16:08:59.279  1348  1372 I DisplayDeviceRepository: Display device changed: DisplayDeviceInfo{"Built-in Screen": uniqueId="local:0", 720 x 1600, modeId 2, defaultModeId 1, supportedModes [{id=1, width=720, height=1600, fps=60.0, alternativeRefreshRates=[90.0]}, {id=2, width=720, height=1600, fps=90.0, alternativeRefreshRates=[60.0]}], colorMode 0, supportedColorModes [0], hdrCapabilities HdrCapabilities{mSupportedHdrTypes=[], mMaxLuminance=500.0, mMaxAverageLuminance=500.0, mMinLuminance=0.0}, allmSupported false, gameContentTypeSupported false, density 320, 257.577 x 260.512 dpi, appVsyncOff -4000000, presDeadline 15111111, cutout DisplayCutout{insets=Rect(0, 64 - 0, 0) waterfall=Insets{left=0, top=0, right=0, bottom=0} boundingRect={Bounds=[Rect(0, 0 - 0, 0), Rect(322, 0 - 398, 64), Rect(0, 0 - 0, 0), Rect(0, 0 - 0, 0)]} cutoutPathParserInfo={CutoutPathParserInfo{displayWidth=720 displayHeight=1600 physicalDisplayWidth=720 physicalDisplayHeight=1600 density={2.0} cutoutSpec={M -38,0 L -38,64 L 38,64 L 38,0 Z} rotation={0} scale={1.0} physicalPixelDisplaySizeRatio={1.0}}}}, touch INTERNAL, rotation 0, type INTERNAL, address {port=0}, deviceProductInfo null, state ON, frameRateOverride , brightnessMinimum 0.0, brightnessMaximum 1.0, brightnessDefault 0.3167565, FLAG_ALLOWED_TO_BE_DEFAULT_DISPLAY, FLAG_ROTATES_WITH_CONTENT, FLAG_SECURE, FLAG_SUPPORTS_PROTECTED_BUFFERS, installOrientation 0}
07-25 16:08:59.414  1348  2549 I WindowManager: Input focus has changed to Window{c4a641 u0 com.Slack/slack.features.messagedetails.MessageDetailsActivity}-[Surface(name=*Title#5179)/@0x98eedbe] from eb9d22b NotificationShade mDisplayId 0 updateInputWindows true, callers=com.android.server.wm.DisplayContent.updateFocusedWindowLocked:3706 com.android.server.wm.RootWindowContainer.updateFocusedWindowLocked:493 com.android.server.wm.WindowManagerService.updateFocusedWindowLocked:6248 com.android.server.wm.WindowManagerService.relayoutWindow:2568 com.android.server.wm.Session.relayout:266 
07-25 16:08:59.459  1348  1372 I DisplayDeviceRepository: Display device changed: DisplayDeviceInfo{"Built-in Screen": uniqueId="local:0", 720 x 1600, modeId 1, defaultModeId 1, supportedModes [{id=1, width=720, height=1600, fps=60.0, alternativeRefreshRates=[90.0]}, {id=2, width=720, height=1600, fps=90.0, alternativeRefreshRates=[60.0]}], colorMode 0, supportedColorModes [0], hdrCapabilities HdrCapabilities{mSupportedHdrTypes=[], mMaxLuminance=500.0, mMaxAverageLuminance=500.0, mMinLuminance=0.0}, allmSupported false, gameContentTypeSupported false, density 320, 257.577 x 260.512 dpi, appVsyncOff 1000000, presDeadline 16666667, cutout DisplayCutout{insets=Rect(0, 64 - 0, 0) waterfall=Insets{left=0, top=0, right=0, bottom=0} boundingRect={Bounds=[Rect(0, 0 - 0, 0), Rect(322, 0 - 398, 64), Rect(0, 0 - 0, 0), Rect(0, 0 - 0, 0)]} cutoutPathParserInfo={CutoutPathParserInfo{displayWidth=720 displayHeight=1600 physicalDisplayWidth=720 physicalDisplayHeight=1600 density={2.0} cutoutSpec={M -38,0 L -38,64 L 38,64 L 38,0 Z} rotation={0} scale={1.0} physicalPixelDisplaySizeRatio={1.0}}}}, touch INTERNAL, rotation 0, type INTERNAL, address {port=0}, deviceProductInfo null, state ON, frameRateOverride , brightnessMinimum 0.0, brightnessMaximum 1.0, brightnessDefault 0.3167565, FLAG_ALLOWED_TO_BE_DEFAULT_DISPLAY, FLAG_ROTATES_WITH_CONTENT, FLAG_SECURE, FLAG_SUPPORTS_PROTECTED_BUFFERS, installOrientation 0}
07-25 16:09:00.000  1348  1482 D AlarmManager: waitForAlarm result:8currentTime=1753439940000, elapsedRealtime=44087289
07-25 16:09:00.000  1348  1482 V AlarmManager: Received TIME_TICK alarm; rescheduling
07-25 16:09:00.001  1348  1482 V AlarmManager: set(null) : type=3 listener=com.android.server.alarm.AlarmManagerService$3@490e407 listenerTag=TIME_TICK workSource=null callingPackage=android callingUid=1000 triggerAtTime=44147288 win=0 tElapsed=44147288 maxElapsed=44147288 interval=0 flags=0x9
07-25 16:09:00.002  1348  1482 D AlarmManager: sending alarm.type = 3, action = null, alarm = Alarm{80f84e2 type 3 origWhen 44087289 whenElapsed 44087289 android}, cn = null, operation = null, listener=com.android.server.alarm.AlarmManagerService$3@490e407, listenerTag=TIME_TICK, workSource=null
07-25 16:09:00.011  1348  1375 E UnisocWatchdog: WDT_Monitor: writeWDTMonitor duration=50,shutdowning=false
07-25 16:09:05.577  1348  1387 D KernelCpuUidUserSysTimeReader: Removing uids 99246-99246
07-25 16:09:05.578  1348  1387 D KernelCpuUidUserSysTimeReader: Removing uids 99247-99247
07-25 16:09:05.579  1348  1387 D KernelCpuUidUserSysTimeReader: Removing uids 99248-99248
07-25 16:09:05.580  1348  1387 D KernelCpuUidUserSysTimeReader: Removing uids 99249-99249
07-25 16:09:07.622  1348  1456 V AlarmManager: set(null) : type=3 listener=android.app.AlarmManager$ListenerWrapper@4e2e77 listenerTag=*job.delay* workSource=WorkSource{10213 com.whatsapp} callingPackage=android callingUid=1000 triggerAtTime=44111658 win=12561 tElapsed=44111658 maxElapsed=44124219 interval=0 flags=0x0
07-25 16:09:09.357  1348  1348 D TemperatureManagerService: runinAppStartFlag: 0
07-25 16:09:09.357  1348  1348 D TAG     : Country is Empty, set Countrys is DEFAULT_35_DEGREE_COUNYRYS
07-25 16:09:09.357  1348  1348 D TemperatureManagerService: current area is IN support 25 newRegulationsRules,  isTrigger = false, mEnvironmentTemperature is 270, current batteryTemperature is 348
07-25 16:09:09.357  1348  1348 D TemperatureManagerService: current area is IN, mPlugType = 2, mEnvironmentTemperature = 270, current batteryTemperature = 348, switch from 25 newRegulationsRules to 35 oldRegulationsRules
07-25 16:09:09.359  1619  2198 D PowerUI : can't show warning due to - plugged: true status unknown: false
07-25 16:09:14.413  1348  1482 D AlarmManager: waitForAlarm result:8currentTime=1753439954413, elapsedRealtime=44101702
07-25 16:09:14.415  1348  1380 D BroadcastQueue: Finished with ordered broadcast BroadcastRecord{d4d2a8 u0 com.whatsapp.alarm.CLIENT_PING_PERIODIC} receivers:(null) take 22948018ms in [background], remains -1
07-25 16:09:14.417  1348  1482 D AlarmManager: sending alarm.type = 3, action = com.whatsapp.alarm.CLIENT_PING_PERIODIC, alarm = Alarm{8bd11c1 type 3 origWhen 44090452 whenElapsed 44090452 com.whatsapp}, cn = null, operation = PendingIntent{eea02dd: PendingIntentRecord{2d6fd93 com.whatsapp broadcastIntent}}, listener=null, listenerTag=null, workSource=null
07-25 16:09:19.341  1348  1348 D TemperatureManagerService: runinAppStartFlag: 0
07-25 16:09:19.341  1348  1348 D TAG     : Country is Empty, set Countrys is DEFAULT_35_DEGREE_COUNYRYS
07-25 16:09:19.341  1348  1348 D TemperatureManagerService: current area is IN support 25 newRegulationsRules,  isTrigger = false, mEnvironmentTemperature is 270, current batteryTemperature is 349
07-25 16:09:19.341  1348  1348 D TemperatureManagerService: current area is IN, mPlugType = 2, mEnvironmentTemperature = 270, current batteryTemperature = 349, switch from 25 newRegulationsRules to 35 oldRegulationsRules
07-25 16:09:19.350  1619  2303 D PowerUI : can't show warning due to - plugged: true status unknown: false
07-25 16:09:30.017  1348  1375 E UnisocWatchdog: WDT_Monitor: writeWDTMonitor duration=50,shutdowning=false
07-25 16:09:35.466  1348  1348 D TemperatureManagerService: runinAppStartFlag: 0
07-25 16:09:35.466  1348  1348 D TAG     : Country is Empty, set Countrys is DEFAULT_35_DEGREE_COUNYRYS
07-25 16:09:35.467  1348  1348 D TemperatureManagerService: current area is IN support 25 newRegulationsRules,  isTrigger = false, mEnvironmentTemperature is 270, current batteryTemperature is 350
07-25 16:09:35.468  1348  1348 D TemperatureManagerService: current area is IN, mPlugType = 2, mEnvironmentTemperature = 270, current batteryTemperature = 350, switch from 25 newRegulationsRules to 35 oldRegulationsRules
07-25 16:09:35.472  1619  3793 D PowerUI : can't show warning due to - plugged: true status unknown: false
07-25 16:09:36.930  1348  1482 D AlarmManager: waitForAlarm result:8currentTime=1753439976930, elapsedRealtime=44124219
07-25 16:09:36.932  1348  1482 D AlarmManager: sending alarm.type = 3, action = null, alarm = Alarm{d217849 type 3 origWhen 44111658 whenElapsed 44111658 android}, cn = null, operation = null, listener=android.app.AlarmManager$ListenerWrapper@4e2e77, listenerTag=*job.delay*, workSource=WorkSource{10213 com.whatsapp}
07-25 16:09:36.933  1348  1348 V AlarmManager: set(null) : type=3 listener=android.app.AlarmManager$ListenerWrapper@4e2e77 listenerTag=*job.delay* workSource=WorkSource{10152 com.google.android.apps.photos} callingPackage=android callingUid=1000 triggerAtTime=44237779 win=85168 tElapsed=44237779 maxElapsed=44322947 interval=0 flags=0x0
07-25 16:09:36.950  1348  1348 D ActivityManager: PROFILE_FROM_SHELL is disabled for ProcessRecord{149ea8b 0:com.whatsapp/u0a213}
07-25 16:09:36.950  1348  1348 D CompatibilityChangeReporter: Compat change id reported: 135634846; UID 10213; state: DISABLED
07-25 16:09:36.950  1348  1348 D CompatibilityChangeReporter: Compat change id reported: 177438394; UID 10213; state: DISABLED
07-25 16:09:36.951  1348  1348 D CompatibilityChangeReporter: Compat change id reported: 135772972; UID 10213; state: DISABLED
07-25 16:09:36.951  1348  1348 D CompatibilityChangeReporter: Compat change id reported: 135754954; UID 10213; state: ENABLED
07-25 16:09:36.952  1348  1381 D ActivityManager: asking zygote to start proc:ProcessRecord{149ea8b 0:com.whatsapp/u0a213}
07-25 16:09:36.952  1348  1381 D CompatibilityChangeReporter: Compat change id reported: 143937733; UID 10213; state: ENABLED
07-25 16:09:36.952  1348  1381 D Prefork : startResult is empty and running normal execution.
07-25 16:09:36.967  1348  1381 I ActivityManager: Start proc 25554:com.whatsapp/u0a213 for service {com.whatsapp/androidx.work.impl.background.systemjob.SystemJobService}
07-25 16:09:36.993  1348  2783 D CompatibilityChangeReporter: Compat change id reported: 168419799; UID 10213; state: DISABLED
07-25 16:09:36.997  1348  1404 D AppOps  : PNForegroundeval-evalMode-op:27 ,mode: 4 ,capability: 8
07-25 16:09:36.998  1348  1404 D AppOps  : PNForegroundeval-evalMode-op:26 ,mode: 4 ,capability: 8
07-25 16:09:37.273  1348  1456 D CompatibilityChangeReporter: Compat change id reported: 161145287; UID 10213; state: DISABLED
07-25 16:09:37.282  1348  1456 D CompatibilityChangeReporter: Compat change id reported: 194532703; UID 10213; state: ENABLED
07-25 16:09:37.322  1348  1404 D AppOps  : PNForegroundeval-evalMode-op:27 ,mode: 4 ,capability: 0
07-25 16:09:37.322  1348  1404 D AppOps  : PNForegroundeval-evalMode-op:26 ,mode: 4 ,capability: 0
07-25 16:09:37.444  1348  2040 D CompatibilityChangeReporter: Compat change id reported: 171306433; UID 10213; state: ENABLED
07-25 16:09:37.444  1348  2040 D CompatibilityChangeReporter: Compat change id reported: 226439802; UID 10213; state: DISABLED
07-25 16:09:37.446  1348  2040 D CompatibilityChangeReporter: Compat change id reported: 218533173; UID 10213; state: ENABLED
07-25 16:09:37.446  1348  2040 V AlarmManager: set(PendingIntent{63952e6: PendingIntentRecord{f4abf86 com.whatsapp broadcastIntent}}) : type=2 listener=null listenerTag=null workSource=null callingPackage=com.whatsapp callingUid=10213 triggerAtTime=1415944219 win=0 tElapsed=1415944219 maxElapsed=1415944219 interval=0 flags=0x5
07-25 16:09:37.450  1348  2040 V AlarmManager: set(PendingIntent{18e9027: PendingIntentRecord{344395e com.whatsapp broadcastIntent}}) : type=0 listener=null listenerTag=null workSource=null callingPackage=com.whatsapp callingUid=10213 triggerAtTime=1753475430000 win=0 tElapsed=79577288 maxElapsed=79577288 interval=0 flags=0x5
07-25 16:09:37.457  1348  2040 V AlarmManager: set(PendingIntent{ec972d4: PendingIntentRecord{23e2b14 com.whatsapp broadcastIntent}}) : type=2 listener=null listenerTag=null workSource=null callingPackage=com.whatsapp callingUid=10213 triggerAtTime=110441454 win=0 tElapsed=110441454 maxElapsed=110441454 interval=0 flags=0x5
07-25 16:09:37.461  1348  2040 V AlarmManager: set(PendingIntent{baac7d: PendingIntentRecord{ed62a0c com.whatsapp broadcastIntent}}) : type=0 listener=null listenerTag=null workSource=null callingPackage=com.whatsapp callingUid=10213 triggerAtTime=1753468228000 win=0 tElapsed=72375288 maxElapsed=72375288 interval=0 flags=0x5
07-25 16:09:37.466  1348  2040 V AlarmManager: set(PendingIntent{5b7b772: PendingIntentRecord{e634e08 com.whatsapp broadcastIntent}}) : type=3 listener=null listenerTag=null workSource=null callingPackage=com.whatsapp callingUid=10213 triggerAtTime=87324754 win=32400000 tElapsed=87324754 maxElapsed=119724754 interval=43200000 flags=0x0
07-25 16:09:37.622  1348  2549 D CompatibilityChangeReporter: Compat change id reported: 157233955; UID 10213; state: ENABLED
07-25 16:09:40.287  1348  2040 V AlarmManager: set(null) : type=3 listener=android.app.AlarmManager$ListenerWrapper@4e2e77 listenerTag=*job.delay* workSource=WorkSource{10253 com.Slack} callingPackage=android callingUid=1000 triggerAtTime=44154219 win=19982 tElapsed=44154219 maxElapsed=44174201 interval=0 flags=0x0
07-25 16:09:41.684  1348  2549 W ActivityManager: Background start not allowed: service Intent { act=com.whatsapp.messaging.MessageService.START cmp=com.whatsapp/.messaging.MessageService } to com.whatsapp/.messaging.MessageService from pid=25554 uid=10213 pkg=com.whatsapp startFg?=false
07-25 16:09:41.689  1348  2549 V AlarmManager: set(PendingIntent{f034259: PendingIntentRecord{2d6fd93 com.whatsapp broadcastIntent}}) : type=3 listener=null listenerTag=null workSource=null callingPackage=com.whatsapp callingUid=10213 triggerAtTime=44143977 win=11250 tElapsed=44143977 maxElapsed=44155227 interval=0 flags=0x0
07-25 16:09:41.692  1348  2549 V AlarmManager: set(PendingIntent{f9cab15: PendingIntentRecord{c0464ce com.whatsapp broadcastIntent}}) : type=2 listener=null listenerTag=null workSource=null callingPackage=com.whatsapp callingUid=10213 triggerAtTime=44728977 win=0 tElapsed=44728977 maxElapsed=44728977 interval=0 flags=0x5
07-25 16:09:41.914  1348  2040 I ActivityManager: Killing 25168:com.google.android.gm/u0a150 (adj 935): empty #5
07-25 16:09:43.558  1348  2549 D PackageManager: Considering set com.facebook.services/com.facebook.oxygen.services.fbns.RegisteredMqttSystemBroadcastReceiver's state as 1 with userId = 0, callingPackage = null
07-25 16:09:43.569  1348  1456 D BroadcastQueue: Finished with ordered broadcast BroadcastRecord{3ec73c9 u0 com.facebook.rti.fbns.intent.RECEIVE} receivers:([ResolveInfo{d6abace com.whatsapp/.infra.push.WAFbnsPreloadReceiver m=0x108000}]) take 10ms in [background], remains -1
07-25 16:09:48.724   433 25634 I keystore2: keystore2::watchdog: Watchdog thread idle -> terminating. Have a great day.
07-25 16:09:51.339  1348  1348 D TemperatureManagerService: runinAppStartFlag: 0
07-25 16:09:51.339  1348  1348 D TAG     : Country is Empty, set Countrys is DEFAULT_35_DEGREE_COUNYRYS
07-25 16:09:51.342  1348  1348 D TemperatureManagerService: current area is IN support 25 newRegulationsRules,  isTrigger = false, mEnvironmentTemperature is 270, current batteryTemperature is 349
07-25 16:09:51.342  1348  1348 D TemperatureManagerService: current area is IN, mPlugType = 2, mEnvironmentTemperature = 270, current batteryTemperature = 349, switch from 25 newRegulationsRules to 35 oldRegulationsRules
07-25 16:09:51.349  1619  3909 D PowerUI : can't show warning due to - plugged: true status unknown: false
07-25 16:09:54.185  1348  1362 V AlarmManager: set(null) : type=3 listener=android.app.AlarmManager$ListenerWrapper@4e2e77 listenerTag=*job.delay* workSource=WorkSource{10152 com.google.android.apps.photos} callingPackage=android callingUid=1000 triggerAtTime=44237779 win=72228 tElapsed=44237779 maxElapsed=44310007 interval=0 flags=0x0
07-25 16:09:59.999  1348  1482 D AlarmManager: waitForAlarm result:8currentTime=1753439999999, elapsedRealtime=44147288
07-25 16:10:00.000  1348  1482 V AlarmManager: Received TIME_TICK alarm; rescheduling
07-25 16:10:00.000  1348  1482 V AlarmManager: set(null) : type=3 listener=com.android.server.alarm.AlarmManagerService$3@490e407 listenerTag=TIME_TICK workSource=null callingPackage=android callingUid=1000 triggerAtTime=44207288 win=0 tElapsed=44207288 maxElapsed=44207288 interval=0 flags=0x9
07-25 16:10:00.003  1348  1482 D AlarmManager: sending alarm.type = 3, action = null, alarm = Alarm{87b8aa9 type 3 origWhen 44147288 whenElapsed 44147288 android}, cn = null, operation = null, listener=com.android.server.alarm.AlarmManagerService$3@490e407, listenerTag=TIME_TICK, workSource=null
07-25 16:10:00.024  1348  1375 E UnisocWatchdog: WDT_Monitor: writeWDTMonitor duration=50,shutdowning=false
07-25 16:10:07.938  1348  1482 D AlarmManager: waitForAlarm result:8currentTime=1753440007938, elapsedRealtime=44155227
07-25 16:10:07.943  1348  1482 D AlarmManager: sending alarm.type = 3, action = com.android.server.powercontroller.CHECK_APPSTATE, alarm = Alarm{c55c58c type 3 origWhen 44141687 whenElapsed 44141687 android}, cn = null, operation = PendingIntent{4c749b8: PendingIntentRecord{da0a391 android broadcastIntent}}, listener=null, listenerTag=null, workSource=null
07-25 16:10:07.943  1348  1348 D BroadcastQueue: Finished with ordered broadcast BroadcastRecord{d21abf u0 com.android.server.powercontroller.CHECK_APPSTATE} receivers:([BroadcastFilter{3d4eb6d 1000/u0 ReceiverList{b5a9784 1348 system/1000/u0 local:6af9997}}]) take 4ms in [background], remains -1
07-25 16:10:07.951  1348  1482 D AlarmManager: sending alarm.type = 3, action = com.whatsapp.alarm.CLIENT_PING_PERIODIC, alarm = Alarm{67854ea type 3 origWhen 44143977 whenElapsed 44143977 com.whatsapp}, cn = null, operation = PendingIntent{f034259: PendingIntentRecord{2d6fd93 com.whatsapp broadcastIntent}}, listener=null, listenerTag=null, workSource=null
07-25 16:10:07.952  1348  1853 V AlarmManager: set(PendingIntent{4c749b8: PendingIntentRecord{da0a391 android broadcastIntent}}) : type=3 listener=null listenerTag=null workSource=null callingPackage=android callingUid=1000 triggerAtTime=44455231 win=225000 tElapsed=44455231 maxElapsed=44680231 interval=0 flags=0x8
07-25 16:10:07.953  1348  1362 D BroadcastQueue: Finished with ordered broadcast BroadcastRecord{8fdf4d5 u0 com.whatsapp.alarm.CLIENT_PING_PERIODIC} receivers:([BroadcastFilter{6f986a0 10213/u0 ReceiverList{51ea3a3 25554 com.whatsapp/10213/u0 remote:c8fd6d2}}]) take 6ms in [background], remains -1
07-25 16:10:07.962  1348  1362 V AlarmManager: set(PendingIntent{217a3db: PendingIntentRecord{e5fae78 com.whatsapp broadcastIntent}}) : type=2 listener=null listenerTag=null workSource=null callingPackage=com.whatsapp callingUid=10213 triggerAtTime=44187249 win=0 tElapsed=44187249 maxElapsed=44187249 interval=0 flags=0x5
07-25 16:10:10.295  1348  2549 V AlarmManager: set(null) : type=3 listener=android.app.AlarmManager$ListenerWrapper@4e2e77 listenerTag=*job.delay* workSource=WorkSource{10253 com.Slack} callingPackage=android callingUid=1000 triggerAtTime=44165550 win=0 tElapsed=44165550 maxElapsed=44165550 interval=0 flags=0x0
07-25 16:10:13.243  1348  1362 V AlarmManager: set(PendingIntent{562a2b7: PendingIntentRecord{91d3a24 com.whatsapp broadcastIntent}}) : type=3 listener=null listenerTag=null workSource=null callingPackage=com.whatsapp callingUid=10213 triggerAtTime=44400530 win=179999 tElapsed=44400530 maxElapsed=44580529 interval=0 flags=0x0
07-25 16:10:13.359  1348  1348 D TemperatureManagerService: runinAppStartFlag: 0
07-25 16:10:13.360  1348  1348 D TAG     : Country is Empty, set Countrys is DEFAULT_35_DEGREE_COUNYRYS
07-25 16:10:13.361  1348  1348 D TemperatureManagerService: current area is IN support 25 newRegulationsRules,  isTrigger = false, mEnvironmentTemperature is 270, current batteryTemperature is 348
07-25 16:10:13.362  1348  1348 D TemperatureManagerService: current area is IN, mPlugType = 2, mEnvironmentTemperature = 270, current batteryTemperature = 348, switch from 25 newRegulationsRules to 35 oldRegulationsRules
07-25 16:10:13.367  1619  3910 D PowerUI : can't show warning due to - plugged: true status unknown: false
07-25 16:10:18.225  1348  1348 D TemperatureManagerService: runinAppStartFlag: 0
07-25 16:10:18.226  1348  1348 D TAG     : Country is Empty, set Countrys is DEFAULT_35_DEGREE_COUNYRYS
07-25 16:10:18.226  1348  1348 D TemperatureManagerService: current area is IN support 25 newRegulationsRules,  isTrigger = false, mEnvironmentTemperature is 270, current batteryTemperature is 347
07-25 16:10:18.227  1348  1348 D TemperatureManagerService: current area is IN, mPlugType = 2, mEnvironmentTemperature = 270, current batteryTemperature = 347, switch from 25 newRegulationsRules to 35 oldRegulationsRules
07-25 16:10:18.231  1619  2191 D PowerUI : can't show warning due to - plugged: true status unknown: false
07-25 16:10:18.261  1348  1482 D AlarmManager: waitForAlarm result:8currentTime=1753440018261, elapsedRealtime=44165550
07-25 16:10:18.263  1348  1482 D AlarmManager: sending alarm.type = 3, action = null, alarm = Alarm{6e11743 type 3 origWhen 44165550 whenElapsed 44165550 android}, cn = null, operation = null, listener=android.app.AlarmManager$ListenerWrapper@4e2e77, listenerTag=*job.delay*, workSource=WorkSource{10253 com.Slack}
07-25 16:10:18.263  1348  1348 V AlarmManager: set(null) : type=3 listener=android.app.AlarmManager$ListenerWrapper@4e2e77 listenerTag=*job.delay* workSource=WorkSource{10152 com.google.android.apps.photos} callingPackage=android callingUid=1000 triggerAtTime=44237779 win=54171 tElapsed=44237779 maxElapsed=44291950 interval=0 flags=0x0
07-25 16:10:30.031  1348  1375 E UnisocWatchdog: WDT_Monitor: writeWDTMonitor duration=50,shutdowning=false
07-25 16:10:34.352  1348  1348 D TemperatureManagerService: runinAppStartFlag: 0
07-25 16:10:34.352  1348  1348 D TAG     : Country is Empty, set Countrys is DEFAULT_35_DEGREE_COUNYRYS
07-25 16:10:34.353  1348  1348 D TemperatureManagerService: current area is IN support 25 newRegulationsRules,  isTrigger = false, mEnvironmentTemperature is 270, current batteryTemperature is 346
07-25 16:10:34.353  1348  1348 D TemperatureManagerService: current area is IN, mPlugType = 2, mEnvironmentTemperature = 270, current batteryTemperature = 346, switch from 25 newRegulationsRules to 35 oldRegulationsRules
07-25 16:10:34.361  1619  2190 D PowerUI : can't show warning due to - plugged: true status unknown: false
07-25 16:10:36.997  1348  1387 D KernelCpuUidUserSysTimeReader: Removing uids 99250-99250
07-25 16:10:36.998  1348  1387 D KernelCpuUidUserSysTimeReader: Removing uids 99251-99251
07-25 16:10:36.999  1348  1387 D KernelCpuUidUserSysTimeReader: Removing uids 99252-99252
07-25 16:10:36.999  1348  1387 D KernelCpuUidUserSysTimeReader: Removing uids 99253-99253
07-25 16:10:40.312  1348  1362 V AlarmManager: set(null) : type=3 listener=android.app.AlarmManager$ListenerWrapper@4e2e77 listenerTag=*job.delay* workSource=WorkSource{10253 com.Slack} callingPackage=android callingUid=1000 triggerAtTime=44203551 win=11963 tElapsed=44203551 maxElapsed=44215514 interval=0 flags=0x0
07-25 16:10:41.963   433 25662 I keystore2: keystore2::watchdog: Watchdog thread idle -> terminating. Have a great day.
07-25 16:10:54.425  1348  1917 I ActivityManager: Killing 25554:com.whatsapp/u0a213 (adj 905): MemAvailable
07-25 16:10:54.483  1348  1456 V ActivityManager: Got obituary of 25554:com.whatsapp
07-25 16:10:59.999  1348  1482 D AlarmManager: waitForAlarm result:8currentTime=1753440059999, elapsedRealtime=44207288
07-25 16:11:00.000  1348  1482 V AlarmManager: Received TIME_TICK alarm; rescheduling
07-25 16:11:00.000  1348  1482 V AlarmManager: set(null) : type=3 listener=com.android.server.alarm.AlarmManagerService$3@490e407 listenerTag=TIME_TICK workSource=null callingPackage=android callingUid=1000 triggerAtTime=44267288 win=0 tElapsed=44267288 maxElapsed=44267288 interval=0 flags=0x9
07-25 16:11:00.003  1348  1482 D AlarmManager: sending alarm.type = 3, action = null, alarm = Alarm{41a942d type 3 origWhen 44207288 whenElapsed 44207288 android}, cn = null, operation = null, listener=com.android.server.alarm.AlarmManagerService$3@490e407, listenerTag=TIME_TICK, workSource=null
07-25 16:11:00.038  1348  1375 E UnisocWatchdog: WDT_Monitor: writeWDTMonitor duration=50,shutdowning=false
07-25 16:11:00.981  1348  1373 D WindowManager: Focus not requested, because it has no surface or is not focusable, request window=Window{c4a641 u0 com.Slack/slack.features.messagedetails.MessageDetailsActivity}-[Surface(name=*Title#5179)/@0x98eedbe], mCurrentFocusWindow= c4a641 com.Slack/slack.features.messagedetails.MessageDetailsActivity
07-25 16:11:00.989  1348  1373 D WindowManager: Focus not requested, because it has no surface or is not focusable, request window=Window{c4a641 u0 com.Slack/slack.features.messagedetails.MessageDetailsActivity}-[Surface(name=*Title#5179)/@0x98eedbe], mCurrentFocusWindow= c4a641 com.Slack/slack.features.messagedetails.MessageDetailsActivity
07-25 16:11:01.015  1348  2509 D WindowManager: setFocusedApp mFocusedApp = ActivityRecord{cda0546 u0 com.Slack/slack.features.home.HomeActivity} t16 d0}displayId = 0Callers = com.android.server.wm.ActivityTaskManagerService.setResumedActivityUncheckLocked:4590 com.android.server.wm.TaskFragment.onActivityStateChanged:833 com.android.server.wm.ActivityRecord.setState:5531 com.android.server.wm.TaskFragment.resumeTopActivity:1442 
07-25 16:11:01.020  1348  2509 I WindowManager: Input focus has changed to Window{14c9a87 u0 com.Slack/slack.features.home.HomeActivity}-[Surface(name=*Title#5154)/@0x93f1a6f] from c4a641 com.Slack/slack.features.messagedetails.MessageDetailsActivity mDisplayId 0 updateInputWindows true, callers=com.android.server.wm.DisplayContent.updateFocusedWindowLocked:3706 com.android.server.wm.RootWindowContainer.updateFocusedWindowLocked:493 com.android.server.wm.WindowManagerService.updateFocusedWindowLocked:6248 com.android.server.wm.ActivityTaskManagerService.setResumedActivityUncheckLocked:4592 com.android.server.wm.TaskFragment.onActivityStateChanged:833 
07-25 16:11:01.023  1348  1580 D SSense.TimeUtil: getMillis() Current hour:16, minute:0, seconds:14
07-25 16:11:01.023  1348  1580 D SSense.TimeUtil: getMillis() Current hour:16, minute:11, seconds:1
07-25 16:11:01.025  1348  1372 E SystemServiceRegistry: Manager wrapper not available: payjoy_access_service
07-25 16:11:01.029  1348  1380 I DropBoxManagerService: add tag=system_server_wtf isTagEnabled=true flags=0x2
07-25 16:11:01.030  1348  1380 W DropBoxManagerService: Dropping: system_server_wtf (1683 > 0 bytes)
07-25 16:11:01.044  1348  1380 I DropBoxManagerService: add tag=system_server_wtf isTagEnabled=true flags=0x2
07-25 16:11:01.044  1348  1380 W DropBoxManagerService: Dropping: system_server_wtf (1022 > 0 bytes)
07-25 16:11:01.047  1348  1856 D CompatibilityChangeReporter: Compat change id reported: 197654537; UID 10213; state: ENABLED
07-25 16:11:01.118  1348  2783 D CoreBackPreview: Window{c4a641 u0 com.Slack/slack.features.messagedetails.MessageDetailsActivity}-[Surface(name=*Title#5179)/@0x98eedbe]: Setting back callback null
07-25 16:11:01.453  1348  1659 D PowerManagerService: userActivityNoUpdateLocked: Scene not defined, event:0
07-25 16:11:01.454  1348  1370 D PowerManagerService: userActivityNoUpdateLocked: Scene not defined, event:0
07-25 16:11:01.457  1348  1370 I ActivityTaskManager: START u0 {act=android.intent.action.MAIN cat=[android.intent.category.HOME] flg=0x10000100 cmp=com.android.launcher3/com.android.searchlauncher.SearchLauncher (has extras)} from uid 0, pid 0
07-25 16:11:01.484  1348  1370 D WindowManager: setFocusedApp mFocusedApp = ActivityRecord{64e9d3a u0 com.android.launcher3/com.android.searchlauncher.SearchLauncher} t22 d0}displayId = 0Callers = com.android.server.wm.ActivityTaskManagerService.setResumedActivityUncheckLocked:4590 com.android.server.wm.ActivityRecord.moveFocusableActivityToTop:3306 com.android.server.wm.Task.moveTaskToFront:5636 com.android.server.wm.ActivityStarter.setTargetRootTaskIfNeeded:2929 
07-25 16:11:01.486  1348  1370 I WindowManager: Input focus has changed to null from 14c9a87 com.Slack/slack.features.home.HomeActivity mDisplayId 0 updateInputWindows true, callers=com.android.server.wm.DisplayContent.updateFocusedWindowLocked:3706 com.android.server.wm.RootWindowContainer.updateFocusedWindowLocked:493 com.android.server.wm.WindowManagerService.updateFocusedWindowLocked:6248 com.android.server.wm.ActivityTaskManagerService.setResumedActivityUncheckLocked:4592 com.android.server.wm.ActivityRecord.moveFocusableActivityToTop:3306 
07-25 16:11:01.492  1348  1370 I ActivityTaskManager: ->startActivity for ActivityRecord{111f272 u0 com.android.launcher3/com.android.searchlauncher.SearchLauncher} result:START_TASK_TO_FRONT
07-25 16:11:01.500  1348  1372 E SystemServiceRegistry: Manager wrapper not available: payjoy_access_service
07-25 16:11:01.501  1348  1380 I DropBoxManagerService: add tag=system_server_wtf isTagEnabled=true flags=0x2
07-25 16:11:01.501  1348  1380 W DropBoxManagerService: Dropping: system_server_wtf (1683 > 0 bytes)
07-25 16:11:01.505  1348  1380 I DropBoxManagerService: add tag=system_server_wtf isTagEnabled=true flags=0x2
07-25 16:11:01.506  1348  1380 W DropBoxManagerService: Dropping: system_server_wtf (1022 > 0 bytes)
07-25 16:11:01.509 19112 21197 E ActivityThread: Failed to find provider info for com.android.launcher3.EventContentProvider
07-25 16:11:01.510 19112 21197 E ActivityThread: Failed to find provider info for com.android.launcher3.EventContentProvider
07-25 16:11:01.544  1348  1659 D WindowManager: finishDrawing: syncSeqId=0, postDrawTransaction=android.view.SurfaceControl$Transaction@8478c96, mSyncState=0, mDrawState=1, hasSyncHandlers=false, mClientWasDrawingForSync=false, win=Window{3210dba u0 (1-1)-Window{36e29f9 alpha=1.0 fl=}}-[Surface(name=*Title#5200)/@0xb25cfb1]
07-25 16:11:01.688  1348  2783 I WindowManager: Input focus has changed to Window{adee869 u0 com.android.launcher3/com.android.searchlauncher.SearchLauncher}-[Surface(name=*Title#5201)/@0x6b2fc04] from 14c9a87 com.Slack/slack.features.home.HomeActivity mDisplayId 0 updateInputWindows true, callers=com.android.server.wm.DisplayContent.updateFocusedWindowLocked:3706 com.android.server.wm.RootWindowContainer.updateFocusedWindowLocked:493 com.android.server.wm.WindowManagerService.updateFocusedWindowLocked:6248 com.android.server.wm.WindowManagerService.relayoutWindow:2568 com.android.server.wm.Session.relayout:266 
07-25 16:11:01.696  1348  2509 D CABC    : mPanelName:lcd_hx83108a_boe_mipi_hd
07-25 16:11:01.761  1348  2549 D WindowManager: finishDrawing: syncSeqId=0, postDrawTransaction=android.view.SurfaceControl$Transaction@b59b0f, mSyncState=0, mDrawState=1, hasSyncHandlers=false, mClientWasDrawingForSync=false, win=Window{adee869 u0 com.android.launcher3/com.android.searchlauncher.SearchLauncher}-[Surface(name=*Title#5201)/@0x6b2fc04]
07-25 16:11:02.044  1348  1372 I DisplayDeviceRepository: Display device changed: DisplayDeviceInfo{"Built-in Screen": uniqueId="local:0", 720 x 1600, modeId 2, defaultModeId 1, supportedModes [{id=1, width=720, height=1600, fps=60.0, alternativeRefreshRates=[90.0]}, {id=2, width=720, height=1600, fps=90.0, alternativeRefreshRates=[60.0]}], colorMode 0, supportedColorModes [0], hdrCapabilities HdrCapabilities{mSupportedHdrTypes=[], mMaxLuminance=500.0, mMaxAverageLuminance=500.0, mMinLuminance=0.0}, allmSupported false, gameContentTypeSupported false, density 320, 257.577 x 260.512 dpi, appVsyncOff -4000000, presDeadline 15111111, cutout DisplayCutout{insets=Rect(0, 64 - 0, 0) waterfall=Insets{left=0, top=0, right=0, bottom=0} boundingRect={Bounds=[Rect(0, 0 - 0, 0), Rect(322, 0 - 398, 64), Rect(0, 0 - 0, 0), Rect(0, 0 - 0, 0)]} cutoutPathParserInfo={CutoutPathParserInfo{displayWidth=720 displayHeight=1600 physicalDisplayWidth=720 physicalDisplayHeight=1600 density={2.0} cutoutSpec={M -38,0 L -38,64 L 38,64 L 38,0 Z} rotation={0} scale={1.0} physicalPixelDisplaySizeRatio={1.0}}}}, touch INTERNAL, rotation 0, type INTERNAL, address {port=0}, deviceProductInfo null, state ON, frameRateOverride , brightnessMinimum 0.0, brightnessMaximum 1.0, brightnessDefault 0.3167565, FLAG_ALLOWED_TO_BE_DEFAULT_DISPLAY, FLAG_ROTATES_WITH_CONTENT, FLAG_SECURE, FLAG_SUPPORTS_PROTECTED_BUFFERS, installOrientation 0}
07-25 16:11:02.094  1348  1378 I UnisocAntiAging: do reclaim, freeMem:1356208 KB, mOomMinFree:[434176, 212992, 176128] KB, reclaimLevel:0
07-25 16:11:02.209  1348  1456 W PackageManager: try to disable com.Slack
07-25 16:11:02.209  1348  1456 W PackageManager: OPERATOR_CODENULL
07-25 16:11:02.209  1348  1456 D PackageManager: Considering set com.Slack/slack.features.customstatus.widget.CustomStatusWidgetReceiver's state as 2 with userId = 0, callingPackage = null
07-25 16:11:02.235  1348  1456 V AlarmManager: set(null) : type=3 listener=android.app.AlarmManager$ListenerWrapper@4e2e77 listenerTag=*job.delay* workSource=WorkSource{10152 com.google.android.apps.photos} callingPackage=android callingUid=1000 triggerAtTime=44237779 win=21191 tElapsed=44237779 maxElapsed=44258970 interval=0 flags=0x0
07-25 16:11:02.544  1348  1491 D UnisocGestureLauncherService:  isOkToCall  allowSOS=true
07-25 16:11:02.544  1348  1491 D UnisocGestureLauncherService:  isOkToCall  allowSOS=true
07-25 16:11:02.547  1348  1491 D WindowManager: Receive Input KeyEvent of Powerkey down
07-25 16:11:02.548  1348  1491 I WindowManager: mOppoEngineerHelper.onPwkPressed();
07-25 16:11:02.703  1348  1348 D WindowManager: powerPress: eventTime=23056143 interactive=true count=1 beganFromNonInteractive=false mShortPressOnPowerBehavior=1
07-25 16:11:02.703  1348  1491 D WindowManager: Receive Input KeyEvent of Powerkey up
07-25 16:11:02.703  1348  1491 I WindowManager: mOppoEngineerHelper.onPwkReleased();
07-25 16:11:02.703  1348  1348 I PowerGroup: Powering off display group due to power_button (groupId= 0, uid= 1000)...
07-25 16:11:02.714  1348  1348 I PowerManagerService: Going to sleep due to power_button (uid 1000)...
07-25 16:11:02.716  1348  1372 D AOSP_SafeCenter OplusAccessControlManagerService: onAwakeStateChanged : false
07-25 16:11:02.723  1348  1372 W AOSP_SafeCenter OplusAccessControlManagerService: removeAccessControlPassAsUser : com.android.server.wm.OplusAccessControlManagerService$1.onAwakeStateChanged:321 com.android.server.wm.ActivityTaskManagerService.lambda$onScreenAwakeChanged$3$com-android-server-wm-ActivityTaskManagerService:2875 com.android.server.wm.ActivityTaskManagerService$$ExternalSyntheticLambda13.run:4 android.os.Handler.handleCallback:942 android.os.Handler.dispatchMessage:99 android.os.Looper.loopOnce:201 android.os.Looper.loop:288 android.os.HandlerThread.run:67 com.android.server.ServiceThread.run:44 <bottom of call stack> <bottom of call stack> <bottom of call stack> <bottom of call stack> <bottom of call stack> <bottom of call stack> 
07-25 16:11:02.744  1348  1456 E PowerControllerImpl: isUltraPowerSaveMode, isUltraPowerSave: false
07-25 16:11:02.746  1348  1456 E PowerControllerImpl: isUltraPowerSaveMode, isUltraPowerSave: false
07-25 16:11:02.825  1348  1413 I DisplayPowerController[0]: Blocking screen off
07-25 16:11:02.825  1348  1413 I DisplayPowerController[0]: Unblocked screen off after 0 ms
07-25 16:11:02.826  1348  1413 D UnisocPhoneWindowManager: unregisterThreefingerGesturePointerListener
07-25 16:11:02.860  1348  1413 D ActivityTaskManager: Top Process State changed to PROCESS_STATE_TOP_SLEEPING
07-25 16:11:02.872  1348  1413 D RampAnimator: brightnessFloatToInt animateValue : 0.0 modeData :0
07-25 16:11:02.877  1348  1456 I WindowManager: Input focus has changed to null from adee869 com.android.launcher3/com.android.searchlauncher.SearchLauncher mDisplayId 0 updateInputWindows false, callers=com.android.server.wm.DisplayContent.updateFocusedWindowLocked:3706 com.android.server.wm.RootWindowContainer.updateFocusedWindowLocked:493 com.android.server.wm.WindowManagerService.updateFocusedWindowLocked:6248 com.android.server.wm.ActivityRecord.commitVisibility:5357 com.android.server.wm.ActivityRecord.commitVisibility:5368 
07-25 16:11:02.878  1348  1413 D RampAnimator: setEnhanceMode mLastGammaMode: 0
07-25 16:11:02.878  1348  1413 D RampAnimator: brightnessFloatToInt animateValue : 0.0 modeData :0
07-25 16:11:02.879  1348  1413 D RampAnimator: setEnhanceMode mLastGammaMode: 0
07-25 16:11:02.879  1348  1413 V DisplayPowerController[0]: Brightness [0.0] reason changing to: 'screen_off', previous reason: 'manual'.
07-25 16:11:02.879  1348  1413 I DisplayPowerController[0]: BrightnessEvent: disp=0, brt=0.0, rcmdBrt=NaN, preBrt=NaN, lux=0.0, preLux=0.0, hbmMax=1.0, hbmMode=off, thrmMax=1.0, flags=, reason=screen_off
07-25 16:11:02.893  1348  1372 I DisplayDeviceRepository: Display device changed state: "Built-in Screen", OFF
07-25 16:11:02.920 19112 21197 E ActivityThread: Failed to find provider info for com.android.launcher3.EventContentProvider
07-25 16:11:02.925  1348  1659 I ActivityManager: Killing 31246:com.google.android.googlequicksearchbox:googleapp/u0a127 (adj 900): cached #6
07-25 16:11:02.929 19112 21197 E ActivityThread: Failed to find provider info for com.android.launcher3.EventContentProvider
07-25 16:11:02.978  1348  1378 I UnisocAntiAging: do reclaim, freeMem:1431692 KB, mOomMinFree:[434176, 212992, 176128] KB, reclaimLevel:0
07-25 16:11:03.042  1348  2783 I WindowManager: WIN DEATH: Window{3210dba u0 (1-1)-Window{36e29f9 alpha=1.0 fl=}}*
07-25 16:11:03.062  1348  1458 W ActivityManager: Exception when unbinding service com.google.android.googlequicksearchbox/com.google.android.apps.gsa.nowoverlayservice.DrawerOverlayService
07-25 16:11:03.062  1348  1458 W ActivityManager: android.os.DeadObjectException
07-25 16:11:03.062  1348  1458 W ActivityManager: 	at android.os.BinderProxy.transactNative(Native Method)
07-25 16:11:03.062  1348  1458 W ActivityManager: 	at android.os.BinderProxy.transact(BinderProxy.java:595)
07-25 16:11:03.062  1348  1458 W ActivityManager: 	at android.app.IApplicationThread$Stub$Proxy.scheduleUnbindService(IApplicationThread.java:1394)
07-25 16:11:03.062  1348  1458 W ActivityManager: 	at com.android.server.am.ActiveServices.removeConnectionLocked(ActiveServices.java:5157)
07-25 16:11:03.062  1348  1458 W ActivityManager: 	at com.android.server.am.ActiveServices.unbindServiceLocked(ActiveServices.java:3245)
07-25 16:11:03.062  1348  1458 W ActivityManager: 	at com.android.server.am.ActivityManagerService.unbindService(ActivityManagerService.java:13049)
07-25 16:11:03.062  1348  1458 W ActivityManager: 	at android.app.IActivityManager$Stub.onTransact(IActivityManager.java:2587)
07-25 16:11:03.062  1348  1458 W ActivityManager: 	at com.android.server.am.ActivityManagerService.onTransact(ActivityManagerService.java:2688)
07-25 16:11:03.062  1348  1458 W ActivityManager: 	at android.os.Binder.execTransactInternal(Binder.java:1281)
07-25 16:11:03.062  1348  1458 W ActivityManager: 	at android.os.Binder.execTransact(Binder.java:1244)
07-25 16:11:03.072  1348  1380 W BroadcastQueue: Background execution not allowed: receiving Intent { act=android.intent.action.DROPBOX_ENTRY_ADDED flg=0x10 (has extras) } to com.google.android.gms/.stats.service.DropBoxEntryAddedReceiver
07-25 16:11:03.073  1348  1380 D BroadcastQueue: Finished with ordered broadcast BroadcastRecord{8aed718 u-1 android.intent.action.DROPBOX_ENTRY_ADDED} receivers:([ResolveInfo{93d8afb com.google.android.gms/.stats.service.DropBoxEntryAddedReceiver m=0x108000}]) take 1ms in [background], remains -1
07-25 16:11:03.129  1348  1413 I PowerGroup: Sleeping power group (groupId=0, uid=1000)...
07-25 16:11:03.129  1348  1413 I PowerManagerService: Sleeping (uid 1000)...
07-25 16:11:03.129  1348  1853 D PowerController.BgClean: new VisibleActivities:com.android.launcher3
07-25 16:11:03.129  1348  1853 D PowerController.BgClean: updateVisibleActivities done
07-25 16:11:03.136  1348  1372 W ActivityManager: setHasOverlayUi called on unknown pid: 31246
07-25 16:11:03.142  1348  1372 I StorageManagerService: Cmd send onSecureKeyguardStateChanged isShowing = true mSecureKeyguardShowing = true
07-25 16:11:03.142  1348  1372 D AOSP_SafeCenter OplusAccessControlManagerService: onKeyguardStateChanged : true
07-25 16:11:03.143  1348  1372 W AOSP_SafeCenter OplusAccessControlManagerService: removeAccessControlPassAsUser : com.android.server.wm.OplusAccessControlManagerService$1.onKeyguardStateChanged:330 com.android.server.wm.ActivityTaskManagerService.lambda$setLockScreenShown$2$com-android-server-wm-ActivityTaskManagerService:2866 com.android.server.wm.ActivityTaskManagerService$$ExternalSyntheticLambda18.run:4 android.os.Handler.handleCallback:942 android.os.Handler.dispatchMessage:99 android.os.Looper.loopOnce:201 android.os.Looper.loop:288 android.os.HandlerThread.run:67 com.android.server.ServiceThread.run:44 <bottom of call stack> <bottom of call stack> <bottom of call stack> <bottom of call stack> <bottom of call stack> <bottom of call stack> 
07-25 16:11:03.147  1348  1348 D BiometricService: Sensor ID(4), oemStrength: 4095, updatedStrength: 4095, modality 8, state: 0, cookie: 0, sensorId 4, hasEnrollments: false cannot participate in Keystore operations
07-25 16:11:03.149  1348  1372 I DisplayDeviceRepository: Display device changed: DisplayDeviceInfo{"Built-in Screen": uniqueId="local:0", 720 x 1600, modeId 1, defaultModeId 1, supportedModes [{id=1, width=720, height=1600, fps=60.0, alternativeRefreshRates=[90.0]}, {id=2, width=720, height=1600, fps=90.0, alternativeRefreshRates=[60.0]}], colorMode 0, supportedColorModes [0], hdrCapabilities HdrCapabilities{mSupportedHdrTypes=[], mMaxLuminance=500.0, mMaxAverageLuminance=500.0, mMinLuminance=0.0}, allmSupported false, gameContentTypeSupported false, density 320, 257.577 x 260.512 dpi, appVsyncOff 1000000, presDeadline 16666667, cutout DisplayCutout{insets=Rect(0, 64 - 0, 0) waterfall=Insets{left=0, top=0, right=0, bottom=0} boundingRect={Bounds=[Rect(0, 0 - 0, 0), Rect(322, 0 - 398, 64), Rect(0, 0 - 0, 0), Rect(0, 0 - 0, 0)]} cutoutPathParserInfo={CutoutPathParserInfo{displayWidth=720 displayHeight=1600 physicalDisplayWidth=720 physicalDisplayHeight=1600 density={2.0} cutoutSpec={M -38,0 L -38,64 L 38,64 L 38,0 Z} rotation={0} scale={1.0} physicalPixelDisplaySizeRatio={1.0}}}}, touch INTERNAL, rotation 0, type INTERNAL, address {port=0}, deviceProductInfo null, state OFF, frameRateOverride , brightnessMinimum 0.0, brightnessMaximum 1.0, brightnessDefault 0.3167565, FLAG_ALLOWED_TO_BE_DEFAULT_DISPLAY, FLAG_ROTATES_WITH_CONTENT, FLAG_SECURE, FLAG_SUPPORTS_PROTECTED_BUFFERS, installOrientation 0}
07-25 16:11:03.150   433   465 I keystore2: keystore2::authorization: on_lock_screen_event(LockScreenEvent(1), user_id=0, password.is_some()=false, unlocking_sids=Some([1643839007188323743]))
07-25 16:11:03.150   433   465 I keystore2: keystore2::super_key: Locking screen bound for user 0 sids [1643839007188323743]
07-25 16:11:03.180  1348  2801 D ActivityManager: PROFILE_FROM_SHELL is disabled for ProcessRecord{44601a9 0:com.glance.lockscreenRealme/u0a74}
07-25 16:11:03.180  1348  2801 D CompatibilityChangeReporter: Compat change id reported: 135634846; UID 10074; state: DISABLED
07-25 16:11:03.181  1348  2801 D CompatibilityChangeReporter: Compat change id reported: 177438394; UID 10074; state: DISABLED
07-25 16:11:03.181  1348  2801 D CompatibilityChangeReporter: Compat change id reported: 135772972; UID 10074; state: DISABLED
07-25 16:11:03.181  1348  2801 D CompatibilityChangeReporter: Compat change id reported: 135754954; UID 10074; state: ENABLED
07-25 16:11:03.181  1348  1381 D ActivityManager: asking zygote to start proc:ProcessRecord{44601a9 0:com.glance.lockscreenRealme/u0a74}
07-25 16:11:03.182  1348  1381 D CompatibilityChangeReporter: Compat change id reported: 143937733; UID 10074; state: ENABLED
07-25 16:11:03.182  1348  1381 D Prefork : startResult is empty and running normal execution.
07-25 16:11:03.189  1348  1854 D PowerController.RecogA: packageName:com.google.android.as mFgEvent:SYSTEM_INTERACTION mLastTimeFgEventChanged:19708806 mLastLaunchTime:0 mProcState:PROCESS_STATE_BOUND_FOREGROUND_SERVICE mLastTimeProcStateChanged:93299 mNotificationState:0 mLastTimeNotificationStateChanged:0 mAudioState:0 mLastTimeAudioStateChanged:0 mRequestGps:true mAvoidConstraintGps:false mBehaviorType:0 mScreenOn:false mLastTimeScreenStateChanged:44210478 mLastBgTime:0 mFgDuration:0 mAudioDuration:0 mBgAudioDuration:0 mHasNoClearNotificationWhenNavi:false
07-25 16:11:03.189  1348  1854 D PowerController.RecogA: packageName:com.spreadtrum.ims mFgEvent:SYSTEM_INTERACTION mLastTimeFgEventChanged:716615 mLastLaunchTime:0 mProcState:PROCESS_STATE_CACHED_EMPTY mLastTimeProcStateChanged:0 mNotificationState:0 mLastTimeNotificationStateChanged:0 mAudioState:0 mLastTimeAudioStateChanged:0 mRequestGps:true mAvoidConstraintGps:false mBehaviorType:0 mScreenOn:false mLastTimeScreenStateChanged:44210478 mLastBgTime:0 mFgDuration:0 mAudioDuration:0 mBgAudioDuration:0 mHasNoClearNotificationWhenNavi:false
07-25 16:11:03.189  1348  1854 D PowerController.RecogA: packageName:com.google.android.gms mFgEvent:APP_COMPONENT_USED mLastTimeFgEventChanged:43786859 mLastLaunchTime:0 mProcState:PROCESS_STATE_CACHED_EMPTY mLastTimeProcStateChanged:0 mNotificationState:0 mLastTimeNotificationStateChanged:0 mAudioState:0 mLastTimeAudioStateChanged:0 mRequestGps:true mAvoidConstraintGps:false mBehaviorType:0 mScreenOn:false mLastTimeScreenStateChanged:44210478 mLastBgTime:0 mFgDuration:0 mAudioDuration:0 mBgAudioDuration:0 mHasNoClearNotificationWhenNavi:false
07-25 16:11:03.193  1348  1381 I ActivityManager: Start proc 25698:com.glance.lockscreenRealme/u0a74 for content provider {com.glance.lockscreenRealme/com.glance.data.provider.GlanceProvider}
07-25 16:11:03.199  1348  1348 V AlarmManager: set(null) : type=2 listener=android.app.AlarmManager$ListenerWrapper@540705c listenerTag=JS idleness workSource=null callingPackage=android callingUid=1000 triggerAtTime=46070488 win=300000 tElapsed=46070488 maxElapsed=46370488 interval=0 flags=0x8
07-25 16:11:03.224  1348  1348 D TemperatureManagerService: off mScreenOffBatteryLevel:80
07-25 16:11:03.236  1348  2778 D ActivityManager: send provider timeout msg, app: ProcessRecord{44601a9 25698:com.glance.lockscreenRealme/u0a74}
07-25 16:11:03.238  1348  2778 D CompatibilityChangeReporter: Compat change id reported: 168419799; UID 10074; state: DISABLED
07-25 16:11:03.386  1348  2778 V AlarmManager: set(PendingIntent{d0328eb: PendingIntentRecord{59c5045 com.google.android.gms/com.google.android.gms.scheduler broadcastIntent}}) : type=3 listener=null listenerTag=null workSource=WorkSource{10122 com.google.android.gms} callingPackage=com.google.android.gms callingUid=10122 triggerAtTime=45110674 win=675000 tElapsed=45110674 maxElapsed=45785674 interval=0 flags=0x0
07-25 16:11:03.459  2446  3567 W KeyphraseEnrollmentInfo: No enrollment application supports the given keyphrase/locale: 'X Google'/en_IN
07-25 16:11:03.460  2446  3567 W KeyphraseEnrollmentInfo: No enrollment application supports the given keyphrase/locale: 'X Google'/en_US
07-25 16:11:03.460  2446  3567 W KeyphraseEnrollmentInfo: No enrollment application supports the given keyphrase/locale: 'X Google'/ar_EG
07-25 16:11:03.460  2446  3567 W KeyphraseEnrollmentInfo: No enrollment application supports the given keyphrase/locale: 'X Google'/en_US
07-25 16:11:03.460  2446  3567 W KeyphraseEnrollmentInfo: No enrollment application supports the given keyphrase/locale: 'Ok Google'/en_US
07-25 16:11:03.460  2446  3567 W KeyphraseEnrollmentInfo: No enrollment application supports the given keyphrase/locale: 'Ok Google'/ar_EG
07-25 16:11:03.460  2446  3567 W KeyphraseEnrollmentInfo: No enrollment application supports the given keyphrase/locale: 'Ok Google'/en_US
07-25 16:11:03.460  2446  3567 W KeyphraseEnrollmentInfo: No enrollment application supports the given keyphrase/locale: 'Y Google'/en_IN
07-25 16:11:03.461  1348  2802 I SoundTriggerService: getModuleProperties()
07-25 16:11:03.476  1348  2802 D CompatibilityChangeReporter: Compat change id reported: 168419799; UID 10127; state: DISABLED
07-25 16:11:03.525  1348  1853 V AlarmManager: set(PendingIntent{4c749b8: PendingIntentRecord{da0a391 android broadcastIntent}}) : type=3 listener=null listenerTag=null workSource=null callingPackage=android callingUid=1000 triggerAtTime=44510813 win=225000 tElapsed=44510813 maxElapsed=44735813 interval=0 flags=0x8
