07-25 16:04:49.389  1348  2833 D CompatibilityChangeReporter: Compat change id reported: 161145287; UID 10074; state: DISABLED
07-25 16:04:49.587  1348  1457 D PackageManager: Considering set com.glance.lockscreenRealme/androidx.work.impl.background.systemjob.SystemJobService's state as 1 with userId = 0, callingPackage = null
07-25 16:04:49.591 23992 23992 E ActivityThread: Failed to find provider info for com.glance.glancebridgesdk.provider
07-25 16:04:49.625  1348  1457 D ContentProviderHelper: publishContentProviders, remove provider timeout msg, app: ProcessRecord{9831c8d 23992:com.glance.lockscreenRealme/u0a74}
07-25 16:04:49.744  1348  1457 D BiometricUtils: isEncrypted: false isLockdown: false
07-25 16:04:49.745  1348  1457 E PowerControllerImpl: isUltraPowerSaveMode, isUltraPowerSave: false
07-25 16:04:49.748  1348  1348 D BiometricScheduler/Fingerprint21: [Added] {[97] com.android.server.biometrics.sensors.fingerprint.hidl.FingerprintUpdateActiveUserClient, proto=1, owner=android, cookie=0, requestId=-1, userId=0}, new queue size: 1
07-25 16:04:49.748  1348  1348 D BiometricScheduler/Fingerprint21: [Polled] {[97] com.android.server.biometrics.sensors.fingerprint.hidl.FingerprintUpdateActiveUserClient, proto=1, owner=android, cookie=0, requestId=-1, userId=0}, State: 0
07-25 16:04:49.749  1348  1348 D BiometricScheduler/Fingerprint21: [Started] {[97] com.android.server.biometrics.sensors.fingerprint.hidl.FingerprintUpdateActiveUserClient, proto=1, owner=android, cookie=0, requestId=-1, userId=0}
07-25 16:04:49.749  1348  1348 D FingerprintUpdateActiveUserClient: Already user: com.android.server.biometrics.sensors.fingerprint.hidl.Fingerprint21$$ExternalSyntheticLambda1@6be00d9, returning
07-25 16:04:49.749  1348  1348 D BiometricSchedulerOperation: [Finished / destroy]: {[97] com.android.server.biometrics.sensors.fingerprint.hidl.FingerprintUpdateActiveUserClient, proto=1, owner=android, cookie=0, requestId=-1, userId=0}
07-25 16:04:49.749  1348  1348 V BiometricSchedulerOperation: started: {[97] com.android.server.biometrics.sensors.fingerprint.hidl.FingerprintUpdateActiveUserClient, proto=1, owner=android, cookie=0, requestId=-1, userId=0}, State: 5
07-25 16:04:49.759  1348  1348 D BiometricScheduler/Fingerprint21: [Added] {[98] com.android.server.biometrics.sensors.fingerprint.hidl.FingerprintAuthenticationClient, proto=3, owner=com.android.systemui, cookie=0, requestId=24, userId=0}, new queue size: 1
07-25 16:04:49.759  1348  1348 V BiometricScheduler/Fingerprint21: Not idle, current operation: {[97] com.android.server.biometrics.sensors.fingerprint.hidl.FingerprintUpdateActiveUserClient, proto=1, owner=android, cookie=0, requestId=-1, userId=0}, State: 5
07-25 16:04:49.760  1348  1348 D BiometricScheduler/Fingerprint21: [Finishing] {[97] com.android.server.biometrics.sensors.fingerprint.hidl.FingerprintUpdateActiveUserClient, proto=1, owner=android, cookie=0, requestId=-1, userId=0}, success: true
07-25 16:04:49.760  1348  1348 D BiometricScheduler/Fingerprint21: [Polled] {[98] com.android.server.biometrics.sensors.fingerprint.hidl.FingerprintAuthenticationClient, proto=3, owner=com.android.systemui, cookie=0, requestId=24, userId=0}, State: 0
07-25 16:04:49.760  1348  1348 D GestureAvailabilityTracker: Notifying gesture availability, active=false
07-25 16:04:49.760  1348  1348 D BiometricScheduler/Fingerprint21: [Started] {[98] com.android.server.biometrics.sensors.fingerprint.hidl.FingerprintAuthenticationClient, proto=3, owner=com.android.systemui, cookie=0, requestId=24, userId=0}
07-25 16:04:49.760  1348  1348 D BiometricCoexCoordinator: addAuthenticationClient(OtherFp), client: {[98] com.android.server.biometrics.sensors.fingerprint.hidl.FingerprintAuthenticationClient, proto=3, owner=com.android.systemui, cookie=0, requestId=24, userId=0}
07-25 16:04:49.761  1348  1348 D BiometricStateCallback: State updated from 0 to 2, client {[98] com.android.server.biometrics.sensors.fingerprint.hidl.FingerprintAuthenticationClient, proto=3, owner=com.android.systemui, cookie=0, requestId=24, userId=0}
07-25 16:04:49.762  1348  1348 D Biometrics/AuthenticationClient: Requesting auth for com.android.systemui
07-25 16:04:49.791  1348  1348 V BiometricSchedulerOperation: started: {[98] com.android.server.biometrics.sensors.fingerprint.hidl.FingerprintAuthenticationClient, proto=3, owner=com.android.systemui, cookie=0, requestId=24, userId=0}, State: 2
07-25 16:04:49.821  1348  1457 D CompatibilityChangeReporter: Compat change id reported: 194532703; UID 10074; state: ENABLED
07-25 16:04:49.854  1348  2833 D PowerManagerService: userActivityNoUpdateLocked: Scene not defined, event:0
07-25 16:04:49.855  1348  2833 E PowerControllerImpl: isUltraPowerSaveMode, isUltraPowerSave: false
07-25 16:04:49.862  1348  1348 D CompatibilityChangeReporter: Compat change id reported: 171306433; UID 1000; state: ENABLED
07-25 16:04:49.863  1348  1348 D CompatibilityChangeReporter: Compat change id reported: 218533173; UID 1000; state: ENABLED
07-25 16:04:49.863  1348  1348 V AlarmManager: set(null) : type=2 listener=android.app.AlarmManager$ListenerWrapper@8f8a226 listenerTag=LockSettingsPrimaryAuth.nonStrongBiometricIdleTimeoutForUser workSource=null callingPackage=android callingUid=1000 triggerAtTime=58237150 win=0 tElapsed=58237150 maxElapsed=58237150 interval=0 flags=0x9
07-25 16:04:49.863  1348  1457 E PowerControllerImpl: isUltraPowerSaveMode, isUltraPowerSave: false
07-25 16:04:49.871  1348  1457 D CompatibilityChangeReporter: Compat change id reported: 161145287; UID 10127; state: DISABLED
07-25 16:04:49.916  1348  2833 I WindowManager: Input focus has changed to Window{eb9d22b u0 NotificationShade}-[Surface(name=*Title#5137)/@0x897235f] from adee869 com.android.launcher3/com.android.searchlauncher.SearchLauncher mDisplayId 0 updateInputWindows true, callers=com.android.server.wm.DisplayContent.updateFocusedWindowLocked:3706 com.android.server.wm.RootWindowContainer.updateFocusedWindowLocked:493 com.android.server.wm.WindowManagerService.updateFocusedWindowLocked:6248 com.android.server.wm.WindowManagerService.relayoutWindow:2568 com.android.server.wm.Session.relayout:266 
07-25 16:04:49.983  1348  2833 D CompatibilityChangeReporter: Compat change id reported: 319212206; UID 10074; state: DISABLED
07-25 16:04:49.993  1348  1457 D WindowManager: finishDrawing: syncSeqId=0, postDrawTransaction=android.view.SurfaceControl$Transaction@b75a24f, mSyncState=0, mDrawState=1, hasSyncHandlers=false, mClientWasDrawingForSync=false, win=Window{eb9d22b u0 NotificationShade}-[Surface(name=*Title#5137)/@0x897235f]
07-25 16:04:50.002  1348  2549 E PowerControllerImpl: isUltraPowerSaveMode, isUltraPowerSave: false
07-25 16:04:50.003  1348  2509 V AlarmManager: set(null) : type=0 listener=android.app.IAlarmListener$Stub$Proxy@ebd2ee5 listenerTag=StepCounterPulseHelper workSource=null callingPackage=com.android.systemui callingUid=10171 triggerAtTime=1753443289995 win=0 tElapsed=47437284 maxElapsed=47437284 interval=0 flags=0x9
07-25 16:04:50.005  1348  2833 V AlarmManager: set(PendingIntent{7077bc8: PendingIntentRecord{5ad9e3a com.glance.lockscreenRealme broadcastIntent}}) : type=0 listener=null listenerTag=null workSource=null callingPackage=com.glance.lockscreenRealme callingUid=10074 triggerAtTime=1753468200005 win=64800000 tElapsed=72347294 maxElapsed=137147294 interval=86400000 flags=0x0
07-25 16:04:50.007  1348  2509 V AlarmManager: set(PendingIntent{a96d461: PendingIntentRecord{df4e048 com.glance.lockscreenRealme broadcastIntent}}) : type=0 listener=null listenerTag=null workSource=null callingPackage=com.glance.lockscreenRealme callingUid=10074 triggerAtTime=1753468200006 win=64800000 tElapsed=72347294 maxElapsed=137147294 interval=86400000 flags=0x0
07-25 16:04:50.026  1348  1462 D CompatibilityChangeReporter: Compat change id reported: 151105954; UID 1000; state: ENABLED
07-25 16:04:50.027  1348  1462 E AppOps  : attributionTag  not declared in manifest of com.android.systemui
07-25 16:04:50.029  1348  2549 D WindowManager: finishDrawing: syncSeqId=0, postDrawTransaction=android.view.SurfaceControl$Transaction@b577a12, mSyncState=0, mDrawState=1, hasSyncHandlers=false, mClientWasDrawingForSync=false, win=Window{6685af6 u0 StatusBar}-[Surface(name=*Title#73)/@0xf6bb436]
07-25 16:04:50.029  1348  2549 D WindowManager: finishDrawingLocked: syncTransaction=android.view.SurfaceControl$Transaction@fae7f7 ,mSyncTransaction=android.view.SurfaceControl$Transaction@d8c3664 ,mWin=Window{6685af6 u0 StatusBar}-[Surface(name=*Title#73)/@0xf6bb436]
07-25 16:04:50.036  1348  2833 D WindowManager: finishDrawing: syncSeqId=0, postDrawTransaction=android.view.SurfaceControl$Transaction@44cae99, mSyncState=0, mDrawState=4, hasSyncHandlers=false, mClientWasDrawingForSync=false, win=Window{eb9d22b u0 NotificationShade}-[Surface(name=*Title#5137)/@0x897235f]
07-25 16:04:50.036  1348  2833 D WindowManager: finishDrawingLocked: mDrawState=4 ,mLastHidden=false ,mShownAlpha=1.0 ,mLastAlpha=1.0 ,postDrawTransaction=android.view.SurfaceControl$Transaction@44cae99 ,mWin=Window{eb9d22b u0 NotificationShade}-[Surface(name=*Title#5137)/@0x897235f]
07-25 16:04:50.036  1348  2833 D WindowManager: finishDrawingLocked: syncTransaction=android.view.SurfaceControl$Transaction@fae7f7 ,mSyncTransaction=android.view.SurfaceControl$Transaction@a0854d0 ,mWin=Window{eb9d22b u0 NotificationShade}-[Surface(name=*Title#5137)/@0x897235f]
07-25 16:04:50.115  1348  2549 V AlarmManager: set(null) : type=0 listener=android.app.IAlarmListener$Stub$Proxy@d5003c5 listenerTag=StepCounterPulseHelper workSource=null callingPackage=com.android.systemui callingUid=10171 triggerAtTime=1753443290115 win=0 tElapsed=47437404 maxElapsed=47437404 interval=0 flags=0x9
07-25 16:04:50.137  1348  2525 V AlarmManager: set(PendingIntent{6056972: PendingIntentRecord{fd9f861 com.glance.lockscreenRealme broadcastIntent}}) : type=0 listener=null listenerTag=null workSource=null callingPackage=com.glance.lockscreenRealme callingUid=10074 triggerAtTime=1753468200136 win=64800000 tElapsed=72347424 maxElapsed=137147424 interval=86400000 flags=0x0
07-25 16:04:50.776  1348  2525 D ActivityManager: PROFILE_FROM_SHELL is disabled for ProcessRecord{9540593 0:com.google.android.webview:sandboxed_process0:org.chromium.content.app.SandboxedProcessService0:0/u0a74i252}
07-25 16:04:50.776  1348  2525 D CompatibilityChangeReporter: Compat change id reported: 135634846; UID 99252; state: DISABLED
07-25 16:04:50.777  1348  2525 D CompatibilityChangeReporter: Compat change id reported: 177438394; UID 99252; state: DISABLED
07-25 16:04:50.777  1348  2525 D CompatibilityChangeReporter: Compat change id reported: 135772972; UID 99252; state: DISABLED
07-25 16:04:50.777  1348  2525 D CompatibilityChangeReporter: Compat change id reported: 135754954; UID 99252; state: ENABLED
07-25 16:04:50.778  1348  1381 D ActivityManager: asking zygote to start proc:ProcessRecord{9540593 0:com.google.android.webview:sandboxed_process0:org.chromium.content.app.SandboxedProcessService0:0/u0a74i252}
07-25 16:04:50.778  1348  1381 D CompatibilityChangeReporter: Compat change id reported: 143937733; UID 10074; state: ENABLED
07-25 16:04:50.796  1348  1381 I ActivityManager: Start proc 24147:com.google.android.webview:sandboxed_process0:org.chromium.content.app.SandboxedProcessService0:0/u0i252 for  {com.glance.lockscreenRealme/org.chromium.content.app.SandboxedProcessService0:0}
07-25 16:04:50.973  1348  2778 D ActivityManager: PROFILE_FROM_SHELL is disabled for ProcessRecord{a010a2e 0:com.google.android.webview:webview_service/u0a142}
07-25 16:04:50.974  1348  2778 D CompatibilityChangeReporter: Compat change id reported: 135634846; UID 10142; state: DISABLED
07-25 16:04:50.974  1348  2778 D CompatibilityChangeReporter: Compat change id reported: 177438394; UID 10142; state: DISABLED
07-25 16:04:50.974  1348  2778 D CompatibilityChangeReporter: Compat change id reported: 135772972; UID 10142; state: DISABLED
07-25 16:04:50.974  1348  2778 D CompatibilityChangeReporter: Compat change id reported: 135754954; UID 10142; state: ENABLED
07-25 16:04:50.974  1348  1381 D ActivityManager: asking zygote to start proc:ProcessRecord{a010a2e 0:com.google.android.webview:webview_service/u0a142}
07-25 16:04:50.975  1348  1381 D CompatibilityChangeReporter: Compat change id reported: 143937733; UID 10142; state: ENABLED
07-25 16:04:50.975  1348  1381 D Prefork : startResult is empty and running normal execution.
07-25 16:04:50.989  1348  1381 I ActivityManager: Start proc 24178:com.google.android.webview:webview_service/u0a142 for service {com.google.android.webview/org.chromium.android_webview.services.ComponentsProviderService}
07-25 16:04:50.996  1348  2525 D CompatibilityChangeReporter: Compat change id reported: 161252188; UID 10197; state: DISABLED
07-25 16:04:51.000  1348  2525 D ActivityManager: PROFILE_FROM_SHELL is disabled for ProcessRecord{ad43106 0:com.google.android.adservices.api/u0a197}
07-25 16:04:51.001  1348  2525 D CompatibilityChangeReporter: Compat change id reported: 135634846; UID 10197; state: DISABLED
07-25 16:04:51.001  1348  2525 D CompatibilityChangeReporter: Compat change id reported: 177438394; UID 10197; state: DISABLED
07-25 16:04:51.001  1348  2525 D CompatibilityChangeReporter: Compat change id reported: 135772972; UID 10197; state: DISABLED
07-25 16:04:51.001  1348  2525 D CompatibilityChangeReporter: Compat change id reported: 135754954; UID 10197; state: ENABLED
07-25 16:04:51.001  1348  1381 D ActivityManager: asking zygote to start proc:ProcessRecord{ad43106 0:com.google.android.adservices.api/u0a197}
07-25 16:04:51.001  1348  1381 D CompatibilityChangeReporter: Compat change id reported: 143937733; UID 10197; state: ENABLED
07-25 16:04:51.003  1348  1381 D Prefork : startResult is empty and running normal execution.
07-25 16:04:51.006  1348  2525 D BroadcastQueue: Finished with ordered broadcast BroadcastRecord{ee69caa u0 null} receivers:([ResolveInfo{2f9391d com.instagram.android/com.instagram.util.startup.appwarmer.KeepWarmReceiver m=0x0}]) take 9043ms in [background], remains 3
07-25 16:04:51.006  1348  2525 W BroadcastQueue: Background execution not allowed: receiving Intent { act=android.intent.action.DROPBOX_ENTRY_ADDED flg=0x10 (has extras) } to com.google.android.gms/.stats.service.DropBoxEntryAddedReceiver
07-25 16:04:51.011  1348  1380 D BroadcastQueue: Finished with ordered broadcast BroadcastRecord{a53d560 u-1 android.intent.action.DROPBOX_ENTRY_ADDED} receivers:([ResolveInfo{6c9f563 com.google.android.gms/.stats.service.DropBoxEntryAddedReceiver m=0x108000}]) take 5ms in [background], remains 3
07-25 16:04:51.015  1348  1380 D ActivityManager: PROFILE_FROM_SHELL is disabled for ProcessRecord{8f54a19 0:com.linkedin.android/u0a203}
07-25 16:04:51.017  1348  1380 D CompatibilityChangeReporter: Compat change id reported: 135634846; UID 10203; state: DISABLED
07-25 16:04:51.018  1348  1380 D CompatibilityChangeReporter: Compat change id reported: 177438394; UID 10203; state: DISABLED
07-25 16:04:51.020  1348  1380 D CompatibilityChangeReporter: Compat change id reported: 135772972; UID 10203; state: DISABLED
07-25 16:04:51.020  1348  1380 D CompatibilityChangeReporter: Compat change id reported: 135754954; UID 10203; state: ENABLED
07-25 16:04:51.021  1348  1381 I ActivityManager: Start proc 24193:com.google.android.adservices.api/u0a197 for service {com.google.android.adservices.api/com.android.adservices.measurement.MeasurementService}
07-25 16:04:51.021  1348  1381 D ActivityManager: asking zygote to start proc:ProcessRecord{8f54a19 0:com.linkedin.android/u0a203}
07-25 16:04:51.022  1348  1381 D CompatibilityChangeReporter: Compat change id reported: 143937733; UID 10203; state: ENABLED
07-25 16:04:51.022  1348  1381 D Prefork : startResult is empty and running normal execution.
07-25 16:04:51.024  1348  2525 D CompatibilityChangeReporter: Compat change id reported: 168419799; UID 10142; state: DISABLED
07-25 16:04:51.042  1348  1381 I ActivityManager: Start proc 24198:com.linkedin.android/u0a203 for broadcast {com.linkedin.android/com.linkedin.android.growth.appactivation.appwidgets.highlights.HighlightsActiveUserListenerBroadcastReceiver}
07-25 16:04:51.056  1348  2833 D CompatibilityChangeReporter: Compat change id reported: 168419799; UID 10197; state: DISABLED
07-25 16:04:51.156  1348  2833 D CompatibilityChangeReporter: Compat change id reported: 161252188; UID 10142; state: DISABLED
07-25 16:04:51.240  1348  2549 D CompatibilityChangeReporter: Compat change id reported: 161145287; UID 10203; state: DISABLED
07-25 16:04:51.392  1348  2549 D CompatibilityChangeReporter: Compat change id reported: 319212206; UID 10203; state: ENABLED
07-25 16:04:51.425  1348  2833 D CompatibilityChangeReporter: Compat change id reported: 194532703; UID 10203; state: ENABLED
07-25 16:04:51.441  1348  2833 V AlarmManager: set(null) : type=3 listener=android.app.AlarmManager$ListenerWrapper@4e2e77 listenerTag=*job.delay* workSource=WorkSource{10203 com.linkedin.android} callingPackage=android callingUid=1000 triggerAtTime=43864572 win=19381 tElapsed=43864572 maxElapsed=43883953 interval=0 flags=0x0
07-25 16:04:51.453  1348  2833 V AlarmManager: set(null) : type=3 listener=android.app.AlarmManager$ListenerWrapper@4e2e77 listenerTag=*job.delay* workSource=WorkSource{10213 com.whatsapp} callingPackage=android callingUid=1000 triggerAtTime=43864573 win=19373 tElapsed=43864573 maxElapsed=43883946 interval=0 flags=0x0
07-25 16:04:51.455  1348  2833 V AlarmManager: set(null) : type=3 listener=android.app.AlarmManager$ListenerWrapper@4e2e77 listenerTag=*job.delay* workSource=WorkSource{10203 com.linkedin.android} callingPackage=android callingUid=1000 triggerAtTime=43862047 win=17478 tElapsed=43862047 maxElapsed=43879525 interval=0 flags=0x0
07-25 16:04:51.502  1348  2833 D BiometricService: canAuthenticate: User=0, Caller=0, Authenticators=33023
07-25 16:04:51.502  1348  2833 D BiometricService/PreAuthInfo: Package: com.linkedin.android Sensor ID: 0 Modality: 2 Status: 1
07-25 16:04:51.502  1348  2833 D BiometricService/PreAuthInfo: Package: com.linkedin.android Sensor ID: 4 Modality: 8 Status: 4
07-25 16:04:51.502  1348  2833 D BiometricService/PreAuthInfo: getCanAuthenticateInternal Modality: 3 AuthenticatorStatus: 1
07-25 16:04:51.503  1348  2833 D AuthService: canAuthenticate, userId: 0, callingUserId: 0, authenticators: 33023, result: 0
07-25 16:04:51.778  1348  2549 D BroadcastQueue: Finished with ordered broadcast BroadcastRecord{8f767a8 u0 Highlights widget update action} receivers:([ResolveInfo{6a9147c com.linkedin.android/.growth.appactivation.appwidgets.highlights.HighlightsActiveUserListenerBroadcastReceiver m=0x0}]) take 766ms in [background], remains 4
07-25 16:04:51.802  1348  2549 D BroadcastQueue: Finished with ordered broadcast BroadcastRecord{e23b105 u0 Games widget update action} receivers:([ResolveInfo{826b38b com.linkedin.android/.profile.components.games.widget.GamesWidget$ActiveUserListener m=0x0}]) take 23ms in [background], remains 3
07-25 16:04:51.802  1348  2549 W BroadcastQueue: Background execution not allowed: receiving Intent { act=android.intent.action.DROPBOX_ENTRY_ADDED flg=0x10 (has extras) } to com.google.android.gms/.stats.service.DropBoxEntryAddedReceiver
07-25 16:04:51.804  1348  1380 D BroadcastQueue: Finished with ordered broadcast BroadcastRecord{7b35881 u-1 android.intent.action.DROPBOX_ENTRY_ADDED} receivers:([ResolveInfo{bb0fc68 com.google.android.gms/.stats.service.DropBoxEntryAddedReceiver m=0x108000}]) take 3ms in [background], remains 2
07-25 16:04:51.807  1348  1380 D CompatibilityChangeReporter: Compat change id reported: 168419799; UID 10214; state: DISABLED
07-25 16:04:52.329  1348  2549 D PackageManager: Considering set com.google.android.adservices.api/com.android.adservices.service.common.PackageChangedReceiver's state as 1 with userId = 0, callingPackage = null
07-25 16:04:53.453  1348  1348 D TemperatureManagerService: runinAppStartFlag: 0
07-25 16:04:53.453  1348  1348 D TAG     : Country is Empty, set Countrys is DEFAULT_35_DEGREE_COUNYRYS
07-25 16:04:53.456  1348  1348 D TemperatureManagerService: current area is IN support 25 newRegulationsRules,  isTrigger = false, mEnvironmentTemperature is 270, current batteryTemperature is 344
07-25 16:04:53.456  1348  1348 D TemperatureManagerService: current area is IN, mPlugType = 2, mEnvironmentTemperature = 270, current batteryTemperature = 344, switch from 25 newRegulationsRules to 35 oldRegulationsRules
07-25 16:04:53.457  1619  3910 D PowerUI : can't show warning due to - plugged: true status unknown: false
07-25 16:04:53.486  1348  1348 V Biometrics/AcquisitionClient: Acquired: 0 0, shouldSend: true
07-25 16:04:53.806  1348  1348 V Biometrics/AcquisitionClient: Acquired: 0 0, shouldSend: true
07-25 16:04:53.807  1348  1348 V BiometricLogger: Authentication latency: -1
07-25 16:04:53.807  1348  1348 W BiometricFrameworkStatsLogger: found a negative latency : -1
07-25 16:04:53.807  1348  1348 V Biometrics/AuthenticationClient: onAuthenticated(true), ID:132547, Owner: com.android.systemui, isBP: false, listener: com.android.server.biometrics.sensors.ClientMonitorCallbackConverter@1c84e2d, requireConfirmation: false, user: 0, clientMonitor: {[98] com.android.server.biometrics.sensors.fingerprint.hidl.FingerprintAuthenticationClient, proto=3, owner=com.android.systemui, cookie=0, requestId=24, userId=0}
07-25 16:04:53.807  1348  1348 W Biometrics/AuthenticationClient: Allowing background authentication, this is allowed only for platform or test invocations
07-25 16:04:53.807  1348  1348 D BaseClientMonitor: marking operation as done: {[98] com.android.server.biometrics.sensors.fingerprint.hidl.FingerprintAuthenticationClient, proto=3, owner=com.android.systemui, cookie=0, requestId=24, userId=0}
07-25 16:04:53.808  1348  1348 D BiometricService: resetLockout from: 0, for: 4, userId: 0
07-25 16:04:53.839  1348  1348 D Biometrics/AuthenticationClient: addAuthToken: 0
07-25 16:04:53.839  1348  1348 D BiometricStateCallback: Client finished, state updated to 0, client {[98] com.android.server.biometrics.sensors.fingerprint.hidl.FingerprintAuthenticationClient, proto=3, owner=com.android.systemui, cookie=0, requestId=24, userId=0}
07-25 16:04:53.840  1348  1348 D BiometricSchedulerOperation: [Finished / destroy]: {[98] com.android.server.biometrics.sensors.fingerprint.hidl.FingerprintAuthenticationClient, proto=3, owner=com.android.systemui, cookie=0, requestId=24, userId=0}
07-25 16:04:53.843  1348  2833 E PowerControllerImpl: isUltraPowerSaveMode, isUltraPowerSave: false
07-25 16:04:53.845  1348  1348 D UaBiometricScheduler/FaceProvider/default/4: [Added] {[99] com.android.server.biometrics.sensors.face.aidl.FaceResetLockoutClient, proto=12, owner=android, cookie=0, requestId=-1, userId=0}, new queue size: 1
07-25 16:04:53.847  1348  1348 D UaBiometricScheduler/FaceProvider/default/4: [Polled] {[99] com.android.server.biometrics.sensors.face.aidl.FaceResetLockoutClient, proto=12, owner=android, cookie=0, requestId=-1, userId=0}, State: 0
07-25 16:04:53.847  1348  1348 D UaBiometricScheduler/FaceProvider/default/4: [Started] {[99] com.android.server.biometrics.sensors.face.aidl.FaceResetLockoutClient, proto=12, owner=android, cookie=0, requestId=-1, userId=0}
07-25 16:04:53.847  1348  1554 D CommonDcsUploader: notifyMsgToCommonDcs, logTag: 20120fingerprint_auth_dcsmsg
07-25 16:04:53.849  1348  1419 D CommonDcsUploader:  handleMsg, what: 1
07-25 16:04:53.849  1348  2549 D PowerManagerService: userActivityNoUpdateLocked: Scene not defined, event:0
07-25 16:04:53.853  1348  1419 D CommonDcsUploader: uploadDcsImpl, logTag: 20120eventId: fingerprint_auth_dcsmsg UploadMsg: {kpi_time_all[1]=101, kpi_time_all[0]=223, algo_version=JV1.3.06.1492, fail_reason_retry[1]=10240, auth_result=0, fail_reason_retry[0]=10251, img_area=125501615, quality_score=73, match_score=0, auth_time[1]=58, capture_time[1]=23, auth_time[0]=164, finger_number=1, capture_time[0]=32, signal_value=976224467, ta_retry_times=1, get_feature_time[0]=27, get_feature_time[1]=20, screen_status=1, fail_reason=0, errtouch_flag=57893}
07-25 16:04:53.860  1348  1348 V BiometricSchedulerOperation: started: {[99] com.android.server.biometrics.sensors.face.aidl.FaceResetLockoutClient, proto=12, owner=android, cookie=0, requestId=-1, userId=0}, State: 2
07-25 16:04:53.860  1348  1348 D BiometricScheduler/Fingerprint21: [Finishing] {[98] com.android.server.biometrics.sensors.fingerprint.hidl.FingerprintAuthenticationClient, proto=3, owner=com.android.systemui, cookie=0, requestId=24, userId=0}, success: true
07-25 16:04:53.860  1348  1348 D BiometricCoexCoordinator: removeAuthenticationClient(OtherFp), client: {[98] com.android.server.biometrics.sensors.fingerprint.hidl.FingerprintAuthenticationClient, proto=3, owner=com.android.systemui, cookie=0, requestId=24, userId=0}
07-25 16:04:53.860  1348  1348 D GestureAvailabilityTracker: Notifying gesture availability, active=true
07-25 16:04:53.860  1348  1348 D BiometricScheduler/Fingerprint21: No operations, returning to idle
07-25 16:04:53.861  1348  1348 D BiometricService: Sensor ID(4), oemStrength: 4095, updatedStrength: 4095, modality 8, state: 0, cookie: 0, sensorId 4, hasEnrollments: false cannot participate in Keystore operations
07-25 16:04:53.863   433  5441 I keystore2: keystore2::authorization: on_lock_screen_event(LockScreenEvent(0), user_id=0, password.is_some()=false, unlocking_sids=Some([1643839007188323743]))
07-25 16:04:53.865  1348  2833 I PowerGroup: Waking up power group from Asleep (groupId=0, uid=10171, reason=WAKE_REASON_GESTURE, details=android.policy:BIOMETRIC)...
07-25 16:04:53.865  1348  2833 I PowerManagerService: Waking up from Asleep (uid=10171, reason=WAKE_REASON_GESTURE, details=android.policy:BIOMETRIC)...
07-25 16:04:53.879  1348  1413 I DisplayPowerController[0]: Blocking screen on until initial contents have been drawn.
07-25 16:04:53.880  1348  1413 D UnisocPhoneWindowManager: get setting threefingerScreenshotValue =0 mThreeFingerTouchFunctionSwitch:false
07-25 16:04:53.880  1348  1413 D UnisocPhoneWindowManager: registerThreefingerGesturePointerListener
07-25 16:04:53.880  1348  1413 D ActivityTaskManager: Top Process State changed to PROCESS_STATE_TOP
07-25 16:04:53.883  1348  2833 D PowerManagerService: userActivityNoUpdateLocked: Scene not defined, event:0
07-25 16:04:53.893  1348  1413 D RampAnimator: brightnessFloatToInt animateValue : 0.38519868 modeData :25244
07-25 16:04:53.895  1348  1372 E SystemServiceRegistry: Manager wrapper not available: payjoy_access_service
07-25 16:04:53.912  1348  1413 D RampAnimator: setEnhanceMode mLastGammaMode: 512
07-25 16:04:53.912  1348  1413 D RampAnimator: brightnessFloatToInt animateValue : 0.38519868 modeData :25244
07-25 16:04:53.912  1348  1413 D RampAnimator: setEnhanceMode mLastGammaMode: 512
07-25 16:04:53.912  1348  1413 V DisplayPowerController[0]: Brightness [0.38519874] reason changing to: 'manual', previous reason: 'screen_off'.
07-25 16:04:53.912  1348  1413 I DisplayPowerController[0]: BrightnessEvent: disp=0, brt=0.38519874, rcmdBrt=NaN, preBrt=NaN, lux=0.0, preLux=0.0, hbmMax=1.0, hbmMode=off, thrmMax=1.0, flags=, reason=manual
07-25 16:04:53.918  1348  1372 I DisplayDeviceRepository: Display device changed state: "Built-in Screen", ON
07-25 16:04:53.940 19112 21197 E ActivityThread: Failed to find provider info for com.android.launcher3.EventContentProvider
07-25 16:04:53.946  1348  2801 D WindowManager: finishDrawing: syncSeqId=0, postDrawTransaction=android.view.SurfaceControl$Transaction@dc03512, mSyncState=0, mDrawState=4, hasSyncHandlers=false, mClientWasDrawingForSync=false, win=Window{d548836 u0 NavigationBar0}-[Surface(name=*Title#68)/@0xc16e1e5]
07-25 16:04:53.946  1348  2801 D WindowManager: finishDrawingLocked: mDrawState=4 ,mLastHidden=false ,mShownAlpha=1.0 ,mLastAlpha=1.0 ,postDrawTransaction=android.view.SurfaceControl$Transaction@dc03512 ,mWin=Window{d548836 u0 NavigationBar0}-[Surface(name=*Title#68)/@0xc16e1e5]
07-25 16:04:53.946  1348  2801 D WindowManager: finishDrawingLocked: syncTransaction=android.view.SurfaceControl$Transaction@fae7f7 ,mSyncTransaction=android.view.SurfaceControl$Transaction@febffce ,mWin=Window{d548836 u0 NavigationBar0}-[Surface(name=*Title#68)/@0xc16e1e5]
07-25 16:04:53.954 19112 21197 E ActivityThread: Failed to find provider info for com.android.launcher3.EventContentProvider
07-25 16:04:53.955   433  5441 I keystore2: keystore2::super_key: In try_unlock_user_with_biometric: Successfully unlocked with biometric
07-25 16:04:53.961  1348  1348 V AlarmManager: set(null) : type=2 listener=android.app.AlarmManager$ListenerWrapper@e470d40 listenerTag=TrustManagerService.trustTimeoutForUser workSource=null callingPackage=android callingUid=1000 triggerAtTime=72641246 win=0 tElapsed=72641246 maxElapsed=72641246 interval=0 flags=0x9
07-25 16:04:53.965  1348  1348 V AlarmManager: set(null) : type=2 listener=android.app.AlarmManager$ListenerWrapper@f7905be listenerTag=TrustManagerService.trustTimeoutForUser workSource=null callingPackage=android callingUid=1000 triggerAtTime=130241251 win=0 tElapsed=130241251 maxElapsed=130241251 interval=0 flags=0x9
07-25 16:04:53.966  1348  1457 D UnisocVariableRefreshRateImpl: setCurrentPackageName, return when current focus window namenot contains packageName: com.android.launcher3 mCurrentRequestFocusWindowName: eb9d22b NotificationShade
07-25 16:04:53.967  1348  1348 E ActivityManager: Cancel pending or running compactions as system is awake
07-25 16:04:53.978  1348  1348 D FaceProvider/default/4: onLockoutCleared after resetLockout
07-25 16:04:53.978  1348  1348 D LockoutCache: Lockout for user: 0 is 0
07-25 16:04:53.979  1348  1348 D BiometricSchedulerOperation: [Finished / destroy]: {[99] com.android.server.biometrics.sensors.face.aidl.FaceResetLockoutClient, proto=12, owner=android, cookie=0, requestId=-1, userId=0}
07-25 16:04:53.988  1348  1348 D UaBiometricScheduler/FaceProvider/default/4: [Finishing] {[99] com.android.server.biometrics.sensors.face.aidl.FaceResetLockoutClient, proto=12, owner=android, cookie=0, requestId=-1, userId=0}, success: true
07-25 16:04:53.988  1348  1348 D UaBiometricScheduler/FaceProvider/default/4: No operations, returning to idle
07-25 16:04:54.003  1348  1854 D PowerController.RecogA: packageName:com.google.android.as mFgEvent:SYSTEM_INTERACTION mLastTimeFgEventChanged:19708806 mLastLaunchTime:0 mProcState:PROCESS_STATE_BOUND_FOREGROUND_SERVICE mLastTimeProcStateChanged:93299 mNotificationState:0 mLastTimeNotificationStateChanged:0 mAudioState:0 mLastTimeAudioStateChanged:0 mRequestGps:true mAvoidConstraintGps:false mBehaviorType:0 mScreenOn:true mLastTimeScreenStateChanged:43841292 mLastBgTime:0 mFgDuration:0 mAudioDuration:0 mBgAudioDuration:0 mHasNoClearNotificationWhenNavi:false
07-25 16:04:54.003  1348  1854 D PowerController.RecogA: packageName:com.spreadtrum.ims mFgEvent:SYSTEM_INTERACTION mLastTimeFgEventChanged:716615 mLastLaunchTime:0 mProcState:PROCESS_STATE_CACHED_EMPTY mLastTimeProcStateChanged:0 mNotificationState:0 mLastTimeNotificationStateChanged:0 mAudioState:0 mLastTimeAudioStateChanged:0 mRequestGps:true mAvoidConstraintGps:false mBehaviorType:0 mScreenOn:true mLastTimeScreenStateChanged:43841292 mLastBgTime:0 mFgDuration:0 mAudioDuration:0 mBgAudioDuration:0 mHasNoClearNotificationWhenNavi:false
07-25 16:04:54.003  1348  1854 D PowerController.RecogA: packageName:com.google.android.gms mFgEvent:APP_COMPONENT_USED mLastTimeFgEventChanged:43786859 mLastLaunchTime:0 mProcState:PROCESS_STATE_CACHED_EMPTY mLastTimeProcStateChanged:0 mNotificationState:0 mLastTimeNotificationStateChanged:0 mAudioState:0 mLastTimeAudioStateChanged:0 mRequestGps:true mAvoidConstraintGps:false mBehaviorType:0 mScreenOn:true mLastTimeScreenStateChanged:43841292 mLastBgTime:0 mFgDuration:0 mAudioDuration:0 mBgAudioDuration:0 mHasNoClearNotificationWhenNavi:false
07-25 16:04:54.018  1348  1348 D TemperatureManagerService: screenOffIntervalTime:5462
07-25 16:04:54.056  1348  2509 D WindowManager: finishDrawing: syncSeqId=0, postDrawTransaction=android.view.SurfaceControl$Transaction@b4c670d, mSyncState=0, mDrawState=1, hasSyncHandlers=false, mClientWasDrawingForSync=false, win=Window{adee869 u0 com.android.launcher3/com.android.searchlauncher.SearchLauncher}-[Surface(name=*Title#5142)/@0xace599]
07-25 16:04:54.070  1348  2549 D WindowManager: finishDrawing: syncSeqId=0, postDrawTransaction=android.view.SurfaceControl$Transaction@7fc06c2, mSyncState=0, mDrawState=1, hasSyncHandlers=false, mClientWasDrawingForSync=false, win=Window{3210dba u0 (1-1)-Window{36e29f9 alpha=1.0 fl=}}-[Surface(name=*Title#5141)/@0xaa32b61]
07-25 16:04:54.079  1348  2801 D CompatibilityChangeReporter: Compat change id reported: 161145287; UID 10074; state: DISABLED
07-25 16:04:54.101  1348  1380 W BroadcastQueue: Exported Denial: sending Intent { act=android.intent.action.USER_PRESENT flg=0x24200010 }, action: android.intent.action.USER_PRESENT from com.android.systemui (uid=10171) due to receiver ProcessRecord{9831c8d 23992:com.glance.lockscreenRealme/u0a74} (uid 10074) not specifying RECEIVER_EXPORTED
07-25 16:04:54.101  1348  1380 W BroadcastQueue: Exported Denial: sending Intent { act=android.intent.action.USER_PRESENT flg=0x24200010 }, action: android.intent.action.USER_PRESENT from com.android.systemui (uid=10171) due to receiver ProcessRecord{9831c8d 23992:com.glance.lockscreenRealme/u0a74} (uid 10074) not specifying RECEIVER_EXPORTED
07-25 16:04:54.104  1348  2518 D WindowManager: finishDrawing: syncSeqId=0, postDrawTransaction=android.view.SurfaceControl$Transaction@ca0c32f, mSyncState=0, mDrawState=4, hasSyncHandlers=false, mClientWasDrawingForSync=false, win=Window{adee869 u0 com.android.launcher3/com.android.searchlauncher.SearchLauncher}-[Surface(name=*Title#5142)/@0xace599]
07-25 16:04:54.106  1348  1458 D PackageManager: Considering set com.instagram.android/com.instagram.push.FbnsInitBroadcastReceiver's state as 1 with userId = 0, callingPackage = null
07-25 16:04:54.106  1348  2518 D WindowManager: finishDrawingLocked: mDrawState=4 ,mLastHidden=false ,mShownAlpha=1.0 ,mLastAlpha=1.0 ,postDrawTransaction=android.view.SurfaceControl$Transaction@ca0c32f ,mWin=Window{adee869 u0 com.android.launcher3/com.android.searchlauncher.SearchLauncher}-[Surface(name=*Title#5142)/@0xace599]
07-25 16:04:54.106  1348  2518 D WindowManager: finishDrawingLocked: syncTransaction=android.view.SurfaceControl$Transaction@fae7f7 ,mSyncTransaction=android.view.SurfaceControl$Transaction@9faf0ce ,mWin=Window{adee869 u0 com.android.launcher3/com.android.searchlauncher.SearchLauncher}-[Surface(name=*Title#5142)/@0xace599]
07-25 16:04:54.170  1348  2525 V AlarmManager: set(PendingIntent{ad46fe6: PendingIntentRecord{86fe927 com.google.android.gms/com.google.android.gms.container startService}}) : type=3 listener=null listenerTag=null workSource=null callingPackage=com.google.android.gms callingUid=10122 triggerAtTime=315403841458 win=3600000 tElapsed=315403841458 maxElapsed=315407441458 interval=0 flags=0x0
07-25 16:04:54.201  1348  2801 D WindowManager: finishDrawing: syncSeqId=0, postDrawTransaction=android.view.SurfaceControl$Transaction@bda57d4, mSyncState=0, mDrawState=4, hasSyncHandlers=false, mClientWasDrawingForSync=false, win=Window{3210dba u0 (1-1)-Window{36e29f9 alpha=1.0 fl=}}-[Surface(name=*Title#5141)/@0xaa32b61]
07-25 16:04:54.201  1348  2801 D WindowManager: finishDrawingLocked: mDrawState=4 ,mLastHidden=false ,mShownAlpha=0.0 ,mLastAlpha=0.0 ,postDrawTransaction=android.view.SurfaceControl$Transaction@bda57d4 ,mWin=Window{3210dba u0 (1-1)-Window{36e29f9 alpha=1.0 fl=}}-[Surface(name=*Title#5141)/@0xaa32b61]
07-25 16:04:54.201  1348  2801 D WindowManager: finishDrawingLocked: syncTransaction=android.view.SurfaceControl$Transaction@fae7f7 ,mSyncTransaction=android.view.SurfaceControl$Transaction@4b22d7d ,mWin=Window{3210dba u0 (1-1)-Window{36e29f9 alpha=1.0 fl=}}-[Surface(name=*Title#5141)/@0xaa32b61]
07-25 16:04:54.216  1348  1372 D AOSP_SafeCenter OplusAccessControlManagerService: onAwakeStateChanged : true
07-25 16:04:54.217  1348  1372 I StorageManagerService: Cmd send onSecureKeyguardStateChanged isShowing = false mSecureKeyguardShowing = false
07-25 16:04:54.217  1348  1372 D AOSP_SafeCenter OplusAccessControlManagerService: onKeyguardStateChanged : false
07-25 16:04:54.225  2446  3566 W KeyphraseEnrollmentInfo: No enrollment application supports the given keyphrase/locale: 'X Google'/en_IN
07-25 16:04:54.226  2446  3566 W KeyphraseEnrollmentInfo: No enrollment application supports the given keyphrase/locale: 'X Google'/en_US
07-25 16:04:54.226  2446  3566 W KeyphraseEnrollmentInfo: No enrollment application supports the given keyphrase/locale: 'X Google'/ar_EG
07-25 16:04:54.226  2446  3566 W KeyphraseEnrollmentInfo: No enrollment application supports the given keyphrase/locale: 'X Google'/en_US
07-25 16:04:54.226  2446  3566 W KeyphraseEnrollmentInfo: No enrollment application supports the given keyphrase/locale: 'Ok Google'/en_US
07-25 16:04:54.226  2446  3566 W KeyphraseEnrollmentInfo: No enrollment application supports the given keyphrase/locale: 'Ok Google'/ar_EG
07-25 16:04:54.226  2446  3566 W KeyphraseEnrollmentInfo: No enrollment application supports the given keyphrase/locale: 'Ok Google'/en_US
07-25 16:04:54.227  2446  3566 W KeyphraseEnrollmentInfo: No enrollment application supports the given keyphrase/locale: 'Y Google'/en_IN
07-25 16:04:54.228  1348  2833 I SoundTriggerService: getModuleProperties()
07-25 16:04:54.263  1348  2801 V AlarmManager: set(PendingIntent{e2b5458: PendingIntentRecord{35e9b1 com.google.android.gms/com.google.android.gms.container startService}}) : type=3 listener=null listenerTag=null workSource=null callingPackage=com.google.android.gms callingUid=10122 triggerAtTime=315403841552 win=3600000 tElapsed=315403841552 maxElapsed=315407441552 interval=0 flags=0x0
07-25 16:04:54.276  1348  1372 I DisplayDeviceRepository: Display device changed: DisplayDeviceInfo{"Built-in Screen": uniqueId="local:0", 720 x 1600, modeId 2, defaultModeId 1, supportedModes [{id=1, width=720, height=1600, fps=60.0, alternativeRefreshRates=[90.0]}, {id=2, width=720, height=1600, fps=90.0, alternativeRefreshRates=[60.0]}], colorMode 0, supportedColorModes [0], hdrCapabilities HdrCapabilities{mSupportedHdrTypes=[], mMaxLuminance=500.0, mMaxAverageLuminance=500.0, mMinLuminance=0.0}, allmSupported false, gameContentTypeSupported false, density 320, 257.577 x 260.512 dpi, appVsyncOff -4000000, presDeadline 15111111, cutout DisplayCutout{insets=Rect(0, 64 - 0, 0) waterfall=Insets{left=0, top=0, right=0, bottom=0} boundingRect={Bounds=[Rect(0, 0 - 0, 0), Rect(322, 0 - 398, 64), Rect(0, 0 - 0, 0), Rect(0, 0 - 0, 0)]} cutoutPathParserInfo={CutoutPathParserInfo{displayWidth=720 displayHeight=1600 physicalDisplayWidth=720 physicalDisplayHeight=1600 density={2.0} cutoutSpec={M -38,0 L -38,64 L 38,64 L 38,0 Z} rotation={0} scale={1.0} physicalPixelDisplaySizeRatio={1.0}}}}, touch INTERNAL, rotation 0, type INTERNAL, address {port=0}, deviceProductInfo null, state ON, frameRateOverride , brightnessMinimum 0.0, brightnessMaximum 1.0, brightnessDefault 0.3167565, FLAG_ALLOWED_TO_BE_DEFAULT_DISPLAY, FLAG_ROTATES_WITH_CONTENT, FLAG_SECURE, FLAG_SUPPORTS_PROTECTED_BUFFERS, installOrientation 0}
07-25 16:04:54.276  1348  2801 V AlarmManager: set(PendingIntent{c8f6a17: PendingIntentRecord{2d5e04 com.google.android.gms/com.google.android.gms.auth_authzen__phone startService}}) : type=3 listener=null listenerTag=null workSource=WorkSource{10122 com.google.android.gms} callingPackage=com.google.android.gms callingUid=10122 triggerAtTime=43856564 win=11249 tElapsed=43856564 maxElapsed=43867813 interval=0 flags=0x0
07-25 16:04:54.296  1348  2518 D PackageManager: Considering set com.google.android.gms/com.google.android.gms.nearby.mediums.nearfieldcommunication.NfcAdvertisingService's state as 1 with userId = 0, callingPackage = null
07-25 16:04:54.399  1348  1853 V AlarmManager: set(PendingIntent{4c749b8: PendingIntentRecord{da0a391 android broadcastIntent}}) : type=3 listener=null listenerTag=null workSource=null callingPackage=android callingUid=1000 triggerAtTime=44141687 win=225000 tElapsed=44141687 maxElapsed=44366687 interval=0 flags=0x8
07-25 16:04:54.492  1348  2801 D BroadcastQueue: Finished with ordered broadcast BroadcastRecord{102aee0 u-1 android.intent.action.SCREEN_ON} receivers:([BroadcastFilter{1b2f655 1000/u0 ReceiverList{99fdd0c 1348 system/1000/u0 local:e1fe03f}}, BroadcastFilter{224fd27 1000/u0 ReceiverList{ca153e6 1348 system/1000/u0 local:557e241}}, BroadcastFilter{88f0a4d 1000/u0 ReceiverList{30065e4 1348 system/1000/u0 local:2ec2577}}, BroadcastFilter{17fa137 1000/u0 ReceiverList{f8ebe36 1348 system/1000/u0 local:16a43d1}}, BroadcastFilter{7eff5d8 1000/u0 ReceiverList{de8ecbb 1348 system/1000/u0 local:7cfb54a}}, BroadcastFilter{63e086c 1000/u0 ReceiverList{2b81d1f 1348 system/1000/u0 local:f3d98be}}, BroadcastFilter{399a359 1000/u-1 ReceiverList{a58cba0 1348 system/1000/u-1 local:b0bdca3}}, BroadcastFilter{aae5773 1000/u0 ReceiverList{9a1b7e2 1348 system/1000/u0 local:b63a8ad}}, BroadcastFilter{82c1f16 1000/u-1 ReceiverList{14f1c31 1348 system/1000/u-1 local:cf7c0d8}}, BroadcastFilter{5885326 1000/u0 ReceiverList{a0a5681 1348 system/1000/u0 local:12d3268}}, BroadcastFilter{6015be9 1000/u0 ReceiverList{3c0cc70 1348 system/1000/u0 local:231eb3}}, BroadcastFilter{9287e60 1000/u0 ReceiverList{8d3a263 1348 system/1000/u0 local:1929892}}, BroadcastFilter{f59a5ee 1000/u0 ReceiverList{3259769 1348 system/1000/u0 local:52ac5f0}}, BroadcastFilter{7fcaa1 1000/u0 ReceiverList{a3d6308 1348 system/1000/u0 local:16010ab}}, BroadcastFilter{e338b20 1000/u0 ReceiverList{1a3ea23 1348 system/1000/u0 local:75c2752}}, BroadcastFilter{f576786 1000/u0 ReceiverList{9d18061 1348 system/1000/u0 local:11157c8}}, BroadcastFilter{f1979db 1000/u0 ReceiverList{da3c2ea 1348 system/1000/u0 local:91a5ad5}}, BroadcastFilter{51a914d 1000/u-1 ReceiverList{9f9a8e4 1348 system/1000/u-1 local:ec49477}}, BroadcastFilter{87f67bd 1000/u0 ReceiverList{88b1314 1348 system/1000/u0 local:74d8967}}, BroadcastFilter{ce73cb4 1001/u0 ReceiverList{e7fd587 1601 com.android.phone/1001/u0 remote:e78d1c6}}, BroadcastFilter{81d3067 1001/u0 ReceiverList{7d94c26 1601 com.android.phone/1001/u0 remote:98f9381}}, BroadcastFilter{f6f4d66 1000/u-1 ReceiverList{223d1c1 1348 system/1000/u-1 local:89e92a8}}, BroadcastFilter{daa8f66 10171/u0 ReceiverList{71adbc1 1619 com.android.systemui/10171/u0 remote:e4384a8}}, BroadcastFilter{eab8e09 1001/u0 ReceiverList{409f310 1601 com.android.phone/1001/u0 remote:d143bd3}}, BroadcastFilter{9370eff 10171/u-1 ReceiverList{23ba61e 1619 com.android.systemui/10171/u-1 remote:f2bba59}}, BroadcastFilter{5b6400b 1000/u0 ReceiverList{c1c03da 1348 system/1000/u0 local:f984985}}, BroadcastFilter{b536967 1000/u0 ReceiverList{390c926 1348 system/1000/u0 local:db2e481}}, BroadcastFilter{ed89876 1001/u0 ReceiverList{d261f11 1708 com.spreadtrum.ims/1001/u0 remote:c4f8338}}, BroadcastFilter{cfbc5f7 1000/u0 ReceiverList{c057df6 1348 system/1000/u0 local:92a91}}, BroadcastFilter{c47d8eb 10122/u0 ReceiverList{4c2f43a 2228 com.google.android.gms.persistent/10122/u0 remote:d7d3f65}}, BroadcastFilter{d455a4c 10122/u0 ReceiverList{ba40a7f 2228 com.google.android.gms.persistent/10122/u0 remote:1995f9e}}, BroadcastFilter{eeca4b9 10122/u0 ReceiverList{2bb7680 2228 com.google.android.gms.persistent/10122/u0 remote:8b4e703}}, BroadcastFilter{cc17961 10115/u0 ReceiverList{178a008 2417 com.google.android.as/10115/u0 remote:1be21ab}}, BroadcastFilter{e933a72 10122/u0 ReceiverList{b965b7d 2228 com.google.android.gms.persistent/10122/u0 remote:81a7dd4}}, BroadcastFilter{deb6199 10122/u0 ReceiverList{27d9ae0 2228 com.google.android.gms.persistent/10122/u0 remote:11160e3}}, BroadcastFilter{6f5ceef 10122/u0 ReceiverList{d1eafce 2228 com.google.android.gms.persistent/10122/u0 remote:4d31cc9}}, BroadcastFilter{25a39f2 10122/u0 ReceiverList{923a8fd 2228 com.google.android.gms.persistent/10122/u0 remote:87e9154}}, BroadcastFilter{e8caf0d 10127/u0 ReceiverList{50ea5a4 2446 com.google.android.googlequicksearchbox:interactor/10127/u0 remote:8d08c37}}, BroadcastFilter{a9ba136 1000/u0 ReceiverList{ce0d2d1 4673 com.nearme.statistics.rom/1000/u0 remote:9b9adf8}}, BroadcastFilter{8774e8c 10122/u0 ReceiverList{3d027b
07-25 16:04:54.607  1348  1348 W Looper  : Slow dispatch took 507ms main h=android.app.ActivityThread$H c=android.app.LoadedApk$ReceiverDispatcher$Args$$ExternalSyntheticLambda0@4e11ff6 m=0
07-25 16:04:54.608  1348  1348 W Looper  : Slow delivery took 507ms main h=android.app.ActivityThread$H c=android.app.LoadedApk$ReceiverDispatcher$Args$$ExternalSyntheticLambda0@9dbbff7 m=0
07-25 16:04:54.669  1348  1348 W Looper  : Drained
07-25 16:04:54.674  1348  2555 I WindowManager: Input focus has changed to Window{adee869 u0 com.android.launcher3/com.android.searchlauncher.SearchLauncher}-[Surface(name=*Title#5142)/@0xace599] from eb9d22b NotificationShade mDisplayId 0 updateInputWindows true, callers=com.android.server.wm.DisplayContent.updateFocusedWindowLocked:3706 com.android.server.wm.RootWindowContainer.updateFocusedWindowLocked:493 com.android.server.wm.WindowManagerService.updateFocusedWindowLocked:6248 com.android.server.wm.WindowManagerService.relayoutWindow:2568 com.android.server.wm.Session.relayout:266 
07-25 16:04:54.758  1348  2801 D WindowManager: finishDrawing: syncSeqId=0, postDrawTransaction=android.view.SurfaceControl$Transaction@45dc4c9, mSyncState=0, mDrawState=1, hasSyncHandlers=false, mClientWasDrawingForSync=false, win=Window{eb9d22b u0 NotificationShade}-[Surface(name=*Title#5137)/@0x897235f]
07-25 16:04:54.758  1348  2801 D WindowManager: finishDrawingLocked: syncTransaction=android.view.SurfaceControl$Transaction@fae7f7 ,mSyncTransaction=android.view.SurfaceControl$Transaction@a0854d0 ,mWin=Window{eb9d22b u0 NotificationShade}-[Surface(name=*Title#5137)/@0x897235f]
07-25 16:04:54.763  1348  1413 I DisplayPowerController[0]: Unblocked screen on after 884 ms
07-25 16:04:54.767  1348  1413 W PowerManagerService: Screen on took 904 ms
07-25 16:04:54.791  1348  1380 W BroadcastQueue: Exported Denial: sending Intent { act=android.intent.action.USER_PRESENT flg=0x24200010 }, action: android.intent.action.USER_PRESENT from com.android.systemui (uid=10171) due to receiver ProcessRecord{9831c8d 23992:com.glance.lockscreenRealme/u0a74} (uid 10074) not specifying RECEIVER_EXPORTED
07-25 16:04:54.792  1348  1380 W BroadcastQueue: Exported Denial: sending Intent { act=android.intent.action.USER_PRESENT flg=0x24200010 }, action: android.intent.action.USER_PRESENT from com.android.systemui (uid=10171) due to receiver ProcessRecord{9831c8d 23992:com.glance.lockscreenRealme/u0a74} (uid 10074) not specifying RECEIVER_EXPORTED
07-25 16:04:54.793  1348  2549 D PackageManager: Considering set com.instagram.android/com.instagram.push.FbnsInitBroadcastReceiver's state as 1 with userId = 0, callingPackage = null
07-25 16:04:54.819  1348  2518 E PowerControllerImpl: isUltraPowerSaveMode, isUltraPowerSave: false
07-25 16:04:54.821  1348  2509 V AlarmManager: set(PendingIntent{9e95ba9: PendingIntentRecord{2d5e04 com.google.android.gms/com.google.android.gms.auth_authzen__phone startService}}) : type=3 listener=null listenerTag=null workSource=WorkSource{10122 com.google.android.gms} callingPackage=com.google.android.gms callingUid=10122 triggerAtTime=43857109 win=11249 tElapsed=43857109 maxElapsed=43868358 interval=0 flags=0x0
07-25 16:04:54.835  1348  2778 D PackageManager: Considering set com.google.android.gms/com.google.android.gms.nearby.mediums.nearfieldcommunication.NfcAdvertisingService's state as 1 with userId = 0, callingPackage = null
07-25 16:04:54.851  1348  2555 D WindowManager: finishDrawing: syncSeqId=0, postDrawTransaction=android.view.SurfaceControl$Transaction@fffb52e, mSyncState=0, mDrawState=4, hasSyncHandlers=false, mClientWasDrawingForSync=false, win=Window{eb9d22b u0 NotificationShade}-[Surface(name=*Title#5137)/@0x897235f]
07-25 16:04:54.851  1348  2555 D WindowManager: finishDrawingLocked: mDrawState=4 ,mLastHidden=false ,mShownAlpha=0.0 ,mLastAlpha=0.0 ,postDrawTransaction=android.view.SurfaceControl$Transaction@fffb52e ,mWin=Window{eb9d22b u0 NotificationShade}-[Surface(name=*Title#5137)/@0x897235f]
07-25 16:04:54.851  1348  2555 D WindowManager: finishDrawingLocked: syncTransaction=android.view.SurfaceControl$Transaction@fae7f7 ,mSyncTransaction=android.view.SurfaceControl$Transaction@a0854d0 ,mWin=Window{eb9d22b u0 NotificationShade}-[Surface(name=*Title#5137)/@0x897235f]
07-25 16:04:54.855  1348  2509 E PowerControllerImpl: isUltraPowerSaveMode, isUltraPowerSave: false
07-25 16:04:54.855  1348  2509 E PowerControllerImpl: isUltraPowerSaveMode, isUltraPowerSave: false
07-25 16:04:54.855  1348  2549 E PowerControllerImpl: isUltraPowerSaveMode, isUltraPowerSave: false
07-25 16:04:54.856  1348  2555 E PowerControllerImpl: isUltraPowerSaveMode, isUltraPowerSave: false
07-25 16:04:55.337   926 23905 W SocketClient: write error (Broken pipe)
07-25 16:04:55.367  1348  2555 E PowerControllerImpl: isUltraPowerSaveMode, isUltraPowerSave: false
