07-25 13:13:32.501 31751  6249 E ActivityThread: Failed to find provider info for filters.demo.activities.filterdemocontentprovider
07-25 13:13:32.507 31751  7233 E ActivityThread: Failed to find provider info for com.google.android.apps.photos.api.sample.SpecialTypesProvider
07-25 13:13:32.508 31751  7233 E ActivityThread: Failed to find provider info for com.google.android.apps.photos.api.sample.StabilizeDemoContentProvider
07-25 13:13:32.509 31751  7233 E ActivityThread: Failed to find provider info for filters.demo.activities.filterdemocontentprovider
07-25 13:13:32.517 31751  7255 E ActivityThread: Failed to find provider info for com.google.android.apps.photos.api.sample.SpecialTypesProvider
07-25 13:13:32.525 31751  7255 E ActivityThread: Failed to find provider info for com.google.android.apps.photos.api.sample.StabilizeDemoContentProvider
07-25 13:13:32.525 31751  7255 E ActivityThread: Failed to find provider info for filters.demo.activities.filterdemocontentprovider
07-25 13:13:32.530 31751  6249 E ActivityThread: Failed to find provider info for com.google.android.apps.photos.api.sample.SpecialTypesProvider
07-25 13:13:32.531 31751  6249 E ActivityThread: Failed to find provider info for com.google.android.apps.photos.api.sample.StabilizeDemoContentProvider
07-25 13:13:32.532 31751  6249 E ActivityThread: Failed to find provider info for filters.demo.activities.filterdemocontentprovider
07-25 13:13:32.535 31751  7233 E ActivityThread: Failed to find provider info for com.google.android.apps.photos.api.sample.SpecialTypesProvider
07-25 13:13:32.540 31751  7233 E ActivityThread: Failed to find provider info for com.google.android.apps.photos.api.sample.StabilizeDemoContentProvider
07-25 13:13:32.540 31751  7233 E ActivityThread: Failed to find provider info for filters.demo.activities.filterdemocontentprovider
07-25 13:13:32.544 31751  7255 E ActivityThread: Failed to find provider info for com.google.android.apps.photos.api.sample.SpecialTypesProvider
07-25 13:13:32.546 31751  7255 E ActivityThread: Failed to find provider info for com.google.android.apps.photos.api.sample.StabilizeDemoContentProvider
07-25 13:13:32.547 31751  7255 E ActivityThread: Failed to find provider info for filters.demo.activities.filterdemocontentprovider
07-25 13:13:32.555 31751  6249 E ActivityThread: Failed to find provider info for com.google.android.apps.photos.api.sample.SpecialTypesProvider
07-25 13:13:32.556 31751  6249 E ActivityThread: Failed to find provider info for com.google.android.apps.photos.api.sample.StabilizeDemoContentProvider
07-25 13:13:32.557 31751  6249 E ActivityThread: Failed to find provider info for filters.demo.activities.filterdemocontentprovider
07-25 13:13:32.567 31751  7233 E ActivityThread: Failed to find provider info for com.google.android.apps.photos.api.sample.SpecialTypesProvider
07-25 13:13:32.568 31751  7233 E ActivityThread: Failed to find provider info for com.google.android.apps.photos.api.sample.StabilizeDemoContentProvider
07-25 13:13:32.569 31751  7233 E ActivityThread: Failed to find provider info for filters.demo.activities.filterdemocontentprovider
07-25 13:13:32.576 31751  7255 E ActivityThread: Failed to find provider info for com.google.android.apps.photos.api.sample.SpecialTypesProvider
07-25 13:13:32.577 31751  7255 E ActivityThread: Failed to find provider info for com.google.android.apps.photos.api.sample.StabilizeDemoContentProvider
07-25 13:13:32.578 31751  7255 E ActivityThread: Failed to find provider info for filters.demo.activities.filterdemocontentprovider
07-25 13:13:32.578 31751  6249 E ActivityThread: Failed to find provider info for com.google.android.apps.photos.api.sample.SpecialTypesProvider
07-25 13:13:32.579 31751  6249 E ActivityThread: Failed to find provider info for com.google.android.apps.photos.api.sample.StabilizeDemoContentProvider
07-25 13:13:32.579 31751  6249 E ActivityThread: Failed to find provider info for filters.demo.activities.filterdemocontentprovider
07-25 13:13:32.591 31751  7233 E ActivityThread: Failed to find provider info for com.google.android.apps.photos.api.sample.SpecialTypesProvider
07-25 13:13:32.591 31751  7233 E ActivityThread: Failed to find provider info for com.google.android.apps.photos.api.sample.StabilizeDemoContentProvider
07-25 13:13:32.592 31751  7233 E ActivityThread: Failed to find provider info for filters.demo.activities.filterdemocontentprovider
07-25 13:13:32.593 31751  7255 E ActivityThread: Failed to find provider info for com.google.android.apps.photos.api.sample.SpecialTypesProvider
07-25 13:13:32.596 31751  7255 E ActivityThread: Failed to find provider info for com.google.android.apps.photos.api.sample.StabilizeDemoContentProvider
07-25 13:13:32.597 31751  7255 E ActivityThread: Failed to find provider info for filters.demo.activities.filterdemocontentprovider
07-25 13:13:32.609  1348  2783 D WindowManager: finishDrawing: syncSeqId=0, postDrawTransaction=android.view.SurfaceControl$Transaction@875eb2d, mSyncState=0, mDrawState=1, hasSyncHandlers=false, mClientWasDrawingForSync=false, win=Window{adee869 u0 com.android.launcher3/com.android.searchlauncher.SearchLauncher}-[Surface(name=*Title#3136)/@0x8542e03]
07-25 13:13:32.613 31751  6249 E ActivityThread: Failed to find provider info for com.google.android.apps.photos.api.sample.SpecialTypesProvider
07-25 13:13:32.614 31751  6249 E ActivityThread: Failed to find provider info for com.google.android.apps.photos.api.sample.StabilizeDemoContentProvider
07-25 13:13:32.614 31751  7233 E ActivityThread: Failed to find provider info for com.google.android.apps.photos.api.sample.SpecialTypesProvider
07-25 13:13:32.615 31751  7233 E ActivityThread: Failed to find provider info for com.google.android.apps.photos.api.sample.StabilizeDemoContentProvider
07-25 13:13:32.615 31751  6249 E ActivityThread: Failed to find provider info for filters.demo.activities.filterdemocontentprovider
07-25 13:13:32.616 31751  7233 E ActivityThread: Failed to find provider info for filters.demo.activities.filterdemocontentprovider
07-25 13:13:32.629 31751  6249 E ActivityThread: Failed to find provider info for com.google.android.apps.photos.api.sample.SpecialTypesProvider
07-25 13:13:32.633 31751  6249 E ActivityThread: Failed to find provider info for com.google.android.apps.photos.api.sample.StabilizeDemoContentProvider
07-25 13:13:32.639 31751  7255 E ActivityThread: Failed to find provider info for com.google.android.apps.photos.api.sample.SpecialTypesProvider
07-25 13:13:32.639 31751  6249 E ActivityThread: Failed to find provider info for filters.demo.activities.filterdemocontentprovider
07-25 13:13:32.640 31751  7255 E ActivityThread: Failed to find provider info for com.google.android.apps.photos.api.sample.StabilizeDemoContentProvider
07-25 13:13:32.642 31751  7255 E ActivityThread: Failed to find provider info for filters.demo.activities.filterdemocontentprovider
07-25 13:13:32.656 31751  6249 E ActivityThread: Failed to find provider info for com.google.android.apps.photos.api.sample.SpecialTypesProvider
07-25 13:13:32.657 31751  6249 E ActivityThread: Failed to find provider info for com.google.android.apps.photos.api.sample.StabilizeDemoContentProvider
07-25 13:13:32.658 31751  6249 E ActivityThread: Failed to find provider info for filters.demo.activities.filterdemocontentprovider
07-25 13:13:32.662 31751  7233 E ActivityThread: Failed to find provider info for com.google.android.apps.photos.api.sample.SpecialTypesProvider
07-25 13:13:32.665 31751  7233 E ActivityThread: Failed to find provider info for com.google.android.apps.photos.api.sample.StabilizeDemoContentProvider
07-25 13:13:32.666 31751  7233 E ActivityThread: Failed to find provider info for filters.demo.activities.filterdemocontentprovider
07-25 13:13:32.681 31751  7255 E ActivityThread: Failed to find provider info for com.google.android.apps.photos.api.sample.SpecialTypesProvider
07-25 13:13:32.681 31751  6249 E ActivityThread: Failed to find provider info for com.google.android.apps.photos.api.sample.SpecialTypesProvider
07-25 13:13:32.682 31751  7255 E ActivityThread: Failed to find provider info for com.google.android.apps.photos.api.sample.StabilizeDemoContentProvider
07-25 13:13:32.682 31751  7255 E ActivityThread: Failed to find provider info for filters.demo.activities.filterdemocontentprovider
07-25 13:13:32.682 31751  6249 E ActivityThread: Failed to find provider info for com.google.android.apps.photos.api.sample.StabilizeDemoContentProvider
07-25 13:13:32.683 31751  6249 E ActivityThread: Failed to find provider info for filters.demo.activities.filterdemocontentprovider
07-25 13:13:32.695 31751  7255 E ActivityThread: Failed to find provider info for com.google.android.apps.photos.api.sample.SpecialTypesProvider
07-25 13:13:32.696 31751  7255 E ActivityThread: Failed to find provider info for com.google.android.apps.photos.api.sample.StabilizeDemoContentProvider
07-25 13:13:32.697 31751  7255 E ActivityThread: Failed to find provider info for filters.demo.activities.filterdemocontentprovider
07-25 13:13:32.698 31751  7233 E ActivityThread: Failed to find provider info for com.google.android.apps.photos.api.sample.SpecialTypesProvider
07-25 13:13:32.699 31751  7233 E ActivityThread: Failed to find provider info for com.google.android.apps.photos.api.sample.StabilizeDemoContentProvider
07-25 13:13:32.700 31751  7233 E ActivityThread: Failed to find provider info for filters.demo.activities.filterdemocontentprovider
07-25 13:13:32.710 31751  6249 E ActivityThread: Failed to find provider info for com.google.android.apps.photos.api.sample.SpecialTypesProvider
07-25 13:13:32.711 31751  6249 E ActivityThread: Failed to find provider info for com.google.android.apps.photos.api.sample.StabilizeDemoContentProvider
07-25 13:13:32.711 31751  6249 E ActivityThread: Failed to find provider info for filters.demo.activities.filterdemocontentprovider
07-25 13:13:32.711 31751  7255 E ActivityThread: Failed to find provider info for com.google.android.apps.photos.api.sample.SpecialTypesProvider
07-25 13:13:32.712 31751  7255 E ActivityThread: Failed to find provider info for com.google.android.apps.photos.api.sample.StabilizeDemoContentProvider
07-25 13:13:32.712 31751  7255 E ActivityThread: Failed to find provider info for filters.demo.activities.filterdemocontentprovider
07-25 13:13:32.720 31751  6249 E ActivityThread: Failed to find provider info for com.google.android.apps.photos.api.sample.SpecialTypesProvider
07-25 13:13:32.720 31751  6249 E ActivityThread: Failed to find provider info for com.google.android.apps.photos.api.sample.StabilizeDemoContentProvider
07-25 13:13:32.722 31751  6249 E ActivityThread: Failed to find provider info for filters.demo.activities.filterdemocontentprovider
07-25 13:13:32.722 31751  7233 E ActivityThread: Failed to find provider info for com.google.android.apps.photos.api.sample.SpecialTypesProvider
07-25 13:13:32.723 31751  7233 E ActivityThread: Failed to find provider info for com.google.android.apps.photos.api.sample.StabilizeDemoContentProvider
07-25 13:13:32.726 31751  7233 E ActivityThread: Failed to find provider info for filters.demo.activities.filterdemocontentprovider
07-25 13:13:32.738 31751  7255 E ActivityThread: Failed to find provider info for com.google.android.apps.photos.api.sample.SpecialTypesProvider
07-25 13:13:32.739 31751  7255 E ActivityThread: Failed to find provider info for com.google.android.apps.photos.api.sample.StabilizeDemoContentProvider
07-25 13:13:32.739 31751  6249 E ActivityThread: Failed to find provider info for com.google.android.apps.photos.api.sample.SpecialTypesProvider
07-25 13:13:32.739 31751  7255 E ActivityThread: Failed to find provider info for filters.demo.activities.filterdemocontentprovider
07-25 13:13:32.739 31751  6249 E ActivityThread: Failed to find provider info for com.google.android.apps.photos.api.sample.StabilizeDemoContentProvider
07-25 13:13:32.741 31751  6249 E ActivityThread: Failed to find provider info for filters.demo.activities.filterdemocontentprovider
07-25 13:13:32.755 31751  7233 E ActivityThread: Failed to find provider info for com.google.android.apps.photos.api.sample.SpecialTypesProvider
07-25 13:13:32.758 31751  7233 E ActivityThread: Failed to find provider info for com.google.android.apps.photos.api.sample.StabilizeDemoContentProvider
07-25 13:13:32.758 31751  7255 E ActivityThread: Failed to find provider info for com.google.android.apps.photos.api.sample.SpecialTypesProvider
07-25 13:13:32.759 31751  7233 E ActivityThread: Failed to find provider info for filters.demo.activities.filterdemocontentprovider
07-25 13:13:32.762 31751  7255 E ActivityThread: Failed to find provider info for com.google.android.apps.photos.api.sample.StabilizeDemoContentProvider
07-25 13:13:32.763 31751  7255 E ActivityThread: Failed to find provider info for filters.demo.activities.filterdemocontentprovider
07-25 13:13:32.774 31751  6249 E ActivityThread: Failed to find provider info for com.google.android.apps.photos.api.sample.SpecialTypesProvider
07-25 13:13:32.775 31751  6249 E ActivityThread: Failed to find provider info for com.google.android.apps.photos.api.sample.StabilizeDemoContentProvider
07-25 13:13:32.776 31751  6249 E ActivityThread: Failed to find provider info for filters.demo.activities.filterdemocontentprovider
07-25 13:13:32.776 31751  7233 E ActivityThread: Failed to find provider info for com.google.android.apps.photos.api.sample.SpecialTypesProvider
07-25 13:13:32.777 31751  7233 E ActivityThread: Failed to find provider info for com.google.android.apps.photos.api.sample.StabilizeDemoContentProvider
07-25 13:13:32.782 31751  7233 E ActivityThread: Failed to find provider info for filters.demo.activities.filterdemocontentprovider
07-25 13:13:32.794 31751  7255 E ActivityThread: Failed to find provider info for com.google.android.apps.photos.api.sample.SpecialTypesProvider
07-25 13:13:32.794 31751  7255 E ActivityThread: Failed to find provider info for com.google.android.apps.photos.api.sample.StabilizeDemoContentProvider
07-25 13:13:32.796 31751  7255 E ActivityThread: Failed to find provider info for filters.demo.activities.filterdemocontentprovider
07-25 13:13:32.796 31751  6249 E ActivityThread: Failed to find provider info for com.google.android.apps.photos.api.sample.SpecialTypesProvider
07-25 13:13:32.796 31751  6249 E ActivityThread: Failed to find provider info for com.google.android.apps.photos.api.sample.StabilizeDemoContentProvider
07-25 13:13:32.796 31751  6249 E ActivityThread: Failed to find provider info for filters.demo.activities.filterdemocontentprovider
07-25 13:13:32.813 31751  7233 E ActivityThread: Failed to find provider info for com.google.android.apps.photos.api.sample.SpecialTypesProvider
07-25 13:13:32.815  1348  1491 D UnisocGestureLauncherService:  isOkToCall  allowSOS=true
07-25 13:13:32.815  1348  1491 D UnisocGestureLauncherService:  isOkToCall  allowSOS=true
07-25 13:13:32.816  1348  1491 D WindowManager: Receive Input KeyEvent of Powerkey down
07-25 13:13:32.816 31751  7255 E ActivityThread: Failed to find provider info for com.google.android.apps.photos.api.sample.SpecialTypesProvider
07-25 13:13:32.817 31751  7233 E ActivityThread: Failed to find provider info for com.google.android.apps.photos.api.sample.StabilizeDemoContentProvider
07-25 13:13:32.819 31751  7233 E ActivityThread: Failed to find provider info for filters.demo.activities.filterdemocontentprovider
07-25 13:13:32.819 31751  7255 E ActivityThread: Failed to find provider info for com.google.android.apps.photos.api.sample.StabilizeDemoContentProvider
07-25 13:13:32.819 31751  7255 E ActivityThread: Failed to find provider info for filters.demo.activities.filterdemocontentprovider
07-25 13:13:32.820  1348  1491 I WindowManager: mOppoEngineerHelper.onPwkPressed();
07-25 13:13:32.821  1348  1370 D CompatibilityChangeReporter: Compat change id reported: 173031413; UID 1000; state: ENABLED
07-25 13:13:32.834 31751  6249 E ActivityThread: Failed to find provider info for com.google.android.apps.photos.api.sample.SpecialTypesProvider
07-25 13:13:32.837 31751  6249 E ActivityThread: Failed to find provider info for com.google.android.apps.photos.api.sample.StabilizeDemoContentProvider
07-25 13:13:32.839  1348  1348 D ActivityManager: PROFILE_FROM_SHELL is disabled for ProcessRecord{190efe0 0:com.instagram.android/u0a214}
07-25 13:13:32.839  1348  1348 D CompatibilityChangeReporter: Compat change id reported: 135634846; UID 10214; state: DISABLED
07-25 13:13:32.839  1348  1348 D CompatibilityChangeReporter: Compat change id reported: 177438394; UID 10214; state: DISABLED
07-25 13:13:32.839  1348  1348 D CompatibilityChangeReporter: Compat change id reported: 135772972; UID 10214; state: DISABLED
07-25 13:13:32.839  1348  1348 D CompatibilityChangeReporter: Compat change id reported: 135754954; UID 10214; state: ENABLED
07-25 13:13:32.840  1348  1381 D ActivityManager: asking zygote to start proc:ProcessRecord{190efe0 0:com.instagram.android/u0a214}
07-25 13:13:32.840  1348  1381 D CompatibilityChangeReporter: Compat change id reported: 143937733; UID 10214; state: ENABLED
07-25 13:13:32.840  1348  1381 D Prefork : startResult is empty and running normal execution.
07-25 13:13:32.841 31751  7255 E ActivityThread: Failed to find provider info for com.google.android.apps.photos.api.sample.SpecialTypesProvider
07-25 13:13:32.841 31751  7255 E ActivityThread: Failed to find provider info for com.google.android.apps.photos.api.sample.StabilizeDemoContentProvider
07-25 13:13:32.842 31751  6249 E ActivityThread: Failed to find provider info for filters.demo.activities.filterdemocontentprovider
07-25 13:13:32.845 31751  7255 E ActivityThread: Failed to find provider info for filters.demo.activities.filterdemocontentprovider
07-25 13:13:32.856 31751  7233 E ActivityThread: Failed to find provider info for com.google.android.apps.photos.api.sample.SpecialTypesProvider
07-25 13:13:32.859 31751  7233 E ActivityThread: Failed to find provider info for com.google.android.apps.photos.api.sample.StabilizeDemoContentProvider
07-25 13:13:32.859 31751  7233 E ActivityThread: Failed to find provider info for filters.demo.activities.filterdemocontentprovider
07-25 13:13:32.860  1348  1381 I ActivityManager: Start proc 7308:com.instagram.android/u0a214 for service {com.instagram.android/androidx.work.impl.background.systemjob.SystemJobService}
07-25 13:13:32.861 31751  6249 E ActivityThread: Failed to find provider info for com.google.android.apps.photos.api.sample.SpecialTypesProvider
07-25 13:13:32.863 31751  6249 E ActivityThread: Failed to find provider info for com.google.android.apps.photos.api.sample.StabilizeDemoContentProvider
07-25 13:13:32.864 31751  6249 E ActivityThread: Failed to find provider info for filters.demo.activities.filterdemocontentprovider
07-25 13:13:32.868 31751  7255 E ActivityThread: Failed to find provider info for com.google.android.apps.photos.api.sample.SpecialTypesProvider
07-25 13:13:32.870 31751  7255 E ActivityThread: Failed to find provider info for com.google.android.apps.photos.api.sample.StabilizeDemoContentProvider
07-25 13:13:32.872 31751  7255 E ActivityThread: Failed to find provider info for filters.demo.activities.filterdemocontentprovider
07-25 13:13:32.874  1348  1372 I DisplayDeviceRepository: Display device changed: DisplayDeviceInfo{"Built-in Screen": uniqueId="local:0", 720 x 1600, modeId 2, defaultModeId 1, supportedModes [{id=1, width=720, height=1600, fps=60.0, alternativeRefreshRates=[90.0]}, {id=2, width=720, height=1600, fps=90.0, alternativeRefreshRates=[60.0]}], colorMode 0, supportedColorModes [0], hdrCapabilities HdrCapabilities{mSupportedHdrTypes=[], mMaxLuminance=500.0, mMaxAverageLuminance=500.0, mMinLuminance=0.0}, allmSupported false, gameContentTypeSupported false, density 320, 257.577 x 260.512 dpi, appVsyncOff -4000000, presDeadline 15111111, cutout DisplayCutout{insets=Rect(0, 64 - 0, 0) waterfall=Insets{left=0, top=0, right=0, bottom=0} boundingRect={Bounds=[Rect(0, 0 - 0, 0), Rect(322, 0 - 398, 64), Rect(0, 0 - 0, 0), Rect(0, 0 - 0, 0)]} cutoutPathParserInfo={CutoutPathParserInfo{displayWidth=720 displayHeight=1600 physicalDisplayWidth=720 physicalDisplayHeight=1600 density={2.0} cutoutSpec={M -38,0 L -38,64 L 38,64 L 38,0 Z} rotation={0} scale={1.0} physicalPixelDisplaySizeRatio={1.0}}}}, touch INTERNAL, rotation 0, type INTERNAL, address {port=0}, deviceProductInfo null, state ON, frameRateOverride , brightnessMinimum 0.0, brightnessMaximum 1.0, brightnessDefault 0.3167565, FLAG_ALLOWED_TO_BE_DEFAULT_DISPLAY, FLAG_ROTATES_WITH_CONTENT, FLAG_SECURE, FLAG_SUPPORTS_PROTECTED_BUFFERS, installOrientation 0}
07-25 13:13:32.887 31751  6249 E ActivityThread: Failed to find provider info for com.google.android.apps.photos.api.sample.SpecialTypesProvider
07-25 13:13:32.888 31751  6249 E ActivityThread: Failed to find provider info for com.google.android.apps.photos.api.sample.StabilizeDemoContentProvider
07-25 13:13:32.889 31751  6249 E ActivityThread: Failed to find provider info for filters.demo.activities.filterdemocontentprovider
07-25 13:13:32.892 31751  7233 E ActivityThread: Failed to find provider info for com.google.android.apps.photos.api.sample.SpecialTypesProvider
07-25 13:13:32.893 31751  7233 E ActivityThread: Failed to find provider info for com.google.android.apps.photos.api.sample.StabilizeDemoContentProvider
07-25 13:13:32.893 31751  7233 E ActivityThread: Failed to find provider info for filters.demo.activities.filterdemocontentprovider
07-25 13:13:32.908 31751  7255 E ActivityThread: Failed to find provider info for com.google.android.apps.photos.api.sample.SpecialTypesProvider
07-25 13:13:32.909 31751  7255 E ActivityThread: Failed to find provider info for com.google.android.apps.photos.api.sample.StabilizeDemoContentProvider
07-25 13:13:32.910 31751  7255 E ActivityThread: Failed to find provider info for filters.demo.activities.filterdemocontentprovider
07-25 13:13:32.916 31751  6249 E ActivityThread: Failed to find provider info for com.google.android.apps.photos.api.sample.SpecialTypesProvider
07-25 13:13:32.916 31751  6249 E ActivityThread: Failed to find provider info for com.google.android.apps.photos.api.sample.StabilizeDemoContentProvider
07-25 13:13:32.916 31751  6249 E ActivityThread: Failed to find provider info for filters.demo.activities.filterdemocontentprovider
07-25 13:13:32.930 31751  7233 E ActivityThread: Failed to find provider info for com.google.android.apps.photos.api.sample.SpecialTypesProvider
07-25 13:13:32.931 31751  7255 E ActivityThread: Failed to find provider info for com.google.android.apps.photos.api.sample.SpecialTypesProvider
07-25 13:13:32.931 31751  7233 E ActivityThread: Failed to find provider info for com.google.android.apps.photos.api.sample.StabilizeDemoContentProvider
07-25 13:13:32.932 31751  7255 E ActivityThread: Failed to find provider info for com.google.android.apps.photos.api.sample.StabilizeDemoContentProvider
07-25 13:13:32.932 31751  7233 E ActivityThread: Failed to find provider info for filters.demo.activities.filterdemocontentprovider
07-25 13:13:32.933 31751  7255 E ActivityThread: Failed to find provider info for filters.demo.activities.filterdemocontentprovider
07-25 13:13:32.934  1348  1348 D WindowManager: powerPress: eventTime=12406416 interactive=true count=1 beganFromNonInteractive=false mShortPressOnPowerBehavior=1
07-25 13:13:32.935  1348  1348 I PowerGroup: Powering off display group due to power_button (groupId= 0, uid= 1000)...
07-25 13:13:32.935  1348  1491 D WindowManager: Receive Input KeyEvent of Powerkey up
07-25 13:13:32.935  1348  1348 I PowerManagerService: Going to sleep due to power_button (uid 1000)...
07-25 13:13:32.935  1348  1491 I WindowManager: mOppoEngineerHelper.onPwkReleased();
07-25 13:13:32.937  1348  1372 D AOSP_SafeCenter OplusAccessControlManagerService: onAwakeStateChanged : false
07-25 13:13:32.937  1348  1372 W AOSP_SafeCenter OplusAccessControlManagerService: removeAccessControlPassAsUser : com.android.server.wm.OplusAccessControlManagerService$1.onAwakeStateChanged:321 com.android.server.wm.ActivityTaskManagerService.lambda$onScreenAwakeChanged$3$com-android-server-wm-ActivityTaskManagerService:2875 com.android.server.wm.ActivityTaskManagerService$$ExternalSyntheticLambda13.run:4 android.os.Handler.handleCallback:942 android.os.Handler.dispatchMessage:99 android.os.Looper.loopOnce:201 android.os.Looper.loop:288 android.os.HandlerThread.run:67 com.android.server.ServiceThread.run:44 <bottom of call stack> <bottom of call stack> <bottom of call stack> <bottom of call stack> <bottom of call stack> <bottom of call stack> 
07-25 13:13:32.960  1348  1457 E PowerControllerImpl: isUltraPowerSaveMode, isUltraPowerSave: false
07-25 13:13:32.963  1348  1457 E PowerControllerImpl: isUltraPowerSaveMode, isUltraPowerSave: false
07-25 13:13:32.976 31751  7233 E ActivityThread: Failed to find provider info for com.google.android.apps.photos.api.sample.SpecialTypesProvider
07-25 13:13:32.977 31751  7233 E ActivityThread: Failed to find provider info for com.google.android.apps.photos.api.sample.StabilizeDemoContentProvider
07-25 13:13:32.977 31751  7233 E ActivityThread: Failed to find provider info for filters.demo.activities.filterdemocontentprovider
07-25 13:13:32.992 31751  6249 E ActivityThread: Failed to find provider info for com.google.android.apps.photos.api.sample.SpecialTypesProvider
07-25 13:13:33.000 31751  7255 E ActivityThread: Failed to find provider info for com.google.android.apps.photos.api.sample.SpecialTypesProvider
07-25 13:13:33.005 31751  6249 E ActivityThread: Failed to find provider info for com.google.android.apps.photos.api.sample.StabilizeDemoContentProvider
07-25 13:13:33.009 31751  7255 E ActivityThread: Failed to find provider info for com.google.android.apps.photos.api.sample.StabilizeDemoContentProvider
07-25 13:13:33.015 31751  6249 E ActivityThread: Failed to find provider info for filters.demo.activities.filterdemocontentprovider
07-25 13:13:33.023 31751  7255 E ActivityThread: Failed to find provider info for filters.demo.activities.filterdemocontentprovider
07-25 13:13:33.042 31751  7233 E ActivityThread: Failed to find provider info for com.google.android.apps.photos.api.sample.SpecialTypesProvider
07-25 13:13:33.043 31751  7233 E ActivityThread: Failed to find provider info for com.google.android.apps.photos.api.sample.StabilizeDemoContentProvider
07-25 13:13:33.043 31751  7233 E ActivityThread: Failed to find provider info for filters.demo.activities.filterdemocontentprovider
07-25 13:13:33.057 31751  6249 E ActivityThread: Failed to find provider info for com.google.android.apps.photos.api.sample.SpecialTypesProvider
07-25 13:13:33.059 31751  6249 E ActivityThread: Failed to find provider info for com.google.android.apps.photos.api.sample.StabilizeDemoContentProvider
07-25 13:13:33.060 31751  6249 E ActivityThread: Failed to find provider info for filters.demo.activities.filterdemocontentprovider
07-25 13:13:33.062 31751  7255 E ActivityThread: Failed to find provider info for com.google.android.apps.photos.api.sample.SpecialTypesProvider
07-25 13:13:33.064 31751  7255 E ActivityThread: Failed to find provider info for com.google.android.apps.photos.api.sample.StabilizeDemoContentProvider
07-25 13:13:33.066  1348  1413 I DisplayPowerController[0]: Blocking screen off
07-25 13:13:33.066  1348  1413 I DisplayPowerController[0]: Unblocked screen off after 1 ms
07-25 13:13:33.067  1348  1413 D UnisocPhoneWindowManager: unregisterThreefingerGesturePointerListener
07-25 13:13:33.069 31751  7255 E ActivityThread: Failed to find provider info for filters.demo.activities.filterdemocontentprovider
07-25 13:13:33.071  1348  1378 I UnisocAntiAging: do reclaim, freeMem:1453960 KB, mOomMinFree:[434176, 212992, 176128] KB, reclaimLevel:0
07-25 13:13:33.087 31751  7233 E ActivityThread: Failed to find provider info for com.google.android.apps.photos.api.sample.SpecialTypesProvider
07-25 13:13:33.089 31751  7233 E ActivityThread: Failed to find provider info for com.google.android.apps.photos.api.sample.StabilizeDemoContentProvider
07-25 13:13:33.090 31751  7233 E ActivityThread: Failed to find provider info for filters.demo.activities.filterdemocontentprovider
07-25 13:13:33.093  1348  1413 D ActivityTaskManager: Top Process State changed to PROCESS_STATE_TOP_SLEEPING
07-25 13:13:33.100  1348  1413 D RampAnimator: brightnessFloatToInt animateValue : 0.0 modeData :0
07-25 13:13:33.103  1348  1413 D RampAnimator: setEnhanceMode mLastGammaMode: 0
07-25 13:13:33.103  1348  1413 D RampAnimator: brightnessFloatToInt animateValue : 0.0 modeData :0
07-25 13:13:33.103  1348  1413 D RampAnimator: setEnhanceMode mLastGammaMode: 0
07-25 13:13:33.103  1348  1413 V DisplayPowerController[0]: Brightness [0.0] reason changing to: 'screen_off', previous reason: 'manual'.
07-25 13:13:33.103  1348  1413 I DisplayPowerController[0]: BrightnessEvent: disp=0, brt=0.0, rcmdBrt=NaN, preBrt=NaN, lux=0.0, preLux=0.0, hbmMax=1.0, hbmMode=off, thrmMax=1.0, flags=, reason=screen_off
07-25 13:13:33.106  1348  1372 I DisplayDeviceRepository: Display device changed state: "Built-in Screen", OFF
07-25 13:13:33.108  1348  1362 I WindowManager: Input focus has changed to null from adee869 com.android.launcher3/com.android.searchlauncher.SearchLauncher mDisplayId 0 updateInputWindows false, callers=com.android.server.wm.DisplayContent.updateFocusedWindowLocked:3706 com.android.server.wm.RootWindowContainer.updateFocusedWindowLocked:493 com.android.server.wm.WindowManagerService.updateFocusedWindowLocked:6248 com.android.server.wm.ActivityRecord.commitVisibility:5357 com.android.server.wm.ActivityRecord.commitVisibility:5368 
07-25 13:13:33.109 31751  6249 E ActivityThread: Failed to find provider info for com.google.android.apps.photos.api.sample.SpecialTypesProvider
07-25 13:13:33.110 31751  6249 E ActivityThread: Failed to find provider info for com.google.android.apps.photos.api.sample.StabilizeDemoContentProvider
07-25 13:13:33.111 31751  6249 E ActivityThread: Failed to find provider info for filters.demo.activities.filterdemocontentprovider
07-25 13:13:33.117 31751  7255 E ActivityThread: Failed to find provider info for com.google.android.apps.photos.api.sample.SpecialTypesProvider
07-25 13:13:33.120 31751  7255 E ActivityThread: Failed to find provider info for com.google.android.apps.photos.api.sample.StabilizeDemoContentProvider
07-25 13:13:33.123 31751  7255 E ActivityThread: Failed to find provider info for filters.demo.activities.filterdemocontentprovider
07-25 13:13:33.143  1348  2508 D CompatibilityChangeReporter: Compat change id reported: 161145287; UID 10205; state: DISABLED
07-25 13:13:33.146 31751  7233 E ActivityThread: Failed to find provider info for com.google.android.apps.photos.api.sample.SpecialTypesProvider
07-25 13:13:33.147 31751  7233 E ActivityThread: Failed to find provider info for com.google.android.apps.photos.api.sample.StabilizeDemoContentProvider
07-25 13:13:33.150 31751  7233 E ActivityThread: Failed to find provider info for filters.demo.activities.filterdemocontentprovider
07-25 13:13:33.165 19112 21197 E ActivityThread: Failed to find provider info for com.android.launcher3.EventContentProvider
07-25 13:13:33.165 31751  6249 E ActivityThread: Failed to find provider info for com.google.android.apps.photos.api.sample.SpecialTypesProvider
07-25 13:13:33.167 19112 21197 E ActivityThread: Failed to find provider info for com.android.launcher3.EventContentProvider
07-25 13:13:33.168 31751  6249 E ActivityThread: Failed to find provider info for com.google.android.apps.photos.api.sample.StabilizeDemoContentProvider
07-25 13:13:33.173 31751  6249 E ActivityThread: Failed to find provider info for filters.demo.activities.filterdemocontentprovider
07-25 13:13:33.201 31751  7255 E ActivityThread: Failed to find provider info for com.google.android.apps.photos.api.sample.SpecialTypesProvider
07-25 13:13:33.214 31751  7255 E ActivityThread: Failed to find provider info for com.google.android.apps.photos.api.sample.StabilizeDemoContentProvider
07-25 13:13:33.228 31751  7255 E ActivityThread: Failed to find provider info for filters.demo.activities.filterdemocontentprovider
07-25 13:13:33.229  1348  1776 W PackageManager: try to disable com.Slack
07-25 13:13:33.229  1348  1776 W PackageManager: OPERATOR_CODENULL
07-25 13:13:33.229  1348  1776 D PackageManager: Considering set com.Slack/slack.features.customstatus.widget.CustomStatusWidgetReceiver's state as 2 with userId = 0, callingPackage = null
07-25 13:13:33.237 31751  7233 E ActivityThread: Failed to find provider info for com.google.android.apps.photos.api.sample.SpecialTypesProvider
07-25 13:13:33.238 31751  7233 E ActivityThread: Failed to find provider info for com.google.android.apps.photos.api.sample.StabilizeDemoContentProvider
07-25 13:13:33.245 31751  7233 E ActivityThread: Failed to find provider info for filters.demo.activities.filterdemocontentprovider
07-25 13:13:33.275  1348  2801 V AlarmManager: set(null) : type=3 listener=android.app.AlarmManager$ListenerWrapper@4e2e77 listenerTag=*job.delay* workSource=WorkSource{10074 com.glance.lockscreenRealme} callingPackage=android callingUid=1000 triggerAtTime=33841595 win=210773 tElapsed=33841595 maxElapsed=34052368 interval=0 flags=0x0
07-25 13:13:33.335 31751  6249 E ActivityThread: Failed to find provider info for com.google.android.apps.photos.api.sample.SpecialTypesProvider
07-25 13:13:33.336 31751  6249 E ActivityThread: Failed to find provider info for com.google.android.apps.photos.api.sample.StabilizeDemoContentProvider
07-25 13:13:33.336 31751  7255 E ActivityThread: Failed to find provider info for com.google.android.apps.photos.api.sample.SpecialTypesProvider
07-25 13:13:33.337 31751  7255 E ActivityThread: Failed to find provider info for com.google.android.apps.photos.api.sample.StabilizeDemoContentProvider
07-25 13:13:33.337 31751  6249 E ActivityThread: Failed to find provider info for filters.demo.activities.filterdemocontentprovider
07-25 13:13:33.343  1348  1413 I PowerGroup: Sleeping power group (groupId=0, uid=1000)...
07-25 13:13:33.343  1348  1413 I PowerManagerService: Sleeping (uid 1000)...
07-25 13:13:33.343  1348  1853 D PowerController.BgClean: new VisibleActivities:com.android.launcher3
07-25 13:13:33.343  1348  1853 D PowerController.BgClean: updateVisibleActivities done
07-25 13:13:33.345 31751  7255 E ActivityThread: Failed to find provider info for filters.demo.activities.filterdemocontentprovider
07-25 13:13:33.363  1348  1480 D AlarmManagerHelper: setHeartBeatAdjustEnable() enable = true, updated = false
07-25 13:13:33.363  1348  1480 D AlarmManager: rebatchAllAlarms
07-25 13:13:33.364  1348  1372 I DisplayDeviceRepository: Display device changed: DisplayDeviceInfo{"Built-in Screen": uniqueId="local:0", 720 x 1600, modeId 1, defaultModeId 1, supportedModes [{id=1, width=720, height=1600, fps=60.0, alternativeRefreshRates=[90.0]}, {id=2, width=720, height=1600, fps=90.0, alternativeRefreshRates=[60.0]}], colorMode 0, supportedColorModes [0], hdrCapabilities HdrCapabilities{mSupportedHdrTypes=[], mMaxLuminance=500.0, mMaxAverageLuminance=500.0, mMinLuminance=0.0}, allmSupported false, gameContentTypeSupported false, density 320, 257.577 x 260.512 dpi, appVsyncOff 1000000, presDeadline 16666667, cutout DisplayCutout{insets=Rect(0, 64 - 0, 0) waterfall=Insets{left=0, top=0, right=0, bottom=0} boundingRect={Bounds=[Rect(0, 0 - 0, 0), Rect(322, 0 - 398, 64), Rect(0, 0 - 0, 0), Rect(0, 0 - 0, 0)]} cutoutPathParserInfo={CutoutPathParserInfo{displayWidth=720 displayHeight=1600 physicalDisplayWidth=720 physicalDisplayHeight=1600 density={2.0} cutoutSpec={M -38,0 L -38,64 L 38,64 L 38,0 Z} rotation={0} scale={1.0} physicalPixelDisplaySizeRatio={1.0}}}}, touch INTERNAL, rotation 0, type INTERNAL, address {port=0}, deviceProductInfo null, state OFF, frameRateOverride , brightnessMinimum 0.0, brightnessMaximum 1.0, brightnessDefault 0.3167565, FLAG_ALLOWED_TO_BE_DEFAULT_DISPLAY, FLAG_ROTATES_WITH_CONTENT, FLAG_SECURE, FLAG_SUPPORTS_PROTECTED_BUFFERS, installOrientation 0}
07-25 13:13:33.365  1348  1480 D AlarmManager: rebatchAllAlarms:changed:true
07-25 13:13:33.380  1348  1348 V AlarmManager: set(null) : type=2 listener=android.app.AlarmManager$ListenerWrapper@aa3ae21 listenerTag=JS idleness workSource=null callingPackage=android callingUid=1000 triggerAtTime=35420668 win=300000 tElapsed=35420668 maxElapsed=35720668 interval=0 flags=0x8
07-25 13:13:33.384  1348  1853 V AlarmManager: set(PendingIntent{4c749b8: PendingIntentRecord{da0a391 android broadcastIntent}}) : type=3 listener=null listenerTag=null workSource=null callingPackage=android callingUid=1000 triggerAtTime=33565672 win=0 tElapsed=33565672 maxElapsed=33565672 interval=0 flags=0x8
07-25 13:13:33.385  1348  1854 D PowerController.RecogA: packageName:com.google.android.as mFgEvent:SYSTEM_INTERACTION mLastTimeFgEventChanged:19708806 mLastLaunchTime:0 mProcState:PROCESS_STATE_BOUND_FOREGROUND_SERVICE mLastTimeProcStateChanged:93299 mNotificationState:0 mLastTimeNotificationStateChanged:0 mAudioState:0 mLastTimeAudioStateChanged:0 mRequestGps:true mAvoidConstraintGps:false mBehaviorType:0 mScreenOn:false mLastTimeScreenStateChanged:33560674 mLastBgTime:0 mFgDuration:0 mAudioDuration:0 mBgAudioDuration:0 mHasNoClearNotificationWhenNavi:false
07-25 13:13:33.385  1348  1854 D PowerController.RecogA: packageName:com.spreadtrum.ims mFgEvent:SYSTEM_INTERACTION mLastTimeFgEventChanged:716615 mLastLaunchTime:0 mProcState:PROCESS_STATE_CACHED_EMPTY mLastTimeProcStateChanged:0 mNotificationState:0 mLastTimeNotificationStateChanged:0 mAudioState:0 mLastTimeAudioStateChanged:0 mRequestGps:true mAvoidConstraintGps:false mBehaviorType:0 mScreenOn:false mLastTimeScreenStateChanged:33560674 mLastBgTime:0 mFgDuration:0 mAudioDuration:0 mBgAudioDuration:0 mHasNoClearNotificationWhenNavi:false
07-25 13:13:33.385  1348  1854 D PowerController.RecogA: packageName:com.google.android.gms mFgEvent:APP_COMPONENT_USED mLastTimeFgEventChanged:33525464 mLastLaunchTime:0 mProcState:PROCESS_STATE_CACHED_EMPTY mLastTimeProcStateChanged:0 mNotificationState:0 mLastTimeNotificationStateChanged:0 mAudioState:0 mLastTimeAudioStateChanged:0 mRequestGps:true mAvoidConstraintGps:false mBehaviorType:0 mScreenOn:false mLastTimeScreenStateChanged:33560674 mLastBgTime:0 mFgDuration:0 mAudioDuration:0 mBgAudioDuration:0 mHasNoClearNotificationWhenNavi:false
07-25 13:13:33.387  1348  1348 D BiometricService: Sensor ID(4), oemStrength: 4095, updatedStrength: 4095, modality 8, state: 0, cookie: 0, sensorId 4, hasEnrollments: false cannot participate in Keystore operations
07-25 13:13:33.388  1348  1372 I StorageManagerService: Cmd send onSecureKeyguardStateChanged isShowing = true mSecureKeyguardShowing = true
07-25 13:13:33.388  1348  1372 D AOSP_SafeCenter OplusAccessControlManagerService: onKeyguardStateChanged : true
07-25 13:13:33.388  1348  1853 V AlarmManager: set(PendingIntent{4c749b8: PendingIntentRecord{da0a391 android broadcastIntent}}) : type=3 listener=null listenerTag=null workSource=null callingPackage=android callingUid=1000 triggerAtTime=33860676 win=225000 tElapsed=33860676 maxElapsed=34085676 interval=0 flags=0x8
07-25 13:13:33.388  1348  1372 W AOSP_SafeCenter OplusAccessControlManagerService: removeAccessControlPassAsUser : com.android.server.wm.OplusAccessControlManagerService$1.onKeyguardStateChanged:330 com.android.server.wm.ActivityTaskManagerService.lambda$setLockScreenShown$2$com-android-server-wm-ActivityTaskManagerService:2866 com.android.server.wm.ActivityTaskManagerService$$ExternalSyntheticLambda18.run:4 android.os.Handler.handleCallback:942 android.os.Handler.dispatchMessage:99 android.os.Looper.loopOnce:201 android.os.Looper.loop:288 android.os.HandlerThread.run:67 com.android.server.ServiceThread.run:44 <bottom of call stack> <bottom of call stack> <bottom of call stack> <bottom of call stack> <bottom of call stack> <bottom of call stack> 
07-25 13:13:33.388   433  7324 I keystore2: keystore2::authorization: on_lock_screen_event(LockScreenEvent(1), user_id=0, password.is_some()=false, unlocking_sids=Some([1643839007188323743]))
07-25 13:13:33.389   433  7324 I keystore2: keystore2::super_key: Locking screen bound for user 0 sids [1643839007188323743]
07-25 13:13:33.389  1348  1853 V AlarmManager: set(null) : type=3 listener=android.app.AlarmManager$ListenerWrapper@5456246 listenerTag=PowerController.BgClean workSource=null callingPackage=android callingUid=1000 triggerAtTime=33620665 win=44991 tElapsed=33620665 maxElapsed=33665656 interval=0 flags=0x8
07-25 13:13:33.399  1348  1853 D PowerManagerService: checkWakeLock wake lock:*job*/com.google.android.apps.photos/androidx.work.impl.background.systemjob.SystemJobService from android(1000) duration:102249
07-25 13:13:33.399  1348  1853 D PowerManagerService: checkWakeLock wake lock:*job*/com.google.android.apps.photos/com.google.android.libraries.social.async.BackgroundTaskJobService from android(1000) duration:35372
07-25 13:13:33.399  1348  1853 D PowerManagerService: checkWakeLock wake lock:AudioIn from audioserver(1041) duration:34463
07-25 13:13:33.399  1348  1853 D PowerManagerService: checkWakeLock wake lock:*job*/com.mventus.selfcare.activity/androidx.work.impl.background.systemjob.SystemJobService from android(1000) duration:1176
07-25 13:13:33.399  1348  1853 D PowerManagerService: checkWakeLock wake lock:*job*/com.instagram.android/androidx.work.impl.background.systemjob.SystemJobService from android(1000) duration:562
07-25 13:13:33.399  1348  1853 D PowerManagerService: checkWakeLock wake lock:AudioMix from audioserver(1041) duration:381
07-25 13:13:33.399  1348  1853 D PowerManagerService: checkWakeLock wake lock:show keyguard from com.android.systemui(10171) duration:24
07-25 13:13:33.399  1348  1853 D PowerManagerService: checkWakeLock wake lock:*job*/com.Slack/androidx.work.impl.background.systemjob.SystemJobService from android(1000) duration:0
07-25 13:13:33.400  1348  1853 V AlarmManager: set(PendingIntent{4c749b8: PendingIntentRecord{da0a391 android broadcastIntent}}) : type=3 listener=null listenerTag=null workSource=null callingPackage=android callingUid=1000 triggerAtTime=33860688 win=225000 tElapsed=33860688 maxElapsed=34085688 interval=0 flags=0x8
07-25 13:13:33.402  1348  1853 D PowerManagerService: checkWakeLock wake lock:*job*/com.google.android.apps.photos/androidx.work.impl.background.systemjob.SystemJobService from android(1000) duration:102252
07-25 13:13:33.402  1348  1853 D PowerManagerService: checkWakeLock wake lock:*job*/com.google.android.apps.photos/com.google.android.libraries.social.async.BackgroundTaskJobService from android(1000) duration:35375
07-25 13:13:33.402  1348  1853 D PowerManagerService: checkWakeLock wake lock:AudioIn from audioserver(1041) duration:34466
07-25 13:13:33.402  1348  1853 D PowerManagerService: checkWakeLock wake lock:*job*/com.mventus.selfcare.activity/androidx.work.impl.background.systemjob.SystemJobService from android(1000) duration:1179
07-25 13:13:33.402  1348  1853 D PowerManagerService: checkWakeLock wake lock:*job*/com.instagram.android/androidx.work.impl.background.systemjob.SystemJobService from android(1000) duration:565
07-25 13:13:33.402  1348  1853 D PowerManagerService: checkWakeLock wake lock:AudioMix from audioserver(1041) duration:384
07-25 13:13:33.402  1348  1853 D PowerManagerService: checkWakeLock wake lock:show keyguard from com.android.systemui(10171) duration:27
07-25 13:13:33.402  1348  1853 D PowerManagerService: checkWakeLock wake lock:*job*/com.Slack/androidx.work.impl.background.systemjob.SystemJobService from android(1000) duration:3
07-25 13:13:33.402  1348  1853 D PowerManagerService: checkWakeLock wake lock:*job*/com.Slack/androidx.work.impl.background.systemjob.SystemJobService from android(1000) duration:2
07-25 13:13:33.403  1348  1853 V AlarmManager: set(PendingIntent{4c749b8: PendingIntentRecord{da0a391 android broadcastIntent}}) : type=3 listener=null listenerTag=null workSource=null callingPackage=android callingUid=1000 triggerAtTime=33860692 win=225000 tElapsed=33860692 maxElapsed=34085692 interval=0 flags=0x8
07-25 13:13:33.411  1348  1348 D TemperatureManagerService: off mScreenOffBatteryLevel:68
07-25 13:13:33.414  1348  1853 D PowerManagerService: checkWakeLock wake lock:*job*/com.google.android.apps.photos/androidx.work.impl.background.systemjob.SystemJobService from android(1000) duration:102264
07-25 13:13:33.414  1348  1853 D PowerManagerService: checkWakeLock wake lock:*job*/com.google.android.apps.photos/com.google.android.libraries.social.async.BackgroundTaskJobService from android(1000) duration:35387
07-25 13:13:33.414  1348  1853 D PowerManagerService: checkWakeLock wake lock:AudioIn from audioserver(1041) duration:34478
07-25 13:13:33.414  1348  1853 D PowerManagerService: checkWakeLock wake lock:*job*/com.mventus.selfcare.activity/androidx.work.impl.background.systemjob.SystemJobService from android(1000) duration:1191
07-25 13:13:33.414  1348  1853 D PowerManagerService: checkWakeLock wake lock:*job*/com.instagram.android/androidx.work.impl.background.systemjob.SystemJobService from android(1000) duration:577
07-25 13:13:33.415  1348  1853 D PowerManagerService: checkWakeLock wake lock:AudioMix from audioserver(1041) duration:396
07-25 13:13:33.415  1348  1853 D PowerManagerService: checkWakeLock wake lock:show keyguard from com.android.systemui(10171) duration:39
07-25 13:13:33.415  1348  1853 D PowerManagerService: checkWakeLock wake lock:*job*/com.Slack/androidx.work.impl.background.systemjob.SystemJobService from android(1000) duration:14
07-25 13:13:33.423  1348  1853 V AlarmManager: set(PendingIntent{4c749b8: PendingIntentRecord{da0a391 android broadcastIntent}}) : type=3 listener=null listenerTag=null workSource=null callingPackage=android callingUid=1000 triggerAtTime=33860712 win=225000 tElapsed=33860712 maxElapsed=34085712 interval=0 flags=0x8
07-25 13:13:33.427  1348  1348 V AlarmManager: set(null) : type=2 listener=android.app.AlarmManager$ListenerWrapper@962b85d listenerTag=DeviceIdleController.deep workSource=null callingPackage=android callingUid=1000 triggerAtTime=35360715 win=60000 tElapsed=35360715 maxElapsed=35420715 interval=0 flags=0x8
07-25 13:13:33.427  1348  1348 V AlarmManager: set(null) : type=3 listener=android.app.AlarmManager$ListenerWrapper@82305d2 listenerTag=DeviceIdleController.light workSource=null callingPackage=android callingUid=1000 triggerAtTime=33800716 win=60000 tElapsed=33800716 maxElapsed=33860716 interval=0 flags=0x8
07-25 13:13:33.427  1348  1348 V AlarmManager: set(null) : type=2 listener=android.app.AlarmManager$ListenerWrapper@51ba6a3 listenerTag=DeviceIdleController.light workSource=null callingPackage=android callingUid=1000 triggerAtTime=34100716 win=60000 tElapsed=34100716 maxElapsed=34160716 interval=0 flags=0x8
07-25 13:13:33.430  1348  1853 D PowerManagerService: checkWakeLock wake lock:*job*/com.google.android.apps.photos/androidx.work.impl.background.systemjob.SystemJobService from android(1000) duration:102280
07-25 13:13:33.430  1348  1853 D PowerManagerService: checkWakeLock wake lock:*job*/com.google.android.apps.photos/com.google.android.libraries.social.async.BackgroundTaskJobService from android(1000) duration:35403
07-25 13:13:33.430  1348  1853 D PowerManagerService: checkWakeLock wake lock:AudioIn from audioserver(1041) duration:34494
07-25 13:13:33.430  1348  1853 D PowerManagerService: checkWakeLock wake lock:*job*/com.mventus.selfcare.activity/androidx.work.impl.background.systemjob.SystemJobService from android(1000) duration:1207
07-25 13:13:33.430  1348  1853 D PowerManagerService: checkWakeLock wake lock:*job*/com.instagram.android/androidx.work.impl.background.systemjob.SystemJobService from android(1000) duration:593
07-25 13:13:33.430  1348  1853 D PowerManagerService: checkWakeLock wake lock:AudioMix from audioserver(1041) duration:412
07-25 13:13:33.430  1348  1853 D PowerManagerService: checkWakeLock wake lock:show keyguard from com.android.systemui(10171) duration:55
07-25 13:13:33.430  1348  1853 D PowerManagerService: checkWakeLock wake lock:*job*/com.Slack/androidx.work.impl.background.systemjob.SystemJobService from android(1000) duration:30
07-25 13:13:33.450 31751  7233 E ActivityThread: Failed to find provider info for com.google.android.apps.photos.api.sample.SpecialTypesProvider
07-25 13:13:33.454 31751  7233 E ActivityThread: Failed to find provider info for com.google.android.apps.photos.api.sample.StabilizeDemoContentProvider
07-25 13:13:33.468 31751  7233 E ActivityThread: Failed to find provider info for filters.demo.activities.filterdemocontentprovider
07-25 13:13:33.474  1348  2785 V AlarmManager: set(PendingIntent{6b9c2cc: PendingIntentRecord{8b3b0b8 com.google.android.gms/com.google.android.gms.scheduler broadcastIntent}}) : type=3 listener=null listenerTag=null workSource=WorkSource{10122 com.google.android.gms} callingPackage=com.google.android.gms callingUid=10122 triggerAtTime=34460762 win=675000 tElapsed=34460762 maxElapsed=35135762 interval=0 flags=0x0
07-25 13:13:33.477 31751  6249 E ActivityThread: Failed to find provider info for com.google.android.apps.photos.api.sample.SpecialTypesProvider
07-25 13:13:33.481 31751  6249 E ActivityThread: Failed to find provider info for com.google.android.apps.photos.api.sample.StabilizeDemoContentProvider
07-25 13:13:33.483 31751  6249 E ActivityThread: Failed to find provider info for filters.demo.activities.filterdemocontentprovider
07-25 13:13:33.489  1348  2783 D BiometricUtils: isEncrypted: false isLockdown: false
