07-25 13:12:59.041  1348  2783 V AlarmManager: set(PendingIntent{a7d46ae: PendingIntentRecord{d725bc9 com.google.android.gms/com.google.android.gms.scheduler broadcastIntent}}) : type=3 listener=null listenerTag=null workSource=WorkSource{10122 com.google.android.gms} callingPackage=com.google.android.gms callingUid=10122 triggerAtTime=33718301 win=143978 tElapsed=33718301 maxElapsed=33862279 interval=0 flags=0x0
07-25 13:12:59.073  1348  2518 D PackageManager: Considering set com.google.android.gms/com.google.android.gms.nearby.mediums.nearfieldcommunication.NfcAdvertisingService's state as 1 with userId = 0, callingPackage = null
07-25 13:12:59.077  1348  2518 V AlarmManager: set(PendingIntent{adb1fba: PendingIntentRecord{6d35e6b com.google.android.gms/com.google.android.gms.container startService}}) : type=3 listener=null listenerTag=null workSource=null callingPackage=com.google.android.gms callingUid=10122 triggerAtTime=315393526365 win=3600000 tElapsed=315393526365 maxElapsed=315397126365 interval=0 flags=0x0
07-25 13:12:59.106  1348  2508 E PowerControllerImpl: isUltraPowerSaveMode, isUltraPowerSave: false
07-25 13:12:59.209  1348  1457 V AlarmManager: set(PendingIntent{31aeb6a: PendingIntentRecord{42cb85b com.google.android.gms/com.google.android.gms.auth_authzen__phone startService}}) : type=3 listener=null listenerTag=null workSource=WorkSource{10122 com.google.android.gms} callingPackage=com.google.android.gms callingUid=10122 triggerAtTime=33541497 win=11249 tElapsed=33541497 maxElapsed=33552746 interval=0 flags=0x0
07-25 13:12:59.248  1348  1457 D CompatibilityChangeReporter: Compat change id reported: 319212206; UID 10074; state: DISABLED
07-25 13:12:59.286  1348  2518 V AlarmManager: set(PendingIntent{cb0e2ed: PendingIntentRecord{fd9f861 com.glance.lockscreenRealme broadcastIntent}}) : type=0 listener=null listenerTag=null workSource=null callingPackage=com.glance.lockscreenRealme callingUid=10074 triggerAtTime=1753468200286 win=64800000 tElapsed=72347574 maxElapsed=137147574 interval=86400000 flags=0x0
07-25 13:12:59.293  1348  2783 V AlarmManager: set(PendingIntent{f3082a5: PendingIntentRecord{5ad9e3a com.glance.lockscreenRealme broadcastIntent}}) : type=0 listener=null listenerTag=null workSource=null callingPackage=com.glance.lockscreenRealme callingUid=10074 triggerAtTime=1753468200292 win=64800000 tElapsed=72347581 maxElapsed=137147581 interval=86400000 flags=0x0
07-25 13:12:59.295  1348  2783 V AlarmManager: set(PendingIntent{14167a: PendingIntentRecord{df4e048 com.glance.lockscreenRealme broadcastIntent}}) : type=0 listener=null listenerTag=null workSource=null callingPackage=com.glance.lockscreenRealme callingUid=10074 triggerAtTime=1753468200295 win=64800000 tElapsed=72347583 maxElapsed=137147583 interval=86400000 flags=0x0
07-25 13:12:59.298  1348  1363 V AlarmManager: set(null) : type=3 listener=android.app.AlarmManager$ListenerWrapper@4e2e77 listenerTag=*job.delay* workSource=WorkSource{10125 com.google.android.apps.messaging} callingPackage=android callingUid=1000 triggerAtTime=34176851 win=487698 tElapsed=34176851 maxElapsed=34664549 interval=0 flags=0x0
07-25 13:12:59.301  1348  1363 V AlarmManager: set(null) : type=3 listener=android.app.AlarmManager$ListenerWrapper@4e2e77 listenerTag=*job.delay* workSource=WorkSource{10074 com.glance.lockscreenRealme} callingPackage=android callingUid=1000 triggerAtTime=33841595 win=236254 tElapsed=33841595 maxElapsed=34077849 interval=0 flags=0x0
07-25 13:12:59.654  1348  2518 I WindowManager: Input focus has changed to Window{e258c5f u0 com.google.android.apps.photos/com.google.android.apps.photos.home.HomeActivity}-[Surface(name=*Title#3100)/@0x8b228d0] from eb9d22b NotificationShade mDisplayId 0 updateInputWindows true, callers=com.android.server.wm.DisplayContent.updateFocusedWindowLocked:3706 com.android.server.wm.RootWindowContainer.updateFocusedWindowLocked:493 com.android.server.wm.WindowManagerService.updateFocusedWindowLocked:6248 com.android.server.wm.WindowManagerService.relayoutWindow:2568 com.android.server.wm.Session.relayout:266 
07-25 13:12:59.673  1348  2783 D WindowManager: finishDrawing: syncSeqId=0, postDrawTransaction=android.view.SurfaceControl$Transaction@c737145, mSyncState=0, mDrawState=4, hasSyncHandlers=false, mClientWasDrawingForSync=false, win=Window{eb9d22b u0 NotificationShade}-[Surface(name=*Title#3096)/@0x2a68f]
07-25 13:12:59.673  1348  2783 D WindowManager: finishDrawingLocked: mDrawState=4 ,mLastHidden=false ,mShownAlpha=1.0 ,mLastAlpha=1.0 ,postDrawTransaction=android.view.SurfaceControl$Transaction@c737145 ,mWin=Window{eb9d22b u0 NotificationShade}-[Surface(name=*Title#3096)/@0x2a68f]
07-25 13:12:59.673  1348  2783 D WindowManager: finishDrawingLocked: syncTransaction=android.view.SurfaceControl$Transaction@fae7f7 ,mSyncTransaction=android.view.SurfaceControl$Transaction@a0854d0 ,mWin=Window{eb9d22b u0 NotificationShade}-[Surface(name=*Title#3096)/@0x2a68f]
07-25 13:12:59.682  1348  2783 D CompatibilityChangeReporter: Compat change id reported: 214016041; UID 10152; state: ENABLED
07-25 13:12:59.713  1348  1348 W Looper  : Slow dispatch took 706ms main h=android.app.ActivityThread$H c=android.app.LoadedApk$ReceiverDispatcher$Args$$ExternalSyntheticLambda0@5ebdc97 m=0
07-25 13:12:59.714  1348  1348 W Looper  : Slow delivery took 706ms main h=android.app.ActivityThread$H c=android.app.LoadedApk$ReceiverDispatcher$Args$$ExternalSyntheticLambda0@66d1e84 m=0
07-25 13:12:59.718  1348  2833 E PowerControllerImpl: isUltraPowerSaveMode, isUltraPowerSave: false
07-25 13:12:59.718  1348  2804 E PowerControllerImpl: isUltraPowerSaveMode, isUltraPowerSave: false
07-25 13:12:59.718  1348  2804 E PowerControllerImpl: isUltraPowerSaveMode, isUltraPowerSave: false
07-25 13:12:59.719  1348  2783 E PowerControllerImpl: isUltraPowerSaveMode, isUltraPowerSave: false
07-25 13:12:59.771  1348  1348 W Looper  : Drained
07-25 13:12:59.809  1348  2804 D ActivityManager: PROFILE_FROM_SHELL is disabled for ProcessRecord{1cf9f4d 0:com.google.android.webview:sandboxed_process0:org.chromium.content.app.SandboxedProcessService0:0/u0a74i144}
07-25 13:12:59.809  1348  2804 D CompatibilityChangeReporter: Compat change id reported: 135634846; UID 99144; state: DISABLED
07-25 13:12:59.810  1348  2804 D CompatibilityChangeReporter: Compat change id reported: 177438394; UID 99144; state: DISABLED
07-25 13:12:59.810  1348  2804 D CompatibilityChangeReporter: Compat change id reported: 135772972; UID 99144; state: DISABLED
07-25 13:12:59.811  1348  2804 D CompatibilityChangeReporter: Compat change id reported: 135754954; UID 99144; state: ENABLED
07-25 13:12:59.811  1348  1381 D ActivityManager: asking zygote to start proc:ProcessRecord{1cf9f4d 0:com.google.android.webview:sandboxed_process0:org.chromium.content.app.SandboxedProcessService0:0/u0a74i144}
07-25 13:12:59.811  1348  1381 D CompatibilityChangeReporter: Compat change id reported: 143937733; UID 10074; state: ENABLED
07-25 13:12:59.837  1348  1381 I ActivityManager: Start proc 6679:com.google.android.webview:sandboxed_process0:org.chromium.content.app.SandboxedProcessService0:0/u0i144 for  {com.glance.lockscreenRealme/org.chromium.content.app.SandboxedProcessService0:0}
07-25 13:12:59.929  1348  2833 I WindowManager: Input focus has changed to Window{eb9d22b u0 NotificationShade}-[Surface(name=*Title#3103)/@0xbb93df1] from e258c5f com.google.android.apps.photos/com.google.android.apps.photos.home.HomeActivity mDisplayId 0 updateInputWindows true, callers=com.android.server.wm.DisplayContent.updateFocusedWindowLocked:3706 com.android.server.wm.RootWindowContainer.updateFocusedWindowLocked:493 com.android.server.wm.WindowManagerService.updateFocusedWindowLocked:6248 com.android.server.wm.WindowManagerService.relayoutWindow:2568 com.android.server.wm.Session.relayout:266 
07-25 13:12:59.950  1348  1734 D WindowManager: finishDrawing: syncSeqId=0, postDrawTransaction=android.view.SurfaceControl$Transaction@9fb7aba, mSyncState=0, mDrawState=1, hasSyncHandlers=false, mClientWasDrawingForSync=false, win=Window{eb9d22b u0 NotificationShade}-[Surface(name=*Title#3103)/@0xbb93df1]
07-25 13:12:59.971  1348  1380 W BroadcastQueue: Background execution not allowed: receiving Intent { act=android.intent.action.DROPBOX_ENTRY_ADDED flg=0x10 (has extras) } to com.google.android.gms/.stats.service.DropBoxEntryAddedReceiver
07-25 13:12:59.976  1348  2518 D CompatibilityChangeReporter: Compat change id reported: 161252188; UID 10197; state: DISABLED
07-25 13:12:59.978  1348  2518 D ActivityManager: PROFILE_FROM_SHELL is disabled for ProcessRecord{1d770e0 0:com.google.android.adservices.api/u0a197}
07-25 13:12:59.978  1348  2518 D CompatibilityChangeReporter: Compat change id reported: 135634846; UID 10197; state: DISABLED
07-25 13:12:59.979  1348  2518 D CompatibilityChangeReporter: Compat change id reported: 177438394; UID 10197; state: DISABLED
07-25 13:12:59.979  1348  2518 D CompatibilityChangeReporter: Compat change id reported: 135772972; UID 10197; state: DISABLED
07-25 13:12:59.979  1348  2518 D CompatibilityChangeReporter: Compat change id reported: 135754954; UID 10197; state: ENABLED
07-25 13:12:59.979  1348  1381 D ActivityManager: asking zygote to start proc:ProcessRecord{1d770e0 0:com.google.android.adservices.api/u0a197}
07-25 13:12:59.979  1348  1381 D CompatibilityChangeReporter: Compat change id reported: 143937733; UID 10197; state: ENABLED
07-25 13:12:59.979  1348  1381 D Prefork : startResult is empty and running normal execution.
07-25 13:12:59.979  1348  1380 D BroadcastQueue: Finished with ordered broadcast BroadcastRecord{89b763f u-1 android.intent.action.DROPBOX_ENTRY_ADDED} receivers:([ResolveInfo{ce0225e com.google.android.gms/.stats.service.DropBoxEntryAddedReceiver m=0x108000}]) take 8ms in [background], remains -1
07-25 13:12:59.997  1348  2518 D ActivityManager: PROFILE_FROM_SHELL is disabled for ProcessRecord{6967bf8 0:com.google.android.webview:webview_service/u0a142}
07-25 13:12:59.997  1348  2518 D CompatibilityChangeReporter: Compat change id reported: 135634846; UID 10142; state: DISABLED
07-25 13:12:59.997  1348  2518 D CompatibilityChangeReporter: Compat change id reported: 177438394; UID 10142; state: DISABLED
07-25 13:12:59.997  1348  2518 D CompatibilityChangeReporter: Compat change id reported: 135772972; UID 10142; state: DISABLED
07-25 13:12:59.998  1348  2518 D CompatibilityChangeReporter: Compat change id reported: 135754954; UID 10142; state: ENABLED
07-25 13:13:00.000  1348  1482 D AlarmManager: waitForAlarm result:8currentTime=1753429380000, elapsedRealtime=33527289
07-25 13:13:00.001  1348  1482 V AlarmManager: Received TIME_TICK alarm; rescheduling
07-25 13:13:00.001  1348  1482 V AlarmManager: set(null) : type=3 listener=com.android.server.alarm.AlarmManagerService$3@490e407 listenerTag=TIME_TICK workSource=null callingPackage=android callingUid=1000 triggerAtTime=33587289 win=0 tElapsed=33587289 maxElapsed=33587289 interval=0 flags=0x9
07-25 13:13:00.006  1348  1482 D AlarmManager: sending alarm.type = 3, action = null, alarm = Alarm{1a888d1 type 3 origWhen 33527289 whenElapsed 33527289 android}, cn = null, operation = null, listener=com.android.server.alarm.AlarmManagerService$3@490e407, listenerTag=TIME_TICK, workSource=null
07-25 13:13:00.012  1348  1381 I ActivityManager: Start proc 6717:com.google.android.adservices.api/u0a197 for service {com.google.android.adservices.api/com.android.adservices.measurement.MeasurementService}
07-25 13:13:00.012  1348  1381 D ActivityManager: asking zygote to start proc:ProcessRecord{6967bf8 0:com.google.android.webview:webview_service/u0a142}
07-25 13:13:00.015  1348  1381 D CompatibilityChangeReporter: Compat change id reported: 143937733; UID 10142; state: ENABLED
07-25 13:13:00.016  1348  1381 D Prefork : startResult is empty and running normal execution.
07-25 13:13:00.032  1348  1381 I ActivityManager: Start proc 6727:com.google.android.webview:webview_service/u0a142 for service {com.google.android.webview/org.chromium.android_webview.services.ComponentsProviderService}
07-25 13:13:00.057  1348  2833 D CompatibilityChangeReporter: Compat change id reported: 168419799; UID 10197; state: DISABLED
07-25 13:13:00.065  1348  1348 V AlarmManager: set(null) : type=2 listener=android.app.AlarmManager$ListenerWrapper@a7c3ae4 listenerTag=*job.deadline* workSource=WorkSource{10197 com.google.android.adservices.api} callingPackage=android callingUid=1000 triggerAtTime=36077797 win=1912833 tElapsed=36077797 maxElapsed=37990630 interval=0 flags=0x0
07-25 13:13:00.087  1348  1734 D CompatibilityChangeReporter: Compat change id reported: 168419799; UID 10142; state: DISABLED
07-25 13:13:00.157  1348  1734 D CompatibilityChangeReporter: Compat change id reported: 161252188; UID 10142; state: DISABLED
07-25 13:13:01.452  1348  2518 D PackageManager: Considering set com.google.android.adservices.api/com.android.adservices.service.common.PackageChangedReceiver's state as 1 with userId = 0, callingPackage = null
07-25 13:13:01.833  1348  2804 W UriGrantsManagerService: No permission grants found for com.google.android.apps.photos
07-25 13:13:01.834  1348  2804 W UriGrantsManagerService: No permission grants found for com.google.android.apps.photos
07-25 13:13:01.963  1348  2518 W UriGrantsManagerService: No permission grants found for com.google.android.apps.photos
07-25 13:13:01.963  1348  2518 W UriGrantsManagerService: No permission grants found for com.google.android.apps.photos
07-25 13:13:01.999  1348  1348 V AlarmManager: set(null) : type=2 listener=android.app.AlarmManager$ListenerWrapper@a7c3ae4 listenerTag=*job.deadline* workSource=WorkSource{10075 com.heytap.market} callingPackage=android callingUid=1000 triggerAtTime=34287828 win=568905 tElapsed=34287828 maxElapsed=34856733 interval=0 flags=0x0
07-25 13:13:02.000  1348  1348 V AlarmManager: set(null) : type=3 listener=android.app.AlarmManager$ListenerWrapper@4e2e77 listenerTag=*job.delay* workSource=WorkSource{10214 com.instagram.android} callingPackage=android callingUid=1000 triggerAtTime=33554561 win=18954 tElapsed=33554561 maxElapsed=33573515 interval=0 flags=0x0
07-25 13:13:02.001  1348  1348 V AlarmManager: set(null) : type=3 listener=android.app.AlarmManager$ListenerWrapper@4e2e77 listenerTag=*job.delay* workSource=WorkSource{10205 com.mventus.selfcare.activity} callingPackage=android callingUid=1000 triggerAtTime=33546137 win=12635 tElapsed=33546137 maxElapsed=33558772 interval=0 flags=0x0
07-25 13:13:02.002  1348  1348 V AlarmManager: set(null) : type=2 listener=android.app.AlarmManager$ListenerWrapper@a7c3ae4 listenerTag=*job.deadline* workSource=WorkSource{10111 com.google.android.partnersetup} callingPackage=android callingUid=1000 triggerAtTime=33848156 win=239148 tElapsed=33848156 maxElapsed=34087304 interval=0 flags=0x0
07-25 13:13:02.962  1348  2804 I ActivityTaskManager: START u0 {flg=0x24000000 cmp=com.Slack/slack.features.home.HomeActivity (has extras)} from uid 10253, pid -1
07-25 13:13:02.983  1348  2804 D CompatibilityChangeReporter: Compat change id reported: 194480991; UID 10253; state: ENABLED
07-25 13:13:02.985  1348  2804 W ActivityTaskManager: startActivity called from non-Activity context; forcing Intent.FLAG_ACTIVITY_NEW_TASK for: Intent { flg=0x24000000 cmp=com.Slack/slack.features.home.HomeActivity (has extras) }
07-25 13:13:02.992  1348  1848 D PerformanceDatabaseControl: queryMem pkgName = com.Slack
07-25 13:13:02.995  1348  1848 D AppStartScene: doFastKillForAppStart:com.Slack,memAvail: 150 ;real pss: 211
07-25 13:13:03.004  1348  2804 D WindowManager: setFocusedApp mFocusedApp = ActivityRecord{7f016d2 u0 com.Slack/slack.features.messagedetails.MessageDetailsActivity} t16 d0}displayId = 0Callers = com.android.server.wm.ActivityTaskManagerService.setResumedActivityUncheckLocked:4590 com.android.server.wm.ActivityRecord.moveFocusableActivityToTop:3306 com.android.server.wm.Task.moveTaskToFront:5636 com.android.server.wm.ActivityStarter.setTargetRootTaskIfNeeded:2929 
07-25 13:13:03.016  1348  2804 D WindowManager: setFocusedApp mFocusedApp = nulldisplayId = 0Callers = com.android.server.wm.ActivityRecord.onRemovedFromDisplay:4250 com.android.server.wm.DisplayContent.removeAppToken:1361 com.android.server.wm.ActivityRecord.removeFromHistory:3862 com.android.server.wm.ActivityRecord.destroyImmediately:3817 
07-25 13:13:03.017  1348  2804 D CompatibilityChangeReporter: Compat change id reported: 205907456; UID 10253; state: ENABLED
07-25 13:13:03.022  1348  2804 I ActivityTaskManager: ->startActivity for ActivityRecord{f3e23e0 u0 com.Slack/slack.features.home.HomeActivity} result:START_TASK_TO_FRONT
07-25 13:13:03.028  1348  1463 W UsageStatsService: Unexpected activity event reported! (com.Slack/slack.features.messagedetails.MessageDetailsActivity event : 23 instanceId : 216362333)
07-25 13:13:03.029  1348  1372 D CompatibilityChangeReporter: Compat change id reported: 135634846; UID 10253; state: DISABLED
07-25 13:13:03.029  1348  1372 D CompatibilityChangeReporter: Compat change id reported: 177438394; UID 10253; state: DISABLED
07-25 13:13:03.029  1348  1372 D CompatibilityChangeReporter: Compat change id reported: 135772972; UID 10253; state: DISABLED
07-25 13:13:03.029  1348  1372 D CompatibilityChangeReporter: Compat change id reported: 135754954; UID 10253; state: ENABLED
07-25 13:13:03.030  1348  1381 D ActivityManager: asking zygote to start proc:ProcessRecord{ba3b699 0:com.Slack/u0a253}
07-25 13:13:03.030  1348  1381 D CompatibilityChangeReporter: Compat change id reported: 143937733; UID 10253; state: ENABLED
07-25 13:13:03.030  1348  1381 D Prefork : startResult is empty and running normal execution.
07-25 13:13:03.040  1348  1381 I ActivityManager: Start proc 6843:com.Slack/u0a253 for next-top-activity {com.Slack/slack.features.home.HomeActivity}
07-25 13:13:03.043  1348  1348 D CompatibilityChangeReporter: Compat change id reported: 175319604; UID 1000; state: ENABLED
07-25 13:13:03.045  1348  1348 D CompatibilityChangeReporter: Compat change id reported: 195579280; UID 1000; state: ENABLED
07-25 13:13:03.053  1348  1853 D CompatibilityChangeReporter: Compat change id reported: 74210811; UID 1000; state: DISABLED
07-25 13:13:03.062  1348  2783 V WindowState: toString mSurfaceNameCache= mLastTitle=null title=Splash Screen com.Slack
07-25 13:13:03.062  1348  2783 D CoreBackPreview: Window{82073c2 u0 Splash Screen com.Slack}: Setting back callback OnBackInvokedCallbackInfo{mCallback=android.window.IOnBackInvokedCallback$Stub$Proxy@3924510, mPriority=0}
07-25 13:13:03.081  1348  2804 D WindowManager: finishDrawing: syncSeqId=0, postDrawTransaction=android.view.SurfaceControl$Transaction@c860a0e, mSyncState=0, mDrawState=1, hasSyncHandlers=false, mClientWasDrawingForSync=false, win=Window{82073c2 u0 Splash Screen com.Slack}-[Surface(name=*Title#3108)/@0xb27809]
07-25 13:13:03.113  1348  2783 D WindowManager: setFocusedApp mFocusedApp = ActivityRecord{2664373 u0 com.Slack/slack.features.home.HomeActivity} t16 d0}displayId = 0Callers = com.android.server.wm.ActivityTaskManagerService.setResumedActivityUncheckLocked:4590 com.android.server.wm.TaskFragment.onActivityStateChanged:833 com.android.server.wm.ActivityRecord.setState:5531 com.android.server.wm.Task.minimalResumeActivityLocked:4807 
07-25 13:13:03.114  1348  2783 D CompatibilityChangeReporter: Compat change id reported: 181136395; UID 10253; state: DISABLED
07-25 13:13:03.114  1348  2783 D CompatibilityChangeReporter: Compat change id reported: 174042936; UID 10253; state: DISABLED
07-25 13:13:03.192  1348  2783 I ActivityManager: Process com.google.android.apps.photos:mediametadataservice (pid 6418) has died: cch+5 CEM 
07-25 13:13:03.201  1348  2804 I WindowManager: Input focus has changed to null from eb9d22b NotificationShade mDisplayId 0 updateInputWindows true, callers=com.android.server.wm.DisplayContent.updateFocusedWindowLocked:3706 com.android.server.wm.RootWindowContainer.updateFocusedWindowLocked:493 com.android.server.wm.WindowManagerService.updateFocusedWindowLocked:6248 com.android.server.wm.WindowManagerService.relayoutWindow:2568 com.android.server.wm.Session.relayout:266 
07-25 13:13:03.224  1348  2801 I ActivityManager: Process com.google.android.apps.messaging (pid 6227) has died: cch+15 CEM 
07-25 13:13:04.239  1348  2801 D CompatibilityChangeReporter: Compat change id reported: 161145287; UID 10253; state: DISABLED
07-25 13:13:04.797  1348  2783 D CompatibilityChangeReporter: Compat change id reported: 194532703; UID 10253; state: ENABLED
07-25 13:13:05.022  1348  2801 D CompatibilityChangeReporter: Compat change id reported: 319212206; UID 10253; state: ENABLED
07-25 13:13:05.980  1348  2518 V WindowState: toString mSurfaceNameCache= mLastTitle=null title=com.Slack/slack.features.home.HomeActivity
07-25 13:13:05.980  1348  2518 D CoreBackPreview: Window{d2c8fa8 u0 com.Slack/slack.features.home.HomeActivity}: Setting back callback OnBackInvokedCallbackInfo{mCallback=android.window.IOnBackInvokedCallback$Stub$Proxy@1de1266, mPriority=0}
07-25 13:13:05.982  1348  2801 D CABC    : mPanelName:lcd_hx83108a_boe_mipi_hd
07-25 13:13:05.989  1348  1372 I DisplayDeviceRepository: Display device changed: DisplayDeviceInfo{"Built-in Screen": uniqueId="local:0", 720 x 1600, modeId 1, defaultModeId 1, supportedModes [{id=1, width=720, height=1600, fps=60.0, alternativeRefreshRates=[90.0]}, {id=2, width=720, height=1600, fps=90.0, alternativeRefreshRates=[60.0]}], colorMode 0, supportedColorModes [0], hdrCapabilities HdrCapabilities{mSupportedHdrTypes=[], mMaxLuminance=500.0, mMaxAverageLuminance=500.0, mMinLuminance=0.0}, allmSupported false, gameContentTypeSupported false, density 320, 257.577 x 260.512 dpi, appVsyncOff 1000000, presDeadline 16666667, cutout DisplayCutout{insets=Rect(0, 64 - 0, 0) waterfall=Insets{left=0, top=0, right=0, bottom=0} boundingRect={Bounds=[Rect(0, 0 - 0, 0), Rect(322, 0 - 398, 64), Rect(0, 0 - 0, 0), Rect(0, 0 - 0, 0)]} cutoutPathParserInfo={CutoutPathParserInfo{displayWidth=720 displayHeight=1600 physicalDisplayWidth=720 physicalDisplayHeight=1600 density={2.0} cutoutSpec={M -38,0 L -38,64 L 38,64 L 38,0 Z} rotation={0} scale={1.0} physicalPixelDisplaySizeRatio={1.0}}}}, touch INTERNAL, rotation 0, type INTERNAL, address {port=0}, deviceProductInfo null, state ON, frameRateOverride , brightnessMinimum 0.0, brightnessMaximum 1.0, brightnessDefault 0.3167565, FLAG_ALLOWED_TO_BE_DEFAULT_DISPLAY, FLAG_ROTATES_WITH_CONTENT, FLAG_SECURE, FLAG_SUPPORTS_PROTECTED_BUFFERS, installOrientation 0}
07-25 13:13:05.990  1348  2801 D UnisocVariableRefreshRateImpl: setCurrentPackageName, return when current focus window namenot contains packageName: com.Slack mCurrentRequestFocusWindowName: eb9d22b NotificationShade
07-25 13:13:05.992  1348  2801 D BroadcastQueue: Finished with ordered broadcast BroadcastRecord{c0d126c u0 slack.app.push.deletenotification} receivers:([ResolveInfo{f8efe54 com.Slack/slack.services.notifications.push.impl.NotificationDismissReceiver m=0x0}]) take 2810ms in [background], remains -1
07-25 13:13:06.090  1348  2783 V AlarmManager: set(null) : type=3 listener=android.app.AlarmManager$ListenerWrapper@4e2e77 listenerTag=*job.delay* workSource=WorkSource{10253 com.Slack} callingPackage=android callingUid=1000 triggerAtTime=33535365 win=0 tElapsed=33535365 maxElapsed=33535365 interval=0 flags=0x0
07-25 13:13:06.279  1348  1348 D TemperatureManagerService: runinAppStartFlag: 0
07-25 13:13:06.279  1348  1348 D TAG     : Country is Empty, set Countrys is DEFAULT_35_DEGREE_COUNYRYS
07-25 13:13:06.280  1348  1348 D TemperatureManagerService: current area is IN support 25 newRegulationsRules,  isTrigger = false, mEnvironmentTemperature is 270, current batteryTemperature is 318
07-25 13:13:06.280  1348  1348 D TemperatureManagerService: current area is IN, mPlugType = 0, mEnvironmentTemperature = 270, current batteryTemperature = 318, switch from 25 newRegulationsRules to 35 oldRegulationsRules
07-25 13:13:06.405  1348  2785 I WindowManager: Input focus has changed to Window{d2c8fa8 u0 com.Slack/slack.features.home.HomeActivity}-[Surface(name=*Title#3113)/@0xb090208] from eb9d22b NotificationShade mDisplayId 0 updateInputWindows true, callers=com.android.server.wm.DisplayContent.updateFocusedWindowLocked:3706 com.android.server.wm.RootWindowContainer.updateFocusedWindowLocked:493 com.android.server.wm.WindowManagerService.updateFocusedWindowLocked:6248 com.android.server.wm.WindowManagerService.relayoutWindow:2568 com.android.server.wm.Session.relayout:266 
07-25 13:13:06.663  1348  2783 D WindowManager: finishDrawing: syncSeqId=0, postDrawTransaction=android.view.SurfaceControl$Transaction@af40a20, mSyncState=0, mDrawState=1, hasSyncHandlers=false, mClientWasDrawingForSync=false, win=Window{d2c8fa8 u0 com.Slack/slack.features.home.HomeActivity}-[Surface(name=*Title#3113)/@0xb090208]
07-25 13:13:06.965  1348  2785 V WindowState: toString mSurfaceNameCache=-[Surface(name=*Title#3108)/@0xb27809] mLastTitle=Splash Screen com.Slack title=Splash Screen com.Slack
07-25 13:13:06.965  1348  2785 D CoreBackPreview: Window{82073c2 u0 Splash Screen com.Slack EXITING}-[Surface(name=*Title#3108)/@0xb27809]: Setting back callback null
07-25 13:13:07.013  1348  2783 W UriGrantsManagerService: No permission grants found for com.google.android.apps.photos
07-25 13:13:07.013  1348  2804 W UriGrantsManagerService: No permission grants found for com.google.android.apps.photos
07-25 13:13:07.061  1348  1378 I UnisocAntiAging: do reclaim, freeMem:1449304 KB, mOomMinFree:[434176, 212992, 176128] KB, reclaimLevel:0
07-25 13:13:07.150  1348  1848 D PerformanceDatabaseControl: queryMem pkgName = com.Slack
07-25 13:13:07.151  1348  1848 D PerformanceDatabaseControl: queryCount pkgName = com.Slack
07-25 13:13:07.151  1348  1848 D PerformanceDatabaseControl: updateDatabase pkgName = com.Slack
07-25 13:13:07.152  1348  1848 D AppStartScene: updateAPPMem:pkgName= com.Slack,memAvail:229
07-25 13:13:07.360  1348  2518 D CompatibilityChangeReporter: Compat change id reported: 214016041; UID 10253; state: ENABLED
07-25 13:13:08.076  1348  1482 D AlarmManager: waitForAlarm result:8currentTime=1753429388076, elapsedRealtime=33535365
07-25 13:13:08.077  1348  1482 D AlarmManager: sending alarm.type = 3, action = null, alarm = Alarm{f109e86 type 3 origWhen 33535365 whenElapsed 33535365 android}, cn = null, operation = null, listener=android.app.AlarmManager$ListenerWrapper@4e2e77, listenerTag=*job.delay*, workSource=WorkSource{10253 com.Slack}
07-25 13:13:08.078  1348  1348 V AlarmManager: set(null) : type=3 listener=android.app.AlarmManager$ListenerWrapper@4e2e77 listenerTag=*job.delay* workSource=WorkSource{10205 com.mventus.selfcare.activity} callingPackage=android callingUid=1000 triggerAtTime=33565365 win=22499 tElapsed=33565365 maxElapsed=33587864 interval=0 flags=0x0
07-25 13:13:08.999  1348  1853 V AlarmManager: set(PendingIntent{4c749b8: PendingIntentRecord{da0a391 android broadcastIntent}}) : type=3 listener=null listenerTag=null workSource=null callingPackage=android callingUid=1000 triggerAtTime=33836288 win=225000 tElapsed=33836288 maxElapsed=34061288 interval=0 flags=0x8
07-25 13:13:11.403  1348  1348 D TemperatureManagerService: runinAppStartFlag: 0
07-25 13:13:11.404  1348  1348 D TAG     : Country is Empty, set Countrys is DEFAULT_35_DEGREE_COUNYRYS
07-25 13:13:11.404  1348  1348 D TemperatureManagerService: current area is IN support 25 newRegulationsRules,  isTrigger = false, mEnvironmentTemperature is 270, current batteryTemperature is 319
07-25 13:13:11.405  1348  1348 D TemperatureManagerService: current area is IN, mPlugType = 0, mEnvironmentTemperature = 270, current batteryTemperature = 319, switch from 25 newRegulationsRules to 35 oldRegulationsRules
07-25 13:13:11.973  1348  2785 W UriGrantsManagerService: No permission grants found for com.google.android.apps.photos
07-25 13:13:11.973  1348  2785 W UriGrantsManagerService: No permission grants found for com.google.android.apps.photos
07-25 13:13:12.416  1348  2518 D CompatibilityChangeReporter: Compat change id reported: 171306433; UID 10122; state: ENABLED
07-25 13:13:12.417  1348  2518 D CompatibilityChangeReporter: Compat change id reported: 218533173; UID 10122; state: ENABLED
07-25 13:13:12.417  1348  2518 V AlarmManager: set(PendingIntent{da863a0: PendingIntentRecord{8989e8b com.google.android.gms/com.google.android.gms.gcm broadcastIntent}}) : type=2 listener=null listenerTag=null workSource=null callingPackage=com.google.android.gms callingUid=10122 triggerAtTime=33779704 win=0 tElapsed=33779704 maxElapsed=33779704 interval=0 flags=0x21
07-25 13:13:12.447  1348  2785 V AlarmManager: set(PendingIntent{dc019cc: PendingIntentRecord{b97f811 com.google.android.gms/com.google.android.gms.gcm broadcastIntent}}) : type=2 listener=null listenerTag=null workSource=null callingPackage=com.google.android.gms callingUid=10122 triggerAtTime=33659728 win=0 tElapsed=33659728 maxElapsed=33659728 interval=0 flags=0x21
07-25 13:13:12.469  1348  1853 V AlarmManager: set(PendingIntent{4c749b8: PendingIntentRecord{da0a391 android broadcastIntent}}) : type=3 listener=null listenerTag=null workSource=null callingPackage=android callingUid=1000 triggerAtTime=33839757 win=225000 tElapsed=33839757 maxElapsed=34064757 interval=0 flags=0x8
07-25 13:13:12.471  1348  1380 D CompatibilityChangeReporter: Compat change id reported: 168419799; UID 10253; state: DISABLED
07-25 13:13:12.481  1348  2518 V AlarmManager: set(PendingIntent{8fe1c91: PendingIntentRecord{d725bc9 com.google.android.gms/com.google.android.gms.scheduler broadcastIntent}}) : type=3 listener=null listenerTag=null workSource=WorkSource{10122 com.google.android.gms} callingPackage=com.google.android.gms callingUid=10122 triggerAtTime=33718301 win=133899 tElapsed=33718301 maxElapsed=33852200 interval=0 flags=0x0
07-25 13:13:12.501  1348  1853 V AlarmManager: set(PendingIntent{4c749b8: PendingIntentRecord{da0a391 android broadcastIntent}}) : type=3 listener=null listenerTag=null workSource=null callingPackage=android callingUid=1000 triggerAtTime=33839790 win=225000 tElapsed=33839790 maxElapsed=34064790 interval=0 flags=0x8
07-25 13:13:12.575  1348  2518 D BroadcastQueue: Finished with ordered broadcast BroadcastRecord{b64351b u0 com.google.android.c2dm.intent.RECEIVE} receivers:([ResolveInfo{4c4daa6 com.Slack/com.google.firebase.iid.FirebaseInstanceIdReceiver m=0x108000}]) take 106ms in [background], remains -1
07-25 13:13:12.836  1348  2783 V AlarmManager: set(PendingIntent{24de89e: PendingIntentRecord{d725bc9 com.google.android.gms/com.google.android.gms.scheduler broadcastIntent}}) : type=3 listener=null listenerTag=null workSource=WorkSource{10122 com.google.android.gms} callingPackage=com.google.android.gms callingUid=10122 triggerAtTime=33718301 win=133632 tElapsed=33718301 maxElapsed=33851933 interval=0 flags=0x0
07-25 13:13:15.276  1348  2785 D CompatibilityChangeReporter: Compat change id reported: 161145287; UID 10074; state: DISABLED
07-25 13:13:16.270  1348  1348 D TemperatureManagerService: runinAppStartFlag: 0
07-25 13:13:16.270  1348  1348 D TAG     : Country is Empty, set Countrys is DEFAULT_35_DEGREE_COUNYRYS
07-25 13:13:16.271  1348  1348 D TemperatureManagerService: current area is IN support 25 newRegulationsRules,  isTrigger = false, mEnvironmentTemperature is 270, current batteryTemperature is 320
07-25 13:13:16.271  1348  1348 D TemperatureManagerService: current area is IN, mPlugType = 0, mEnvironmentTemperature = 270, current batteryTemperature = 320, switch from 25 newRegulationsRules to 35 oldRegulationsRules
07-25 13:13:16.591   433  6474 I keystore2: keystore2::watchdog: Watchdog thread idle -> terminating. Have a great day.
07-25 13:13:21.385  1348  1348 D TemperatureManagerService: runinAppStartFlag: 0
07-25 13:13:21.385  1348  1348 D TAG     : Country is Empty, set Countrys is DEFAULT_35_DEGREE_COUNYRYS
07-25 13:13:21.386  1348  1348 D TemperatureManagerService: current area is IN support 25 newRegulationsRules,  isTrigger = false, mEnvironmentTemperature is 270, current batteryTemperature is 321
07-25 13:13:21.386  1348  1348 D TemperatureManagerService: current area is IN, mPlugType = 0, mEnvironmentTemperature = 270, current batteryTemperature = 321, switch from 25 newRegulationsRules to 35 oldRegulationsRules
07-25 13:13:21.575  1348  2508 D CompatibilityChangeReporter: Compat change id reported: 181658987; UID 1000; state: ENABLED
07-25 13:13:21.713  1348  2508 W ContextImpl: Calling a method in the system process without a qualified user: android.app.ContextImpl.sendBroadcastMultiplePermissions:1223 com.android.server.TelephonyRegistry.broadcastServiceStateChanged:3111 com.android.server.TelephonyRegistry.notifyServiceStateForPhoneId:1616 com.android.internal.telephony.ITelephonyRegistry$Stub.onTransact:492 android.os.Binder.execTransactInternal:1286 
07-25 13:13:21.714  1348  2508 W ContextImpl: Calling a method in the system process without a qualified user: android.app.ContextImpl.sendBroadcastMultiplePermissions:1273 android.content.Context.sendBroadcastMultiplePermissions:2281 com.android.server.TelephonyRegistry.broadcastServiceStateChanged:3114 com.android.server.TelephonyRegistry.notifyServiceStateForPhoneId:1616 com.android.internal.telephony.ITelephonyRegistry$Stub.onTransact:492 
07-25 13:13:21.715  1348  2508 W ContextImpl: Calling a method in the system process without a qualified user: android.app.ContextImpl.sendBroadcastMultiplePermissions:1273 com.android.server.TelephonyRegistry.broadcastServiceStateChanged:3121 com.android.server.TelephonyRegistry.notifyServiceStateForPhoneId:1616 com.android.internal.telephony.ITelephonyRegistry$Stub.onTransact:492 android.os.Binder.execTransactInternal:1286 
07-25 13:13:21.716  1348  2508 W ContextImpl: Calling a method in the system process without a qualified user: android.app.ContextImpl.sendBroadcastMultiplePermissions:1273 com.android.server.TelephonyRegistry.broadcastServiceStateChanged:3126 com.android.server.TelephonyRegistry.notifyServiceStateForPhoneId:1616 com.android.internal.telephony.ITelephonyRegistry$Stub.onTransact:492 android.os.Binder.execTransactInternal:1286 
07-25 13:13:21.719  1348  1380 W BroadcastQueue: Permission Denial: receiving Intent { act=android.intent.action.SERVICE_STATE flg=0x1000010 (has extras) } to com.google.android.cellbroadcastreceiver/com.android.cellbroadcastreceiver.CellBroadcastReceiver requires android.permission.READ_PHONE_STATE due to sender android (uid 1001)
07-25 13:13:21.720  1348  1380 D BroadcastQueue: Finished with ordered broadcast BroadcastRecord{64f6360 u-1 android.intent.action.SERVICE_STATE} receivers:([ResolveInfo{a62fb63 com.google.android.cellbroadcastreceiver/com.android.cellbroadcastreceiver.CellBroadcastReceiver m=0x108000}]) take 2ms in [background], remains -1
07-25 13:13:21.722  1348  1380 W BroadcastQueue: Appop Denial: receiving Intent { act=android.intent.action.SERVICE_STATE flg=0x1000010 (has extras) } to ProcessRecord{ffe11c0 1708:com.spreadtrum.ims/1001} (pid=1708, uid=1001) excludes appop android:read_phone_state due to sender android (uid 1001)
07-25 13:13:21.722  1348  1380 W BroadcastQueue: Appop Denial: receiving Intent { act=android.intent.action.SERVICE_STATE flg=0x1000010 (has extras) } to ProcessRecord{ffe11c0 1708:com.spreadtrum.ims/1001} (pid=1708, uid=1001) excludes appop android:read_phone_state due to sender android (uid 1001)
07-25 13:13:21.723  1348  1380 W BroadcastQueue: Appop Denial: receiving Intent { act=android.intent.action.SERVICE_STATE flg=0x1000010 (has extras) } to ProcessRecord{333dee1 1619:com.android.systemui/u0a171} (pid=1619, uid=10171) excludes appop android:read_phone_state due to sender android (uid 1001)
07-25 13:13:21.723  1348  1380 W BroadcastQueue: Appop Denial: receiving Intent { act=android.intent.action.SERVICE_STATE flg=0x1000010 (has extras) } to ProcessRecord{4ae88ff 1601:com.android.phone/1001} (pid=1601, uid=1001) excludes appop android:read_phone_state due to sender android (uid 1001)
07-25 13:13:21.725  1348  1380 D ActivityManager: PROFILE_FROM_SHELL is disabled for ProcessRecord{ef398de 0:com.google.android.cellbroadcastreceiver/u0a199}
07-25 13:13:21.725  1348  1380 D CompatibilityChangeReporter: Compat change id reported: 135634846; UID 10199; state: DISABLED
07-25 13:13:21.725  1348  1380 D CompatibilityChangeReporter: Compat change id reported: 177438394; UID 10199; state: DISABLED
07-25 13:13:21.725  1348  1380 D CompatibilityChangeReporter: Compat change id reported: 135772972; UID 10199; state: DISABLED
07-25 13:13:21.726  1348  1380 D CompatibilityChangeReporter: Compat change id reported: 135754954; UID 10199; state: ENABLED
07-25 13:13:21.727  1348  1381 D ActivityManager: asking zygote to start proc:ProcessRecord{ef398de 0:com.google.android.cellbroadcastreceiver/u0a199}
07-25 13:13:21.727  1348  1381 D CompatibilityChangeReporter: Compat change id reported: 143937733; UID 10199; state: ENABLED
07-25 13:13:21.727  1348  1381 D Prefork : startResult is empty and running normal execution.
07-25 13:13:21.742  1348  1381 I ActivityManager: Start proc 7172:com.google.android.cellbroadcastreceiver/u0a199 for broadcast {com.google.android.cellbroadcastreceiver/com.android.cellbroadcastreceiver.CellBroadcastReceiver}
07-25 13:13:21.784  1348  1457 D CompatibilityChangeReporter: Compat change id reported: 168419799; UID 10199; state: DISABLED
07-25 13:13:22.129  1348  2801 D BroadcastQueue: Finished with ordered broadcast BroadcastRecord{69c64ea u-1 android.intent.action.SERVICE_STATE} receivers:([ResolveInfo{278e189 com.google.android.cellbroadcastreceiver/com.android.cellbroadcastreceiver.CellBroadcastReceiver m=0x108000}]) take 406ms in [background], remains -1
07-25 13:13:25.457  1348  1482 D AlarmManager: waitForAlarm result:8currentTime=1753429405457, elapsedRealtime=33552746
07-25 13:13:25.461  1348  1482 D AlarmManager: sending alarm.type = 3, action = com.google.android.gms.auth.authzen.cryptauth.DEVICE_STATE_CHECK_DELAY_COMPLETE, alarm = Alarm{58249ab type 3 origWhen 33541497 whenElapsed 33541497 com.google.android.gms}, cn = ComponentInfo{com.google.android.gms/com.google.android.gms.chimera.GmsIntentOperationService}, operation = PendingIntent{31aeb6a: PendingIntentRecord{42cb85b com.google.android.gms/com.google.android.gms.auth_authzen__phone startService}}, listener=null, listenerTag=null, workSource=WorkSource{10122 com.google.android.gms}
07-25 13:13:25.469  1348  1457 V AlarmManager: set(PendingIntent{2da808: PendingIntentRecord{ad32ba1 com.google.android.gms/com.google.android.gms.container startService}}) : type=3 listener=null listenerTag=null workSource=null callingPackage=com.google.android.gms callingUid=10122 triggerAtTime=315393552758 win=3600000 tElapsed=315393552758 maxElapsed=315397152758 interval=0 flags=0x0
07-25 13:13:26.247  1348  1348 D TemperatureManagerService: runinAppStartFlag: 0
07-25 13:13:26.247  1348  1348 D TAG     : Country is Empty, set Countrys is DEFAULT_35_DEGREE_COUNYRYS
07-25 13:13:26.248  1348  1348 D TemperatureManagerService: current area is IN support 25 newRegulationsRules,  isTrigger = false, mEnvironmentTemperature is 270, current batteryTemperature is 323
07-25 13:13:26.249  1348  1348 D TemperatureManagerService: current area is IN, mPlugType = 0, mEnvironmentTemperature = 270, current batteryTemperature = 323, switch from 25 newRegulationsRules to 35 oldRegulationsRules
07-25 13:13:26.366  1348  2801 V AlarmManager: set(PendingIntent{eb44323: PendingIntentRecord{d725bc9 com.google.android.gms/com.google.android.gms.scheduler broadcastIntent}}) : type=3 listener=null listenerTag=null workSource=WorkSource{10122 com.google.android.gms} callingPackage=com.google.android.gms callingUid=10122 triggerAtTime=33718301 win=123485 tElapsed=33718301 maxElapsed=33841786 interval=0 flags=0x0
07-25 13:13:27.478  1348  1375 E UnisocWatchdog: WDT_Monitor: writeWDTMonitor duration=50,shutdowning=false
07-25 13:13:28.092  1348  2783 I ActivityTaskManager: START u0 {cmp=com.Slack/slack.features.messagedetails.MessageDetailsActivity (has extras)} from uid 10253, pid 6843
07-25 13:13:28.093  1348  2783 D CompatibilityChangeReporter: Compat change id reported: 194480991; UID 10253; state: ENABLED
07-25 13:13:28.095  1348  2783 D CompatibilityChangeReporter: Compat change id reported: 174042980; UID 10253; state: DISABLED
07-25 13:13:28.104  1348  2783 D CompatibilityChangeReporter: Compat change id reported: 184838306; UID 10253; state: DISABLED
07-25 13:13:28.105  1348  2783 D CompatibilityChangeReporter: Compat change id reported: 185004937; UID 10253; state: DISABLED
07-25 13:13:28.109  1348  2783 I ActivityTaskManager: ->startActivity for ActivityRecord{5dc539e u0 com.Slack/slack.features.messagedetails.MessageDetailsActivity} t16 d0} result:START_SUCCESS
07-25 13:13:28.141  1348  2783 W ActivityTaskManager: Tried to set launchTime (0) < mLastActivityLaunchTime (12376713)
07-25 13:13:28.147  1348  2783 D WindowManager: setFocusedApp mFocusedApp = ActivityRecord{5dc539e u0 com.Slack/slack.features.messagedetails.MessageDetailsActivity} t16 d0}displayId = 0Callers = com.android.server.wm.ActivityTaskManagerService.setResumedActivityUncheckLocked:4590 com.android.server.wm.TaskFragment.onActivityStateChanged:833 com.android.server.wm.ActivityRecord.setState:5531 com.android.server.wm.Task.minimalResumeActivityLocked:4807 
07-25 13:13:28.148  1348  2783 I WindowManager: Input focus has changed to null from d2c8fa8 com.Slack/slack.features.home.HomeActivity mDisplayId 0 updateInputWindows true, callers=com.android.server.wm.DisplayContent.updateFocusedWindowLocked:3706 com.android.server.wm.RootWindowContainer.updateFocusedWindowLocked:493 com.android.server.wm.WindowManagerService.updateFocusedWindowLocked:6248 com.android.server.wm.ActivityTaskManagerService.setResumedActivityUncheckLocked:4592 com.android.server.wm.TaskFragment.onActivityStateChanged:833 
07-25 13:13:28.306  1348  2783 V WindowState: toString mSurfaceNameCache= mLastTitle=null title=com.Slack/slack.features.messagedetails.MessageDetailsActivity
07-25 13:13:28.306  1348  2783 D CoreBackPreview: Window{3cc3b13 u0 com.Slack/slack.features.messagedetails.MessageDetailsActivity}: Setting back callback OnBackInvokedCallbackInfo{mCallback=android.window.IOnBackInvokedCallback$Stub$Proxy@62fbf49, mPriority=0}
07-25 13:13:28.390  1348  2833 I WindowManager: Input focus has changed to Window{3cc3b13 u0 com.Slack/slack.features.messagedetails.MessageDetailsActivity}-[Surface(name=*Title#3121)/@0x5bdca68] from d2c8fa8 com.Slack/slack.features.home.HomeActivity mDisplayId 0 updateInputWindows true, callers=com.android.server.wm.DisplayContent.updateFocusedWindowLocked:3706 com.android.server.wm.RootWindowContainer.updateFocusedWindowLocked:493 com.android.server.wm.WindowManagerService.updateFocusedWindowLocked:6248 com.android.server.wm.WindowManagerService.relayoutWindow:2568 com.android.server.wm.Session.relayout:266 
07-25 13:13:28.443  1348  2833 D WindowManager: finishDrawing: syncSeqId=0, postDrawTransaction=android.view.SurfaceControl$Transaction@414985f, mSyncState=0, mDrawState=1, hasSyncHandlers=false, mClientWasDrawingForSync=false, win=Window{3cc3b13 u0 com.Slack/slack.features.messagedetails.MessageDetailsActivity}-[Surface(name=*Title#3121)/@0x5bdca68]
07-25 13:13:28.658  1348  1372 I ActivityManager: Killing 6679:com.google.android.webview:sandboxed_process0:org.chromium.content.app.SandboxedProcessService0:0/u0a74i144 (adj 945): empty #5
07-25 13:13:28.661  1348  1372 I ActivityManager: Killing 6395:com.android.camera2/u0a181 (adj 955): empty #6
07-25 13:13:28.696  1348  2783 D ActivityManager:  scheduleServiceRestartLocked  N 0 now 12402299 r ServiceRecord{49fb281 u0 com.glance.lockscreenRealme/org.chromium.content.app.SandboxedProcessService0:0} minDuration 1000
07-25 13:13:28.696  1348  2783 W ActivityManager: Scheduling restart of crashed service com.glance.lockscreenRealme/org.chromium.content.app.SandboxedProcessService0:0 in 1000ms for connection
07-25 13:13:28.743  1348  2783 D ActivityManager: PROFILE_FROM_SHELL is disabled for ProcessRecord{ef196b 0:com.google.android.webview:sandboxed_process0:org.chromium.content.app.SandboxedProcessService0:1/u0a74i145}
07-25 13:13:28.743  1348  2783 D CompatibilityChangeReporter: Compat change id reported: 135634846; UID 99145; state: DISABLED
07-25 13:13:28.743  1348  2783 D CompatibilityChangeReporter: Compat change id reported: 177438394; UID 99145; state: DISABLED
07-25 13:13:28.743  1348  2783 D CompatibilityChangeReporter: Compat change id reported: 135772972; UID 99145; state: DISABLED
07-25 13:13:28.743  1348  2783 D CompatibilityChangeReporter: Compat change id reported: 135754954; UID 99145; state: ENABLED
07-25 13:13:28.744  1348  1381 D ActivityManager: asking zygote to start proc:ProcessRecord{ef196b 0:com.google.android.webview:sandboxed_process0:org.chromium.content.app.SandboxedProcessService0:1/u0a74i145}
07-25 13:13:28.744  1348  1381 D CompatibilityChangeReporter: Compat change id reported: 143937733; UID 10074; state: ENABLED
07-25 13:13:28.759  1348  1381 I ActivityManager: Start proc 7208:com.google.android.webview:sandboxed_process0:org.chromium.content.app.SandboxedProcessService0:1/u0i145 for  {com.glance.lockscreenRealme/org.chromium.content.app.SandboxedProcessService0:1}
07-25 13:13:28.779  1348  2783 D CompatibilityChangeReporter: Compat change id reported: 168419799; UID 10074; state: DISABLED
07-25 13:13:28.820  1348  2783 I ActivityManager: Killing 6717:com.google.android.adservices.api/u0a197 (adj 935): empty #5
07-25 13:13:28.850  1348  2833 D ActivityManager:  scheduleServiceRestartLocked  N 0 now 12402452 r ServiceRecord{ce6de1a u0 com.google.android.adservices.api/com.android.adservices.measurement.MeasurementService} minDuration 1000
07-25 13:13:28.850  1348  2833 W ActivityManager: Scheduling restart of crashed service com.google.android.adservices.api/com.android.adservices.measurement.MeasurementService in 1000ms for connection
07-25 13:13:28.966  1348  2804 I ActivityManager: Killing 7208:com.google.android.webview:sandboxed_process0:org.chromium.content.app.SandboxedProcessService0:1/u0a74i145 (adj 0): isolated not needed
07-25 13:13:30.938  1348  2833 D ActivityManager: PROFILE_FROM_SHELL is disabled for ProcessRecord{e5178 0:com.android.camera2/u0a181}
07-25 13:13:30.939  1348  2833 D CompatibilityChangeReporter: Compat change id reported: 135634846; UID 10181; state: DISABLED
07-25 13:13:30.939  1348  2833 D CompatibilityChangeReporter: Compat change id reported: 177438394; UID 10181; state: DISABLED
07-25 13:13:30.939  1348  2833 D CompatibilityChangeReporter: Compat change id reported: 135772972; UID 10181; state: DISABLED
07-25 13:13:30.939  1348  2833 D CompatibilityChangeReporter: Compat change id reported: 135754954; UID 10181; state: ENABLED
07-25 13:13:30.940  1348  1381 D ActivityManager: asking zygote to start proc:ProcessRecord{e5178 0:com.android.camera2/u0a181}
07-25 13:13:30.940  1348  1381 D CompatibilityChangeReporter: Compat change id reported: 143937733; UID 10181; state: ENABLED
07-25 13:13:30.940  1348  1381 D Prefork : startResult is empty and running normal execution.
07-25 13:13:30.948  1348  1381 I ActivityManager: Start proc 7236:com.android.camera2/u0a181 for content provider {com.android.camera2/com.sprd.USCPhotosProvider.providers.photos.SpecialTypesProvider}
07-25 13:13:30.976  1348  2833 D ActivityManager: send provider timeout msg, app: ProcessRecord{e5178 7236:com.android.camera2/u0a181}
07-25 13:13:30.976  1348  2833 D CompatibilityChangeReporter: Compat change id reported: 168419799; UID 10181; state: DISABLED
07-25 13:13:31.067  1348  2833 D ContentProviderHelper: publishContentProviders, remove provider timeout msg, app: ProcessRecord{e5178 7236:com.android.camera2/u0a181}
07-25 13:13:31.094 31751  7233 E ActivityThread: Failed to find provider info for com.google.android.apps.photos.api.sample.SpecialTypesProvider
07-25 13:13:31.096 31751  7233 E ActivityThread: Failed to find provider info for com.google.android.apps.photos.api.sample.StabilizeDemoContentProvider
07-25 13:13:31.097 31751  7233 E ActivityThread: Failed to find provider info for filters.demo.activities.filterdemocontentprovider
07-25 13:13:31.097 31751  7234 E ActivityThread: Failed to find provider info for com.google.android.apps.photos.api.sample.SpecialTypesProvider
07-25 13:13:31.098 31751  7234 E ActivityThread: Failed to find provider info for com.google.android.apps.photos.api.sample.StabilizeDemoContentProvider
07-25 13:13:31.101 31751  7234 E ActivityThread: Failed to find provider info for filters.demo.activities.filterdemocontentprovider
07-25 13:13:31.111 31751  6249 E ActivityThread: Failed to find provider info for com.google.android.apps.photos.api.sample.SpecialTypesProvider
07-25 13:13:31.111 31751  6249 E ActivityThread: Failed to find provider info for com.google.android.apps.photos.api.sample.StabilizeDemoContentProvider
07-25 13:13:31.112 31751  6249 E ActivityThread: Failed to find provider info for filters.demo.activities.filterdemocontentprovider
07-25 13:13:31.113 31751  7233 E ActivityThread: Failed to find provider info for com.google.android.apps.photos.api.sample.SpecialTypesProvider
07-25 13:13:31.114 31751  7233 E ActivityThread: Failed to find provider info for com.google.android.apps.photos.api.sample.StabilizeDemoContentProvider
07-25 13:13:31.115 31751  7233 E ActivityThread: Failed to find provider info for filters.demo.activities.filterdemocontentprovider
07-25 13:13:31.126 31751  7234 E ActivityThread: Failed to find provider info for com.google.android.apps.photos.api.sample.SpecialTypesProvider
