07-25 13:12:41.132 31751  6415 E ActivityThread: Failed to find provider info for filters.demo.activities.filterdemocontentprovider
07-25 13:12:41.133 31751  6414 E ActivityThread: Failed to find provider info for com.google.android.apps.photos.api.sample.SpecialTypesProvider
07-25 13:12:41.133 31751  6414 E ActivityThread: Failed to find provider info for com.google.android.apps.photos.api.sample.StabilizeDemoContentProvider
07-25 13:12:41.133 31751  6414 E ActivityThread: Failed to find provider info for filters.demo.activities.filterdemocontentprovider
07-25 13:12:41.150 31751  6289 E ActivityThread: Failed to find provider info for com.google.android.apps.photos.api.sample.SpecialTypesProvider
07-25 13:12:41.150 31751  6289 E ActivityThread: Failed to find provider info for com.google.android.apps.photos.api.sample.StabilizeDemoContentProvider
07-25 13:12:41.151 31751  6289 E ActivityThread: Failed to find provider info for filters.demo.activities.filterdemocontentprovider
07-25 13:12:41.151 31751  6249 E ActivityThread: Failed to find provider info for com.google.android.apps.photos.api.sample.SpecialTypesProvider
07-25 13:12:41.152 31751  6249 E ActivityThread: Failed to find provider info for com.google.android.apps.photos.api.sample.StabilizeDemoContentProvider
07-25 13:12:41.153 31751  6249 E ActivityThread: Failed to find provider info for filters.demo.activities.filterdemocontentprovider
07-25 13:12:41.162 31751  6414 E ActivityThread: Failed to find provider info for com.google.android.apps.photos.api.sample.SpecialTypesProvider
07-25 13:12:41.163 31751  6414 E ActivityThread: Failed to find provider info for com.google.android.apps.photos.api.sample.StabilizeDemoContentProvider
07-25 13:12:41.163 31751  6414 E ActivityThread: Failed to find provider info for filters.demo.activities.filterdemocontentprovider
07-25 13:12:41.164 31751  6289 E ActivityThread: Failed to find provider info for com.google.android.apps.photos.api.sample.SpecialTypesProvider
07-25 13:12:41.164 31751  6289 E ActivityThread: Failed to find provider info for com.google.android.apps.photos.api.sample.StabilizeDemoContentProvider
07-25 13:12:41.164 31751  6289 E ActivityThread: Failed to find provider info for filters.demo.activities.filterdemocontentprovider
07-25 13:12:41.175 31751  6414 E ActivityThread: Failed to find provider info for com.google.android.apps.photos.api.sample.SpecialTypesProvider
07-25 13:12:41.176 31751  6414 E ActivityThread: Failed to find provider info for com.google.android.apps.photos.api.sample.StabilizeDemoContentProvider
07-25 13:12:41.176 31751  6249 E ActivityThread: Failed to find provider info for com.google.android.apps.photos.api.sample.SpecialTypesProvider
07-25 13:12:41.176 31751  6414 E ActivityThread: Failed to find provider info for filters.demo.activities.filterdemocontentprovider
07-25 13:12:41.177 31751  6249 E ActivityThread: Failed to find provider info for com.google.android.apps.photos.api.sample.StabilizeDemoContentProvider
07-25 13:12:41.177 31751  6249 E ActivityThread: Failed to find provider info for filters.demo.activities.filterdemocontentprovider
07-25 13:12:41.191 31751  6289 E ActivityThread: Failed to find provider info for com.google.android.apps.photos.api.sample.SpecialTypesProvider
07-25 13:12:41.192 31751  6415 E ActivityThread: Failed to find provider info for com.google.android.apps.photos.api.sample.SpecialTypesProvider
07-25 13:12:41.192 31751  6289 E ActivityThread: Failed to find provider info for com.google.android.apps.photos.api.sample.StabilizeDemoContentProvider
07-25 13:12:41.192 31751  6415 E ActivityThread: Failed to find provider info for com.google.android.apps.photos.api.sample.StabilizeDemoContentProvider
07-25 13:12:41.192 31751  6289 E ActivityThread: Failed to find provider info for filters.demo.activities.filterdemocontentprovider
07-25 13:12:41.193 31751  6415 E ActivityThread: Failed to find provider info for filters.demo.activities.filterdemocontentprovider
07-25 13:12:41.207 31751  6289 E ActivityThread: Failed to find provider info for com.google.android.apps.photos.api.sample.SpecialTypesProvider
07-25 13:12:41.207 31751  6414 E ActivityThread: Failed to find provider info for com.google.android.apps.photos.api.sample.SpecialTypesProvider
07-25 13:12:41.208 31751  6289 E ActivityThread: Failed to find provider info for com.google.android.apps.photos.api.sample.StabilizeDemoContentProvider
07-25 13:12:41.208 31751  6414 E ActivityThread: Failed to find provider info for com.google.android.apps.photos.api.sample.StabilizeDemoContentProvider
07-25 13:12:41.209 31751  6289 E ActivityThread: Failed to find provider info for filters.demo.activities.filterdemocontentprovider
07-25 13:12:41.209 31751  6414 E ActivityThread: Failed to find provider info for filters.demo.activities.filterdemocontentprovider
07-25 13:12:41.220 31751  6415 E ActivityThread: Failed to find provider info for com.google.android.apps.photos.api.sample.SpecialTypesProvider
07-25 13:12:41.221 31751  6249 E ActivityThread: Failed to find provider info for com.google.android.apps.photos.api.sample.SpecialTypesProvider
07-25 13:12:41.221 31751  6415 E ActivityThread: Failed to find provider info for com.google.android.apps.photos.api.sample.StabilizeDemoContentProvider
07-25 13:12:41.221 31751  6415 E ActivityThread: Failed to find provider info for filters.demo.activities.filterdemocontentprovider
07-25 13:12:41.222 31751  6249 E ActivityThread: Failed to find provider info for com.google.android.apps.photos.api.sample.StabilizeDemoContentProvider
07-25 13:12:41.222 31751  6249 E ActivityThread: Failed to find provider info for filters.demo.activities.filterdemocontentprovider
07-25 13:12:41.243 31751  6289 E ActivityThread: Failed to find provider info for com.google.android.apps.photos.api.sample.SpecialTypesProvider
07-25 13:12:41.244 31751  6289 E ActivityThread: Failed to find provider info for com.google.android.apps.photos.api.sample.StabilizeDemoContentProvider
07-25 13:12:41.244 31751  6289 E ActivityThread: Failed to find provider info for filters.demo.activities.filterdemocontentprovider
07-25 13:12:41.319  1348  2509 I ActivityManager: Killing 6373:android.process.acore/u0a52 (adj 935): empty #5
07-25 13:12:41.335  1348  1853 V AlarmManager: set(PendingIntent{4c749b8: PendingIntentRecord{da0a391 android broadcastIntent}}) : type=3 listener=null listenerTag=null workSource=null callingPackage=android callingUid=1000 triggerAtTime=33808623 win=225000 tElapsed=33808623 maxElapsed=34033623 interval=0 flags=0x8
07-25 13:12:41.342  1348  1853 D PowerManagerService: checkWakeLock wake lock:*job*/com.google.android.apps.photos/androidx.work.impl.background.systemjob.SystemJobService from android(1000) duration:50192
07-25 13:12:41.381  1348  2509 D CountryDetector: No listener is left
07-25 13:12:41.384  1348  1853 V AlarmManager: set(PendingIntent{4c749b8: PendingIntentRecord{da0a391 android broadcastIntent}}) : type=3 listener=null listenerTag=null workSource=null callingPackage=android callingUid=1000 triggerAtTime=33808672 win=225000 tElapsed=33808672 maxElapsed=34033672 interval=0 flags=0x8
07-25 13:12:41.393  1348  1853 D PowerManagerService: checkWakeLock wake lock:*job*/com.google.android.apps.photos/androidx.work.impl.background.systemjob.SystemJobService from android(1000) duration:50243
07-25 13:12:42.785  1348  1380 W BroadcastQueue: Background execution not allowed: receiving Intent { act=android.intent.action.DROPBOX_ENTRY_ADDED flg=0x10 (has extras) } to com.google.android.gms/.stats.service.DropBoxEntryAddedReceiver
07-25 13:12:42.786  1348  1380 D BroadcastQueue: Finished with ordered broadcast BroadcastRecord{e41d5b0 u-1 android.intent.action.DROPBOX_ENTRY_ADDED} receivers:([ResolveInfo{7c984f3 com.google.android.gms/.stats.service.DropBoxEntryAddedReceiver m=0x108000}]) take 1ms in [background], remains -1
07-25 13:12:47.248  1348  1853 V AlarmManager: set(PendingIntent{4c749b8: PendingIntentRecord{da0a391 android broadcastIntent}}) : type=3 listener=null listenerTag=null workSource=null callingPackage=android callingUid=1000 triggerAtTime=33814536 win=225000 tElapsed=33814536 maxElapsed=34039536 interval=0 flags=0x8
07-25 13:12:47.255  1348  1853 D PowerManagerService: checkWakeLock wake lock:*job*/com.google.android.apps.photos/androidx.work.impl.background.systemjob.SystemJobService from android(1000) duration:56105
07-25 13:12:49.884  1348  1482 D AlarmManager: waitForAlarm result:8currentTime=1753429369884, elapsedRealtime=33517172
07-25 13:12:52.768  1348  1465 D CompatibilityChangeReporter: Compat change id reported: 218533173; UID 10150; state: ENABLED
07-25 13:12:52.770  1348  1465 D AlarmManager: Package com.google.android.gm for user 0 now in bucket 20
07-25 13:12:56.296  1348  1348 D TemperatureManagerService: runinAppStartFlag: 0
07-25 13:12:56.296  1348  1348 D TAG     : Country is Empty, set Countrys is DEFAULT_35_DEGREE_COUNYRYS
07-25 13:12:56.297  1348  1348 D TemperatureManagerService: current area is IN support 25 newRegulationsRules,  isTrigger = false, mEnvironmentTemperature is 270, current batteryTemperature is 317
07-25 13:12:56.297  1348  1348 D TemperatureManagerService: current area is IN, mPlugType = 0, mEnvironmentTemperature = 270, current batteryTemperature = 317, switch from 25 newRegulationsRules to 35 oldRegulationsRules
07-25 13:12:57.470  1348  1375 E UnisocWatchdog: WDT_Monitor: writeWDTMonitor duration=50,shutdowning=false
07-25 13:12:57.759  1348  1348 V Biometrics/AcquisitionClient: Acquired: 0 0, shouldSend: true
07-25 13:12:57.887  1348  1348 V Biometrics/AcquisitionClient: Acquired: 0 0, shouldSend: true
07-25 13:12:57.899  1348  1348 V BiometricLogger: Authentication latency: -1
07-25 13:12:57.899  1348  1348 W BiometricFrameworkStatsLogger: found a negative latency : -1
07-25 13:12:57.900  1348  1348 V Biometrics/AuthenticationClient: onAuthenticated(true), ID:132547, Owner: com.android.systemui, isBP: false, listener: com.android.server.biometrics.sensors.ClientMonitorCallbackConverter@fdd90e3, requireConfirmation: false, user: 0, clientMonitor: {[68] com.android.server.biometrics.sensors.fingerprint.hidl.FingerprintAuthenticationClient, proto=3, owner=com.android.systemui, cookie=0, requestId=17, userId=0}
07-25 13:12:57.900  1348  1348 W Biometrics/AuthenticationClient: Allowing background authentication, this is allowed only for platform or test invocations
07-25 13:12:57.900  1348  1348 D BaseClientMonitor: marking operation as done: {[68] com.android.server.biometrics.sensors.fingerprint.hidl.FingerprintAuthenticationClient, proto=3, owner=com.android.systemui, cookie=0, requestId=17, userId=0}
07-25 13:12:57.902  1348  1348 D BiometricService: resetLockout from: 0, for: 4, userId: 0
07-25 13:12:57.908  1348  1418 D CommonDcsUploader: notifyMsgToCommonDcs, logTag: 20120fingerprint_auth_dcsmsg
07-25 13:12:57.909  1348  1419 D CommonDcsUploader:  handleMsg, what: 1
07-25 13:12:57.912  1348  1419 D CommonDcsUploader: uploadDcsImpl, logTag: 20120eventId: fingerprint_auth_dcsmsg UploadMsg: {kpi_time_all[1]=0, kpi_time_all[0]=140, algo_version=JV1.3.06.1492, fail_reason_retry[1]=0, auth_result=0, fail_reason_retry[0]=10240, img_area=129237093, quality_score=83, match_score=0, auth_time[1]=0, capture_time[1]=0, auth_time[0]=65, finger_number=1, capture_time[0]=38, signal_value=1048576253, ta_retry_times=0, get_feature_time[0]=37, get_feature_time[1]=0, screen_status=1, fail_reason=0, errtouch_flag=47577}
07-25 13:12:57.924  1348  1348 D Biometrics/AuthenticationClient: addAuthToken: 0
07-25 13:12:57.924  1348  1348 D BiometricStateCallback: Client finished, state updated to 0, client {[68] com.android.server.biometrics.sensors.fingerprint.hidl.FingerprintAuthenticationClient, proto=3, owner=com.android.systemui, cookie=0, requestId=17, userId=0}
07-25 13:12:57.925  1348  1348 D BiometricSchedulerOperation: [Finished / destroy]: {[68] com.android.server.biometrics.sensors.fingerprint.hidl.FingerprintAuthenticationClient, proto=3, owner=com.android.systemui, cookie=0, requestId=17, userId=0}
07-25 13:12:57.927  1348  1363 E PowerControllerImpl: isUltraPowerSaveMode, isUltraPowerSave: false
07-25 13:12:57.930  1348  1348 D UaBiometricScheduler/FaceProvider/default/4: [Added] {[69] com.android.server.biometrics.sensors.face.aidl.FaceResetLockoutClient, proto=12, owner=android, cookie=0, requestId=-1, userId=0}, new queue size: 1
07-25 13:12:57.930  1348  1348 D UaBiometricScheduler/FaceProvider/default/4: [Polled] {[69] com.android.server.biometrics.sensors.face.aidl.FaceResetLockoutClient, proto=12, owner=android, cookie=0, requestId=-1, userId=0}, State: 0
07-25 13:12:57.930  1348  1348 D UaBiometricScheduler/FaceProvider/default/4: [Started] {[69] com.android.server.biometrics.sensors.face.aidl.FaceResetLockoutClient, proto=12, owner=android, cookie=0, requestId=-1, userId=0}
07-25 13:12:57.936  1348  1348 V BiometricSchedulerOperation: started: {[69] com.android.server.biometrics.sensors.face.aidl.FaceResetLockoutClient, proto=12, owner=android, cookie=0, requestId=-1, userId=0}, State: 2
07-25 13:12:57.937  1348  1348 D BiometricScheduler/Fingerprint21: [Finishing] {[68] com.android.server.biometrics.sensors.fingerprint.hidl.FingerprintAuthenticationClient, proto=3, owner=com.android.systemui, cookie=0, requestId=17, userId=0}, success: true
07-25 13:12:57.937  1348  1348 D BiometricCoexCoordinator: removeAuthenticationClient(OtherFp), client: {[68] com.android.server.biometrics.sensors.fingerprint.hidl.FingerprintAuthenticationClient, proto=3, owner=com.android.systemui, cookie=0, requestId=17, userId=0}
07-25 13:12:57.937  1348  2509 D PowerManagerService: userActivityNoUpdateLocked: Scene not defined, event:0
07-25 13:12:57.937  1348  1348 D GestureAvailabilityTracker: Notifying gesture availability, active=true
07-25 13:12:57.937  1348  1348 D BiometricScheduler/Fingerprint21: No operations, returning to idle
07-25 13:12:57.942  1348  1348 D BiometricService: Sensor ID(4), oemStrength: 4095, updatedStrength: 4095, modality 8, state: 0, cookie: 0, sensorId 4, hasEnrollments: false cannot participate in Keystore operations
07-25 13:12:57.943   433  3500 I keystore2: keystore2::authorization: on_lock_screen_event(LockScreenEvent(0), user_id=0, password.is_some()=false, unlocking_sids=Some([1643839007188323743]))
07-25 13:12:57.959  1348  1372 E SystemServiceRegistry: Manager wrapper not available: payjoy_access_service
07-25 13:12:57.960  1348  1380 I DropBoxManagerService: add tag=system_server_wtf isTagEnabled=true flags=0x2
07-25 13:12:57.960  1348  1380 W DropBoxManagerService: Dropping: system_server_wtf (1683 > 0 bytes)
07-25 13:12:57.971  1348  1380 I DropBoxManagerService: add tag=system_server_wtf isTagEnabled=true flags=0x2
07-25 13:12:57.971  1348  1380 W DropBoxManagerService: Dropping: system_server_wtf (1022 > 0 bytes)
07-25 13:12:57.991  1348  2509 D CompatibilityChangeReporter: Compat change id reported: 197654537; UID 10152; state: ENABLED
07-25 13:12:57.996   433  3500 I keystore2: keystore2::super_key: In try_unlock_user_with_biometric: Successfully unlocked with biometric
07-25 13:12:57.997  1348  1348 D CompatibilityChangeReporter: Compat change id reported: 171306433; UID 1000; state: ENABLED
07-25 13:12:57.997  1348  1348 D CompatibilityChangeReporter: Compat change id reported: 218533173; UID 1000; state: ENABLED
07-25 13:12:57.997  1348  1348 V AlarmManager: set(null) : type=2 listener=android.app.AlarmManager$ListenerWrapper@e470d40 listenerTag=TrustManagerService.trustTimeoutForUser workSource=null callingPackage=android callingUid=1000 triggerAtTime=62325285 win=0 tElapsed=62325285 maxElapsed=62325285 interval=0 flags=0x9
07-25 13:12:57.998  1348  1348 V AlarmManager: set(null) : type=2 listener=android.app.AlarmManager$ListenerWrapper@f7905be listenerTag=TrustManagerService.trustTimeoutForUser workSource=null callingPackage=android callingUid=1000 triggerAtTime=119925286 win=0 tElapsed=119925286 maxElapsed=119925286 interval=0 flags=0x9
07-25 13:12:58.000  1348  1348 D FaceProvider/default/4: onLockoutCleared after resetLockout
07-25 13:12:58.000  1348  1348 D LockoutCache: Lockout for user: 0 is 0
07-25 13:12:58.002  1348  2509 I PowerGroup: Waking up power group from Asleep (groupId=0, uid=10171, reason=WAKE_REASON_GESTURE, details=android.policy:BIOMETRIC)...
07-25 13:12:58.002  1348  2509 I PowerManagerService: Waking up from Asleep (uid=10171, reason=WAKE_REASON_GESTURE, details=android.policy:BIOMETRIC)...
07-25 13:12:58.005  1348  1413 I DisplayPowerController[0]: Blocking screen on until initial contents have been drawn.
07-25 13:12:58.006  1348  1413 D UnisocPhoneWindowManager: get setting threefingerScreenshotValue =0 mThreeFingerTouchFunctionSwitch:false
07-25 13:12:58.006  1348  1413 D UnisocPhoneWindowManager: registerThreefingerGesturePointerListener
07-25 13:12:58.006  1348  1413 D ActivityTaskManager: Top Process State changed to PROCESS_STATE_TOP
07-25 13:12:58.009  1348  1348 D BiometricSchedulerOperation: [Finished / destroy]: {[69] com.android.server.biometrics.sensors.face.aidl.FaceResetLockoutClient, proto=12, owner=android, cookie=0, requestId=-1, userId=0}
07-25 13:12:58.010  1348  2484 D PowerManagerService: userActivityNoUpdateLocked: Scene not defined, event:0
07-25 13:12:58.010  1348  1348 E ActivityManager: Cancel pending or running compactions as system is awake
07-25 13:12:58.020  1348  1413 D CompatibilityChangeReporter: Compat change id reported: 181136395; UID 10152; state: DISABLED
07-25 13:12:58.020  1348  1413 D CompatibilityChangeReporter: Compat change id reported: 174042936; UID 10152; state: DISABLED
07-25 13:12:58.023  1348  1413 D CompatibilityChangeReporter: Compat change id reported: 157233955; UID 1000; state: ENABLED
07-25 13:12:58.023  1348  1413 D RampAnimator: brightnessFloatToInt animateValue : 0.38519868 modeData :25244
07-25 13:12:58.024  1348  1413 D RampAnimator: setEnhanceMode mLastGammaMode: 512
07-25 13:12:58.024  1348  1413 D RampAnimator: brightnessFloatToInt animateValue : 0.38519868 modeData :25244
07-25 13:12:58.024  1348  1413 D RampAnimator: setEnhanceMode mLastGammaMode: 512
07-25 13:12:58.024  1348  1413 V DisplayPowerController[0]: Brightness [0.38519874] reason changing to: 'manual', previous reason: 'screen_off'.
07-25 13:12:58.024  1348  1413 I DisplayPowerController[0]: BrightnessEvent: disp=0, brt=0.38519874, rcmdBrt=NaN, preBrt=NaN, lux=0.0, preLux=0.0, hbmMax=1.0, hbmMode=off, thrmMax=1.0, flags=, reason=manual
07-25 13:12:58.036  1348  1372 D AOSP_SafeCenter OplusAccessControlManagerService: onAwakeStateChanged : true
07-25 13:12:58.037  1348  1853 V AlarmManager: set(PendingIntent{4c749b8: PendingIntentRecord{da0a391 android broadcastIntent}}) : type=3 listener=null listenerTag=null workSource=null callingPackage=android callingUid=1000 triggerAtTime=33825326 win=225000 tElapsed=33825326 maxElapsed=34050326 interval=0 flags=0x8
07-25 13:12:58.038  1348  1348 D UaBiometricScheduler/FaceProvider/default/4: [Finishing] {[69] com.android.server.biometrics.sensors.face.aidl.FaceResetLockoutClient, proto=12, owner=android, cookie=0, requestId=-1, userId=0}, success: true
07-25 13:12:58.038  1348  1348 D UaBiometricScheduler/FaceProvider/default/4: No operations, returning to idle
07-25 13:12:58.042  1348  1480 D AlarmManagerHelper: setHeartBeatAdjustEnable() enable = false, updated = false
07-25 13:12:58.042  1348  1480 D AlarmManager: rebatchAllAlarms
07-25 13:12:58.042  1348  1480 D AlarmManager: rebatchAllAlarms:changed:false
07-25 13:12:58.042  1348  1372 E SystemServiceRegistry: Manager wrapper not available: payjoy_access_service
07-25 13:12:58.043  1348  1853 D PowerManagerService: checkWakeLock wake lock:*job*/com.google.android.apps.photos/androidx.work.impl.background.systemjob.SystemJobService from android(1000) duration:66893
07-25 13:12:58.043  1348  1853 D PowerManagerService: checkWakeLock wake lock:faceLockoutResetCallback from com.android.systemui(10171) duration:29
07-25 13:12:58.043  1348  1853 D PowerManagerService: checkWakeLock wake lock:*job*/com.google.android.apps.photos/com.google.android.libraries.social.async.BackgroundTaskJobService from android(1000) duration:16
07-25 13:12:58.043  1348  1853 D PowerManagerService: checkWakeLock wake lock:*telephony-radio* from com.android.phone(1001) duration:9
07-25 13:12:58.043  1348  1372 I DisplayDeviceRepository: Display device changed state: "Built-in Screen", ON
07-25 13:12:58.045  1348  1380 I DropBoxManagerService: add tag=system_server_wtf isTagEnabled=true flags=0x2
07-25 13:12:58.045  1348  1380 W DropBoxManagerService: Dropping: system_server_wtf (1683 > 0 bytes)
07-25 13:12:58.049  1348  1734 D WindowManager: finishDrawing: syncSeqId=0, postDrawTransaction=android.view.SurfaceControl$Transaction@81d5079, mSyncState=0, mDrawState=4, hasSyncHandlers=false, mClientWasDrawingForSync=false, win=Window{d548836 u0 NavigationBar0}-[Surface(name=*Title#68)/@0xc16e1e5]
07-25 13:12:58.049  1348  1734 D WindowManager: finishDrawingLocked: mDrawState=4 ,mLastHidden=false ,mShownAlpha=1.0 ,mLastAlpha=1.0 ,postDrawTransaction=android.view.SurfaceControl$Transaction@81d5079 ,mWin=Window{d548836 u0 NavigationBar0}-[Surface(name=*Title#68)/@0xc16e1e5]
07-25 13:12:58.049  1348  1734 D WindowManager: finishDrawingLocked: syncTransaction=android.view.SurfaceControl$Transaction@fae7f7 ,mSyncTransaction=android.view.SurfaceControl$Transaction@febffce ,mWin=Window{d548836 u0 NavigationBar0}-[Surface(name=*Title#68)/@0xc16e1e5]
07-25 13:12:58.049  1348  1348 V AlarmManager: Received TIME_TICK alarm; rescheduling
07-25 13:12:58.049  1348  1348 V AlarmManager: set(null) : type=3 listener=com.android.server.alarm.AlarmManagerService$3@490e407 listenerTag=TIME_TICK workSource=null callingPackage=android callingUid=1000 triggerAtTime=33527289 win=0 tElapsed=33527289 maxElapsed=33527289 interval=0 flags=0x9
07-25 13:12:58.051  1348  1348 D AlarmManager: sending alarm.type = 3, action = null, alarm = Alarm{99651be type 3 origWhen 33467288 whenElapsed 33467288 android}, cn = null, operation = null, listener=com.android.server.alarm.AlarmManagerService$3@490e407, listenerTag=TIME_TICK, workSource=null
07-25 13:12:58.051  1348  1348 D AlarmManager: sending alarm.type = 3, action = null, alarm = Alarm{8dce21f type 3 origWhen 33457172 whenElapsed 33457172 android}, cn = null, operation = null, listener=android.app.AlarmManager$ListenerWrapper@82305d2, listenerTag=DeviceIdleController.light, workSource=null
07-25 13:12:58.052  1348  1380 I DropBoxManagerService: add tag=system_server_wtf isTagEnabled=true flags=0x2
07-25 13:12:58.052  1348  1853 V AlarmManager: set(PendingIntent{4c749b8: PendingIntentRecord{da0a391 android broadcastIntent}}) : type=3 listener=null listenerTag=null workSource=null callingPackage=android callingUid=1000 triggerAtTime=33825340 win=225000 tElapsed=33825340 maxElapsed=34050340 interval=0 flags=0x8
07-25 13:12:58.052  1348  1380 W DropBoxManagerService: Dropping: system_server_wtf (1022 > 0 bytes)
07-25 13:12:58.054  1348  1465 V AlarmManager: set(null) : type=2 listener=android.app.AlarmManager$ListenerWrapper@51ba6a3 listenerTag=DeviceIdleController.light workSource=null callingPackage=android callingUid=1000 triggerAtTime=33825340 win=60000 tElapsed=33825340 maxElapsed=33885340 interval=0 flags=0x8
07-25 13:12:58.056  1348  1856 D CompatibilityChangeReporter: Compat change id reported: 197654537; UID 1000; state: ENABLED
07-25 13:12:58.056  1348  1856 D CompatibilityChangeReporter: Compat change id reported: 197654537; UID 10213; state: ENABLED
07-25 13:12:58.070  1348  2783 D CompatibilityChangeReporter: Compat change id reported: 161145287; UID 10152; state: DISABLED
07-25 13:12:58.076  1348  1853 D PowerManagerService: checkWakeLock wake lock:*job*/com.google.android.apps.photos/androidx.work.impl.background.systemjob.SystemJobService from android(1000) duration:66909
07-25 13:12:58.076  1348  1853 D PowerManagerService: checkWakeLock wake lock:faceLockoutResetCallback from com.android.systemui(10171) duration:45
07-25 13:12:58.076  1348  1853 D PowerManagerService: checkWakeLock wake lock:*job*/com.google.android.apps.photos/com.google.android.libraries.social.async.BackgroundTaskJobService from android(1000) duration:32
07-25 13:12:58.076  1348  1853 D PowerManagerService: checkWakeLock wake lock:*alarm* from android(1000) duration:8
07-25 13:12:58.076  1348  1853 D PowerManagerService: checkWakeLock wake lock:deviceidle_going_idle from android(1000) duration:-17
07-25 13:12:58.095  1348  1854 D PowerController.RecogA: packageName:com.google.android.as mFgEvent:SYSTEM_INTERACTION mLastTimeFgEventChanged:19708806 mLastLaunchTime:0 mProcState:PROCESS_STATE_BOUND_FOREGROUND_SERVICE mLastTimeProcStateChanged:93299 mNotificationState:0 mLastTimeNotificationStateChanged:0 mAudioState:0 mLastTimeAudioStateChanged:0 mRequestGps:true mAvoidConstraintGps:false mBehaviorType:0 mScreenOn:true mLastTimeScreenStateChanged:33525384 mLastBgTime:0 mFgDuration:0 mAudioDuration:0 mBgAudioDuration:0 mHasNoClearNotificationWhenNavi:false
07-25 13:12:58.095  1348  1854 D PowerController.RecogA: packageName:com.spreadtrum.ims mFgEvent:SYSTEM_INTERACTION mLastTimeFgEventChanged:716615 mLastLaunchTime:0 mProcState:PROCESS_STATE_CACHED_EMPTY mLastTimeProcStateChanged:0 mNotificationState:0 mLastTimeNotificationStateChanged:0 mAudioState:0 mLastTimeAudioStateChanged:0 mRequestGps:true mAvoidConstraintGps:false mBehaviorType:0 mScreenOn:true mLastTimeScreenStateChanged:33525384 mLastBgTime:0 mFgDuration:0 mAudioDuration:0 mBgAudioDuration:0 mHasNoClearNotificationWhenNavi:false
07-25 13:12:58.095  1348  1854 D PowerController.RecogA: packageName:com.google.android.gms mFgEvent:APP_COMPONENT_USED mLastTimeFgEventChanged:33347481 mLastLaunchTime:0 mProcState:PROCESS_STATE_CACHED_EMPTY mLastTimeProcStateChanged:0 mNotificationState:0 mLastTimeNotificationStateChanged:0 mAudioState:0 mLastTimeAudioStateChanged:0 mRequestGps:true mAvoidConstraintGps:false mBehaviorType:0 mScreenOn:true mLastTimeScreenStateChanged:33525384 mLastBgTime:0 mFgDuration:0 mAudioDuration:0 mBgAudioDuration:0 mHasNoClearNotificationWhenNavi:false
07-25 13:12:58.116  1348  2484 D CompatibilityChangeReporter: Compat change id reported: 161252188; UID 10122; state: DISABLED
07-25 13:12:58.119  1348  2484 D CompatibilityChangeReporter: Compat change id reported: 168419799; UID 10122; state: DISABLED
07-25 13:12:58.121  1348  1854 D PowerController.RecogA: packageName:com.google.android.gms mFgEvent:SYSTEM_INTERACTION mLastTimeFgEventChanged:33525409 mLastLaunchTime:0 mProcState:PROCESS_STATE_CACHED_EMPTY mLastTimeProcStateChanged:0 mNotificationState:0 mLastTimeNotificationStateChanged:0 mAudioState:0 mLastTimeAudioStateChanged:0 mRequestGps:true mAvoidConstraintGps:false mBehaviorType:0 mScreenOn:true mLastTimeScreenStateChanged:33525384 mLastBgTime:0 mFgDuration:0 mAudioDuration:0 mBgAudioDuration:0 mHasNoClearNotificationWhenNavi:false
07-25 13:12:58.123  1348  1465 D CompatibilityChangeReporter: Compat change id reported: 218533173; UID 10075; state: ENABLED
07-25 13:12:58.148  1348  2783 D ActivityManager: PROFILE_FROM_SHELL is disabled for ProcessRecord{b8058a3 0:com.google.android.googlequicksearchbox:search/u0a127}
07-25 13:12:58.148  1348  2783 D CompatibilityChangeReporter: Compat change id reported: 135634846; UID 10127; state: DISABLED
07-25 13:12:58.148  1348  2783 D CompatibilityChangeReporter: Compat change id reported: 177438394; UID 10127; state: DISABLED
07-25 13:12:58.148  1348  2783 D CompatibilityChangeReporter: Compat change id reported: 135772972; UID 10127; state: DISABLED
07-25 13:12:58.148  1348  2783 D CompatibilityChangeReporter: Compat change id reported: 135754954; UID 10127; state: ENABLED
07-25 13:12:58.149  1348  1381 D ActivityManager: asking zygote to start proc:ProcessRecord{b8058a3 0:com.google.android.googlequicksearchbox:search/u0a127}
07-25 13:12:58.149  1348  1381 D CompatibilityChangeReporter: Compat change id reported: 143937733; UID 10127; state: ENABLED
07-25 13:12:58.149  1348  1381 D Prefork : startResult is empty and running normal execution.
07-25 13:12:58.155  1348  1348 D TemperatureManagerService: screenOffIntervalTime:308281
07-25 13:12:58.171  1348  1381 I ActivityManager: Start proc 6486:com.google.android.googlequicksearchbox:search/u0a127 for service {com.google.android.googlequicksearchbox/com.google.android.apps.gsa.publicsearch.classicless.ClassicLessPublicSearchService}
07-25 13:12:58.175  1348  1854 D PowerController.RecogA: packageName:com.google.android.gms mFgEvent:APP_COMPONENT_USED mLastTimeFgEventChanged:33525464 mLastLaunchTime:0 mProcState:PROCESS_STATE_CACHED_EMPTY mLastTimeProcStateChanged:0 mNotificationState:0 mLastTimeNotificationStateChanged:0 mAudioState:0 mLastTimeAudioStateChanged:0 mRequestGps:true mAvoidConstraintGps:false mBehaviorType:0 mScreenOn:true mLastTimeScreenStateChanged:33525384 mLastBgTime:0 mFgDuration:0 mAudioDuration:0 mBgAudioDuration:0 mHasNoClearNotificationWhenNavi:false
07-25 13:12:58.177  1348  1734 W UriGrantsManagerService: No permission grants found for com.google.android.apps.photos
07-25 13:12:58.178  1348  1734 W UriGrantsManagerService: No permission grants found for com.google.android.apps.photos
07-25 13:12:58.183  1348  2803 D UnisocVariableRefreshRateImpl: setCurrentPackageName, return when current focus window namenot contains packageName: com.google.android.apps.photos mCurrentRequestFocusWindowName: eb9d22b NotificationShade
07-25 13:12:58.187  1348  2484 D ActivityManager: PROFILE_FROM_SHELL is disabled for ProcessRecord{4b74182 0:com.glance.lockscreenRealme/u0a74}
07-25 13:12:58.187  1348  2484 D CompatibilityChangeReporter: Compat change id reported: 135634846; UID 10074; state: DISABLED
07-25 13:12:58.187  1348  2484 D CompatibilityChangeReporter: Compat change id reported: 177438394; UID 10074; state: DISABLED
07-25 13:12:58.187  1348  2484 D CompatibilityChangeReporter: Compat change id reported: 135772972; UID 10074; state: DISABLED
07-25 13:12:58.187  1348  2484 D CompatibilityChangeReporter: Compat change id reported: 135754954; UID 10074; state: ENABLED
07-25 13:12:58.188  1348  1381 D ActivityManager: asking zygote to start proc:ProcessRecord{4b74182 0:com.glance.lockscreenRealme/u0a74}
07-25 13:12:58.188  1348  1381 D CompatibilityChangeReporter: Compat change id reported: 143937733; UID 10074; state: ENABLED
07-25 13:12:58.188  1348  1381 D Prefork : startResult is empty and running normal execution.
07-25 13:12:58.201  1348  1381 I ActivityManager: Start proc 6500:com.glance.lockscreenRealme/u0a74 for content provider {com.glance.lockscreenRealme/com.glance.data.provider.GlanceProvider}
07-25 13:12:58.208  1348  2783 D CompatibilityChangeReporter: Compat change id reported: 168419799; UID 10127; state: DISABLED
07-25 13:12:58.218  1348  2518 D WindowManager: finishDrawing: syncSeqId=0, postDrawTransaction=android.view.SurfaceControl$Transaction@6077eda, mSyncState=0, mDrawState=1, hasSyncHandlers=false, mClientWasDrawingForSync=false, win=Window{e258c5f u0 com.google.android.apps.photos/com.google.android.apps.photos.home.HomeActivity}-[Surface(name=*Title#3100)/@0x8b228d0]
07-25 13:12:58.278  1348  2518 D ActivityManager: send provider timeout msg, app: ProcessRecord{4b74182 6500:com.glance.lockscreenRealme/u0a74}
07-25 13:12:58.286  1348  2518 D CompatibilityChangeReporter: Compat change id reported: 168419799; UID 10074; state: DISABLED
07-25 13:12:58.302  1348  2518 D CompatibilityChangeReporter: Compat change id reported: 194532703; UID 10152; state: ENABLED
07-25 13:12:58.302  1348  2803 D CompatibilityChangeReporter: Compat change id reported: 161145287; UID 10122; state: DISABLED
07-25 13:12:58.322  1348  1734 D CompatibilityChangeReporter: Compat change id reported: 161145287; UID 10127; state: DISABLED
07-25 13:12:58.373  1348  1372 I DisplayDeviceRepository: Display device changed: DisplayDeviceInfo{"Built-in Screen": uniqueId="local:0", 720 x 1600, modeId 2, defaultModeId 1, supportedModes [{id=1, width=720, height=1600, fps=60.0, alternativeRefreshRates=[90.0]}, {id=2, width=720, height=1600, fps=90.0, alternativeRefreshRates=[60.0]}], colorMode 0, supportedColorModes [0], hdrCapabilities HdrCapabilities{mSupportedHdrTypes=[], mMaxLuminance=500.0, mMaxAverageLuminance=500.0, mMinLuminance=0.0}, allmSupported false, gameContentTypeSupported false, density 320, 257.577 x 260.512 dpi, appVsyncOff -4000000, presDeadline 15111111, cutout DisplayCutout{insets=Rect(0, 64 - 0, 0) waterfall=Insets{left=0, top=0, right=0, bottom=0} boundingRect={Bounds=[Rect(0, 0 - 0, 0), Rect(322, 0 - 398, 64), Rect(0, 0 - 0, 0), Rect(0, 0 - 0, 0)]} cutoutPathParserInfo={CutoutPathParserInfo{displayWidth=720 displayHeight=1600 physicalDisplayWidth=720 physicalDisplayHeight=1600 density={2.0} cutoutSpec={M -38,0 L -38,64 L 38,64 L 38,0 Z} rotation={0} scale={1.0} physicalPixelDisplaySizeRatio={1.0}}}}, touch INTERNAL, rotation 0, type INTERNAL, address {port=0}, deviceProductInfo null, state ON, frameRateOverride , brightnessMinimum 0.0, brightnessMaximum 1.0, brightnessDefault 0.3167565, FLAG_ALLOWED_TO_BE_DEFAULT_DISPLAY, FLAG_ROTATES_WITH_CONTENT, FLAG_SECURE, FLAG_SUPPORTS_PROTECTED_BUFFERS, installOrientation 0}
07-25 13:12:58.411  2446  3567 W KeyphraseEnrollmentInfo: No enrollment application supports the given keyphrase/locale: 'X Google'/en_IN
07-25 13:12:58.412  2446  3567 W KeyphraseEnrollmentInfo: No enrollment application supports the given keyphrase/locale: 'X Google'/en_US
07-25 13:12:58.412  2446  3567 W KeyphraseEnrollmentInfo: No enrollment application supports the given keyphrase/locale: 'X Google'/ar_EG
07-25 13:12:58.412  2446  3567 W KeyphraseEnrollmentInfo: No enrollment application supports the given keyphrase/locale: 'X Google'/en_US
07-25 13:12:58.412  2446  3567 W KeyphraseEnrollmentInfo: No enrollment application supports the given keyphrase/locale: 'Ok Google'/en_US
07-25 13:12:58.412  2446  3567 W KeyphraseEnrollmentInfo: No enrollment application supports the given keyphrase/locale: 'Ok Google'/ar_EG
07-25 13:12:58.412  2446  3567 W KeyphraseEnrollmentInfo: No enrollment application supports the given keyphrase/locale: 'Ok Google'/en_US
07-25 13:12:58.412  2446  3567 W KeyphraseEnrollmentInfo: No enrollment application supports the given keyphrase/locale: 'Y Google'/en_IN
07-25 13:12:58.413  1348  2804 I SoundTriggerService: getModuleProperties()
07-25 13:12:58.430  1348  2783 D UnisocVariableRefreshRateImpl: setCurrentPackageName, return when current focus window namenot contains packageName: com.google.android.apps.photos mCurrentRequestFocusWindowName: eb9d22b NotificationShade
07-25 13:12:58.487  1348  1734 D BroadcastQueue: Finished with ordered broadcast BroadcastRecord{aa5f3d4 u-1 android.intent.action.SCREEN_ON} receivers:([BroadcastFilter{1b2f655 1000/u0 ReceiverList{99fdd0c 1348 system/1000/u0 local:e1fe03f}}, BroadcastFilter{224fd27 1000/u0 ReceiverList{ca153e6 1348 system/1000/u0 local:557e241}}, BroadcastFilter{88f0a4d 1000/u0 ReceiverList{30065e4 1348 system/1000/u0 local:2ec2577}}, BroadcastFilter{17fa137 1000/u0 ReceiverList{f8ebe36 1348 system/1000/u0 local:16a43d1}}, BroadcastFilter{7eff5d8 1000/u0 ReceiverList{de8ecbb 1348 system/1000/u0 local:7cfb54a}}, BroadcastFilter{63e086c 1000/u0 ReceiverList{2b81d1f 1348 system/1000/u0 local:f3d98be}}, BroadcastFilter{399a359 1000/u-1 ReceiverList{a58cba0 1348 system/1000/u-1 local:b0bdca3}}, BroadcastFilter{aae5773 1000/u0 ReceiverList{9a1b7e2 1348 system/1000/u0 local:b63a8ad}}, BroadcastFilter{82c1f16 1000/u-1 ReceiverList{14f1c31 1348 system/1000/u-1 local:cf7c0d8}}, BroadcastFilter{5885326 1000/u0 ReceiverList{a0a5681 1348 system/1000/u0 local:12d3268}}, BroadcastFilter{6015be9 1000/u0 ReceiverList{3c0cc70 1348 system/1000/u0 local:231eb3}}, BroadcastFilter{9287e60 1000/u0 ReceiverList{8d3a263 1348 system/1000/u0 local:1929892}}, BroadcastFilter{f59a5ee 1000/u0 ReceiverList{3259769 1348 system/1000/u0 local:52ac5f0}}, BroadcastFilter{7fcaa1 1000/u0 ReceiverList{a3d6308 1348 system/1000/u0 local:16010ab}}, BroadcastFilter{e338b20 1000/u0 ReceiverList{1a3ea23 1348 system/1000/u0 local:75c2752}}, BroadcastFilter{f576786 1000/u0 ReceiverList{9d18061 1348 system/1000/u0 local:11157c8}}, BroadcastFilter{f1979db 1000/u0 ReceiverList{da3c2ea 1348 system/1000/u0 local:91a5ad5}}, BroadcastFilter{51a914d 1000/u-1 ReceiverList{9f9a8e4 1348 system/1000/u-1 local:ec49477}}, BroadcastFilter{87f67bd 1000/u0 ReceiverList{88b1314 1348 system/1000/u0 local:74d8967}}, BroadcastFilter{ce73cb4 1001/u0 ReceiverList{e7fd587 1601 com.android.phone/1001/u0 remote:e78d1c6}}, BroadcastFilter{81d3067 1001/u0 ReceiverList{7d94c26 1601 com.android.phone/1001/u0 remote:98f9381}}, BroadcastFilter{f6f4d66 1000/u-1 ReceiverList{223d1c1 1348 system/1000/u-1 local:89e92a8}}, BroadcastFilter{daa8f66 10171/u0 ReceiverList{71adbc1 1619 com.android.systemui/10171/u0 remote:e4384a8}}, BroadcastFilter{eab8e09 1001/u0 ReceiverList{409f310 1601 com.android.phone/1001/u0 remote:d143bd3}}, BroadcastFilter{9370eff 10171/u-1 ReceiverList{23ba61e 1619 com.android.systemui/10171/u-1 remote:f2bba59}}, BroadcastFilter{5b6400b 1000/u0 ReceiverList{c1c03da 1348 system/1000/u0 local:f984985}}, BroadcastFilter{b536967 1000/u0 ReceiverList{390c926 1348 system/1000/u0 local:db2e481}}, BroadcastFilter{ed89876 1001/u0 ReceiverList{d261f11 1708 com.spreadtrum.ims/1001/u0 remote:c4f8338}}, BroadcastFilter{cfbc5f7 1000/u0 ReceiverList{c057df6 1348 system/1000/u0 local:92a91}}, BroadcastFilter{c47d8eb 10122/u0 ReceiverList{4c2f43a 2228 com.google.android.gms.persistent/10122/u0 remote:d7d3f65}}, BroadcastFilter{d455a4c 10122/u0 ReceiverList{ba40a7f 2228 com.google.android.gms.persistent/10122/u0 remote:1995f9e}}, BroadcastFilter{eeca4b9 10122/u0 ReceiverList{2bb7680 2228 com.google.android.gms.persistent/10122/u0 remote:8b4e703}}, BroadcastFilter{cc17961 10115/u0 ReceiverList{178a008 2417 com.google.android.as/10115/u0 remote:1be21ab}}, BroadcastFilter{e933a72 10122/u0 ReceiverList{b965b7d 2228 com.google.android.gms.persistent/10122/u0 remote:81a7dd4}}, BroadcastFilter{deb6199 10122/u0 ReceiverList{27d9ae0 2228 com.google.android.gms.persistent/10122/u0 remote:11160e3}}, BroadcastFilter{6f5ceef 10122/u0 ReceiverList{d1eafce 2228 com.google.android.gms.persistent/10122/u0 remote:4d31cc9}}, BroadcastFilter{25a39f2 10122/u0 ReceiverList{923a8fd 2228 com.google.android.gms.persistent/10122/u0 remote:87e9154}}, BroadcastFilter{e8caf0d 10127/u0 ReceiverList{50ea5a4 2446 com.google.android.googlequicksearchbox:interactor/10127/u0 remote:8d08c37}}, BroadcastFilter{a9ba136 1000/u0 ReceiverList{ce0d2d1 4673 com.nearme.statistics.rom/1000/u0 remote:9b9adf8}}, BroadcastFilter{8774e8c 10122/u0 ReceiverList{3d027b
07-25 13:12:58.509  1348  2484 I ActivityTaskManager: Activity reported stop, but no longer stopping: ActivityRecord{bce6278 u0 com.google.android.apps.photos/.home.HomeActivity} t24 d0} RESUMED
07-25 13:12:58.535  1348  1378 I UnisocAntiAging: do reclaim, freeMem:1629764 KB, mOomMinFree:[434176, 212992, 176128] KB, reclaimLevel:0
07-25 13:12:58.646  1348  2803 D CompatibilityChangeReporter: Compat change id reported: 161145287; UID 10074; state: DISABLED
07-25 13:12:58.762  1348  2783 D PackageManager: Considering set com.glance.lockscreenRealme/androidx.work.impl.background.systemjob.SystemJobService's state as 1 with userId = 0, callingPackage = null
07-25 13:12:58.797  6500  6500 E ActivityThread: Failed to find provider info for com.glance.glancebridgesdk.provider
07-25 13:12:58.836  1348  2518 D ContentProviderHelper: publishContentProviders, remove provider timeout msg, app: ProcessRecord{4b74182 6500:com.glance.lockscreenRealme/u0a74}
07-25 13:12:58.902  1348  2833 D CompatibilityChangeReporter: Compat change id reported: 194532703; UID 10074; state: ENABLED
07-25 13:12:58.918  1348  2833 D WindowManager: finishDrawing: syncSeqId=0, postDrawTransaction=android.view.SurfaceControl$Transaction@24f2823, mSyncState=0, mDrawState=1, hasSyncHandlers=false, mClientWasDrawingForSync=false, win=Window{eb9d22b u0 NotificationShade}-[Surface(name=*Title#3096)/@0x2a68f]
07-25 13:12:58.918  1348  2833 D WindowManager: finishDrawingLocked: syncTransaction=android.view.SurfaceControl$Transaction@fae7f7 ,mSyncTransaction=android.view.SurfaceControl$Transaction@a0854d0 ,mWin=Window{eb9d22b u0 NotificationShade}-[Surface(name=*Title#3096)/@0x2a68f]
07-25 13:12:58.924  1348  1413 I DisplayPowerController[0]: Unblocked screen on after 919 ms
07-25 13:12:58.929  1348  1413 W PowerManagerService: Screen on took 929 ms
07-25 13:12:58.936  1348  1853 V AlarmManager: set(PendingIntent{4c749b8: PendingIntentRecord{da0a391 android broadcastIntent}}) : type=3 listener=null listenerTag=null workSource=null callingPackage=android callingUid=1000 triggerAtTime=33826225 win=225000 tElapsed=33826225 maxElapsed=34051225 interval=0 flags=0x8
07-25 13:12:58.955  1348  2518 E PowerControllerImpl: isUltraPowerSaveMode, isUltraPowerSave: false
07-25 13:12:58.957  1348  2518 E PowerControllerImpl: isUltraPowerSaveMode, isUltraPowerSave: false
07-25 13:12:58.973  1348  1372 I StorageManagerService: Cmd send onSecureKeyguardStateChanged isShowing = false mSecureKeyguardShowing = false
07-25 13:12:58.973  1348  1372 D AOSP_SafeCenter OplusAccessControlManagerService: onKeyguardStateChanged : false
07-25 13:12:58.998  1348  1348 V AlarmManager: set(null) : type=2 listener=android.app.AlarmManager$ListenerWrapper@a7c3ae4 listenerTag=*job.deadline* workSource=WorkSource{10192 com.google.android.providers.media.module} callingPackage=android callingUid=1000 triggerAtTime=86581395 win=3600000 tElapsed=86581395 maxElapsed=90181395 interval=0 flags=0x0
07-25 13:12:58.998  1348  1348 V AlarmManager: set(null) : type=3 listener=android.app.AlarmManager$ListenerWrapper@4e2e77 listenerTag=*job.delay* workSource=WorkSource{10192 com.google.android.providers.media.module} callingPackage=android callingUid=1000 triggerAtTime=21594237226 win=3600000 tElapsed=21594237226 maxElapsed=21597837226 interval=0 flags=0x0
07-25 13:12:58.998  1348  1348 V AlarmManager: set(null) : type=2 listener=android.app.AlarmManager$ListenerWrapper@a7c3ae4 listenerTag=*job.deadline* workSource=WorkSource{10192 com.google.android.providers.media.module} callingPackage=android callingUid=1000 triggerAtTime=86581391 win=3600000 tElapsed=86581391 maxElapsed=90181391 interval=0 flags=0x0
07-25 13:12:58.999  1348  1348 V AlarmManager: set(null) : type=3 listener=android.app.AlarmManager$ListenerWrapper@4e2e77 listenerTag=*job.delay* workSource=WorkSource{10192 com.google.android.providers.media.module} callingPackage=android callingUid=1000 triggerAtTime=21516088744 win=3600000 tElapsed=21516088744 maxElapsed=21519688744 interval=0 flags=0x0
07-25 13:12:58.999  1348  1348 V AlarmManager: set(null) : type=3 listener=android.app.AlarmManager$ListenerWrapper@4e2e77 listenerTag=*job.delay* workSource=WorkSource{10185 com.google.android.permissioncontroller} callingPackage=android callingUid=1000 triggerAtTime=57433607 win=3600000 tElapsed=57433607 maxElapsed=61033607 interval=0 flags=0x0
07-25 13:12:58.999  1348  1348 V AlarmManager: set(null) : type=2 listener=android.app.AlarmManager$ListenerWrapper@a7c3ae4 listenerTag=*job.deadline* workSource=WorkSource{10185 com.google.android.permissioncontroller} callingPackage=android callingUid=1000 triggerAtTime=86580927 win=3600000 tElapsed=86580927 maxElapsed=90180927 interval=0 flags=0x0
07-25 13:12:58.999  1348  1348 V AlarmManager: set(null) : type=2 listener=android.app.AlarmManager$ListenerWrapper@a7c3ae4 listenerTag=*job.deadline* workSource=WorkSource{10185 com.google.android.permissioncontroller} callingPackage=android callingUid=1000 triggerAtTime=86580891 win=3600000 tElapsed=86580891 maxElapsed=90180891 interval=0 flags=0x0
07-25 13:12:58.999  1348  1348 V AlarmManager: set(null) : type=2 listener=android.app.AlarmManager$ListenerWrapper@a7c3ae4 listenerTag=*job.deadline* workSource=WorkSource{10185 com.google.android.permissioncontroller} callingPackage=android callingUid=1000 triggerAtTime=86580877 win=3600000 tElapsed=86580877 maxElapsed=90180877 interval=0 flags=0x0
07-25 13:12:58.999  1348  1348 V AlarmManager: set(null) : type=3 listener=android.app.AlarmManager$ListenerWrapper@4e2e77 listenerTag=*job.delay* workSource=WorkSource{10166 com.android.launcher3} callingPackage=android callingUid=1000 triggerAtTime=48723648 win=3600000 tElapsed=48723648 maxElapsed=52323648 interval=0 flags=0x0
07-25 13:12:59.000  1348  1348 V AlarmManager: set(null) : type=2 listener=android.app.AlarmManager$ListenerWrapper@a7c3ae4 listenerTag=*job.deadline* workSource=WorkSource{10166 com.android.launcher3} callingPackage=android callingUid=1000 triggerAtTime=57028636 win=3600000 tElapsed=57028636 maxElapsed=60628636 interval=0 flags=0x0
07-25 13:12:59.001  1348  1348 V AlarmManager: set(null) : type=3 listener=android.app.AlarmManager$ListenerWrapper@4e2e77 listenerTag=*job.delay* workSource=WorkSource{10166 com.android.launcher3} callingPackage=android callingUid=1000 triggerAtTime=40931662 win=3600000 tElapsed=40931662 maxElapsed=44531662 interval=0 flags=0x0
07-25 13:12:59.001  1348  1348 V AlarmManager: set(null) : type=2 listener=android.app.AlarmManager$ListenerWrapper@a7c3ae4 listenerTag=*job.deadline* workSource=WorkSource{10166 com.android.launcher3} callingPackage=android callingUid=1000 triggerAtTime=36119526 win=1944927 tElapsed=36119526 maxElapsed=38064453 interval=0 flags=0x0
07-25 13:12:59.001  1348  1348 V AlarmManager: set(null) : type=3 listener=android.app.AlarmManager$ListenerWrapper@4e2e77 listenerTag=*job.delay* workSource=WorkSource{10166 com.android.launcher3} callingPackage=android callingUid=1000 triggerAtTime=35759526 win=1674927 tElapsed=35759526 maxElapsed=37434453 interval=0 flags=0x0
07-25 13:12:59.002  1348  1348 V AlarmManager: set(null) : type=3 listener=android.app.AlarmManager$ListenerWrapper@4e2e77 listenerTag=*job.delay* workSource=WorkSource{10125 com.google.android.apps.messaging} callingPackage=android callingUid=1000 triggerAtTime=34176851 win=487920 tElapsed=34176851 maxElapsed=34664771 interval=0 flags=0x0
07-25 13:12:59.002  1348  1348 V AlarmManager: set(null) : type=3 listener=android.app.AlarmManager$ListenerWrapper@4e2e77 listenerTag=*job.delay* workSource=WorkSource{10074 com.glance.lockscreenRealme} callingPackage=android callingUid=1000 triggerAtTime=33535614 win=0 tElapsed=33535614 maxElapsed=33535614 interval=0 flags=0x0
07-25 13:12:59.011  1348  1380 W BroadcastQueue: Background execution not allowed: receiving Intent { act=android.intent.action.USER_PRESENT flg=0x24200010 } to com.android.chrome/org.chromium.chrome.browser.sharing.click_to_call.ClickToCallMessageHandler$PhoneUnlockedReceiver
07-25 13:12:59.012  1348  1380 W BroadcastQueue: Background execution not allowed: receiving Intent { act=android.intent.action.USER_PRESENT flg=0x24200010 } to com.facebook.services/com.facebook.oxygen.services.fbns.RegisteredMqttSystemBroadcastReceiver
07-25 13:12:59.012  1348  1380 W BroadcastQueue: Background execution not allowed: receiving Intent { act=android.intent.action.USER_PRESENT flg=0x24200010 } to com.google.android.gms/.auth.setup.devicesignals.LockScreenReceiver
07-25 13:12:59.012  1348  1380 W BroadcastQueue: Background execution not allowed: receiving Intent { act=android.intent.action.USER_PRESENT flg=0x24200010 } to com.google.android.gms/.chimera.GmsIntentOperationService$PersistentTrustedReceiver
07-25 13:12:59.012  1348  1380 W BroadcastQueue: Permission Denial: broadcasting Intent { act=android.intent.action.USER_PRESENT flg=0x24200010 } from com.android.systemui (pid=1619, uid=10171) to com.heytap.market/com.gamify.space.common.receiver.PresentReceiver is not exported from uid 10075
07-25 13:12:59.012  1348  1380 W BroadcastQueue: Background execution not allowed: receiving Intent { act=android.intent.action.USER_PRESENT flg=0x24200010 } to com.instagram.android/com.instagram.push.FbnsInitBroadcastReceiver
07-25 13:12:59.012  1348  1380 W BroadcastQueue: Permission Denial: broadcasting Intent { act=android.intent.action.USER_PRESENT flg=0x24200010 } from com.android.systemui (pid=1619, uid=10171) to com.truecaller/.util.ScreenUnlockedBroadcastReceiver is not exported from uid 10220
07-25 13:12:59.013  1348  1380 D BroadcastQueue: Finished with ordered broadcast BroadcastRecord{e9913ac u0 android.intent.action.USER_PRESENT} receivers:([ResolveInfo{d91614 com.android.chrome/org.chromium.chrome.browser.sharing.click_to_call.ClickToCallMessageHandler$PhoneUnlockedReceiver m=0x108000}, ResolveInfo{8a0aebd com.facebook.services/com.facebook.oxygen.services.fbns.RegisteredMqttSystemBroadcastReceiver m=0x108000}, ResolveInfo{4d62cb2 com.google.android.gms/.auth.setup.devicesignals.LockScreenReceiver m=0x108000}, ResolveInfo{47b7403 com.google.android.gms/.chimera.GmsIntentOperationService$PersistentTrustedReceiver m=0x108000}, ResolveInfo{33b7f80 com.heytap.market/com.gamify.space.common.receiver.PresentReceiver m=0x108000}, ResolveInfo{e2e79b9 com.instagram.android/com.instagram.push.FbnsInitBroadcastReceiver m=0x108000}, ResolveInfo{3374d5f com.truecaller/.util.ScreenUnlockedBroadcastReceiver m=0x108000}]) take 1ms in [background], remains -1
07-25 13:12:59.027  1348  1457 V AlarmManager: set(PendingIntent{6782c44: PendingIntentRecord{f3fc12d com.google.android.gms/com.google.android.gms.container startService}}) : type=3 listener=null listenerTag=null workSource=null callingPackage=com.google.android.gms callingUid=10122 triggerAtTime=315393526315 win=3600000 tElapsed=315393526315 maxElapsed=315397126315 interval=0 flags=0x0
