07-25 13:13:33.489  1348  1348 D BiometricScheduler/Fingerprint21: [Added] {[70] com.android.server.biometrics.sensors.fingerprint.hidl.FingerprintUpdateActiveUserClient, proto=1, owner=android, cookie=0, requestId=-1, userId=0}, new queue size: 1
07-25 13:13:33.489  1348  1348 D BiometricScheduler/Fingerprint21: [Polled] {[70] com.android.server.biometrics.sensors.fingerprint.hidl.FingerprintUpdateActiveUserClient, proto=1, owner=android, cookie=0, requestId=-1, userId=0}, State: 0
07-25 13:13:33.489  1348  1348 D BiometricScheduler/Fingerprint21: [Started] {[70] com.android.server.biometrics.sensors.fingerprint.hidl.FingerprintUpdateActiveUserClient, proto=1, owner=android, cookie=0, requestId=-1, userId=0}
07-25 13:13:33.489  1348  1348 D FingerprintUpdateActiveUserClient: Already user: com.android.server.biometrics.sensors.fingerprint.hidl.Fingerprint21$$ExternalSyntheticLambda1@c3a4915, returning
07-25 13:13:33.489  1348  1348 D BiometricSchedulerOperation: [Finished / destroy]: {[70] com.android.server.biometrics.sensors.fingerprint.hidl.FingerprintUpdateActiveUserClient, proto=1, owner=android, cookie=0, requestId=-1, userId=0}
07-25 13:13:33.489  1348  1348 V BiometricSchedulerOperation: started: {[70] com.android.server.biometrics.sensors.fingerprint.hidl.FingerprintUpdateActiveUserClient, proto=1, owner=android, cookie=0, requestId=-1, userId=0}, State: 5
07-25 13:13:33.489  1348  2783 E PowerControllerImpl: isUltraPowerSaveMode, isUltraPowerSave: false
07-25 13:13:33.490  1348  1348 D BiometricScheduler/Fingerprint21: [Added] {[71] com.android.server.biometrics.sensors.fingerprint.hidl.FingerprintAuthenticationClient, proto=3, owner=com.android.systemui, cookie=0, requestId=18, userId=0}, new queue size: 1
07-25 13:13:33.490  1348  1348 V BiometricScheduler/Fingerprint21: Not idle, current operation: {[70] com.android.server.biometrics.sensors.fingerprint.hidl.FingerprintUpdateActiveUserClient, proto=1, owner=android, cookie=0, requestId=-1, userId=0}, State: 5
07-25 13:13:33.490  1348  1348 D BiometricScheduler/Fingerprint21: [Finishing] {[70] com.android.server.biometrics.sensors.fingerprint.hidl.FingerprintUpdateActiveUserClient, proto=1, owner=android, cookie=0, requestId=-1, userId=0}, success: true
07-25 13:13:33.490  1348  1348 D BiometricScheduler/Fingerprint21: [Polled] {[71] com.android.server.biometrics.sensors.fingerprint.hidl.FingerprintAuthenticationClient, proto=3, owner=com.android.systemui, cookie=0, requestId=18, userId=0}, State: 0
07-25 13:13:33.490  1348  1348 D GestureAvailabilityTracker: Notifying gesture availability, active=false
07-25 13:13:33.490  1348  1348 D BiometricScheduler/Fingerprint21: [Started] {[71] com.android.server.biometrics.sensors.fingerprint.hidl.FingerprintAuthenticationClient, proto=3, owner=com.android.systemui, cookie=0, requestId=18, userId=0}
07-25 13:13:33.490  1348  1348 D BiometricCoexCoordinator: addAuthenticationClient(OtherFp), client: {[71] com.android.server.biometrics.sensors.fingerprint.hidl.FingerprintAuthenticationClient, proto=3, owner=com.android.systemui, cookie=0, requestId=18, userId=0}
07-25 13:13:33.490  1348  1348 D BiometricStateCallback: State updated from 0 to 2, client {[71] com.android.server.biometrics.sensors.fingerprint.hidl.FingerprintAuthenticationClient, proto=3, owner=com.android.systemui, cookie=0, requestId=18, userId=0}
07-25 13:13:33.490  1348  1348 D Biometrics/AuthenticationClient: Requesting auth for com.android.systemui
07-25 13:13:33.493  1348  1348 V BiometricSchedulerOperation: started: {[71] com.android.server.biometrics.sensors.fingerprint.hidl.FingerprintAuthenticationClient, proto=3, owner=com.android.systemui, cookie=0, requestId=18, userId=0}, State: 2
07-25 13:13:33.510  1348  1853 V AlarmManager: set(PendingIntent{4c749b8: PendingIntentRecord{da0a391 android broadcastIntent}}) : type=3 listener=null listenerTag=null workSource=null callingPackage=android callingUid=1000 triggerAtTime=33860799 win=225000 tElapsed=33860799 maxElapsed=34085799 interval=0 flags=0x8
07-25 13:13:33.519  1348  1853 D PowerManagerService: checkWakeLock wake lock:*job*/com.google.android.apps.photos/androidx.work.impl.background.systemjob.SystemJobService from android(1000) duration:102369
07-25 13:13:33.519  1348  1853 D PowerManagerService: checkWakeLock wake lock:*job*/com.google.android.apps.photos/com.google.android.libraries.social.async.BackgroundTaskJobService from android(1000) duration:35492
07-25 13:13:33.519  1348  1853 D PowerManagerService: checkWakeLock wake lock:AudioIn from audioserver(1041) duration:34583
07-25 13:13:33.519  1348  1853 D PowerManagerService: checkWakeLock wake lock:*job*/com.mventus.selfcare.activity/androidx.work.impl.background.systemjob.SystemJobService from android(1000) duration:1296
07-25 13:13:33.519  1348  1853 D PowerManagerService: checkWakeLock wake lock:*job*/com.instagram.android/androidx.work.impl.background.systemjob.SystemJobService from android(1000) duration:682
07-25 13:13:33.519  1348  1853 D PowerManagerService: checkWakeLock wake lock:AudioMix from audioserver(1041) duration:501
07-25 13:13:33.519  1348  1853 D PowerManagerService: checkWakeLock wake lock:show keyguard from com.android.systemui(10171) duration:144
07-25 13:13:33.520  1348  1853 V AlarmManager: set(PendingIntent{4c749b8: PendingIntentRecord{da0a391 android broadcastIntent}}) : type=3 listener=null listenerTag=null workSource=null callingPackage=android callingUid=1000 triggerAtTime=33860809 win=225000 tElapsed=33860809 maxElapsed=34085809 interval=0 flags=0x8
07-25 13:13:33.521 31751  7255 E ActivityThread: Failed to find provider info for com.google.android.apps.photos.api.sample.SpecialTypesProvider
07-25 13:13:33.525 31751  7255 E ActivityThread: Failed to find provider info for com.google.android.apps.photos.api.sample.StabilizeDemoContentProvider
07-25 13:13:33.528  1348  1853 D PowerManagerService: checkWakeLock wake lock:*job*/com.google.android.apps.photos/androidx.work.impl.background.systemjob.SystemJobService from android(1000) duration:102379
07-25 13:13:33.528  1348  1853 D PowerManagerService: checkWakeLock wake lock:*job*/com.google.android.apps.photos/com.google.android.libraries.social.async.BackgroundTaskJobService from android(1000) duration:35502
07-25 13:13:33.528  1348  1853 D PowerManagerService: checkWakeLock wake lock:AudioIn from audioserver(1041) duration:34593
07-25 13:13:33.528  1348  1853 D PowerManagerService: checkWakeLock wake lock:*job*/com.mventus.selfcare.activity/androidx.work.impl.background.systemjob.SystemJobService from android(1000) duration:1306
07-25 13:13:33.528  1348  1853 D PowerManagerService: checkWakeLock wake lock:*job*/com.instagram.android/androidx.work.impl.background.systemjob.SystemJobService from android(1000) duration:692
07-25 13:13:33.528  1348  1853 D PowerManagerService: checkWakeLock wake lock:AudioMix from audioserver(1041) duration:511
07-25 13:13:33.528  1348  1853 D PowerManagerService: checkWakeLock wake lock:show keyguard from com.android.systemui(10171) duration:154
07-25 13:13:33.528  1348  1853 D PowerManagerService: checkWakeLock wake lock:CallbackRunner from com.google.android.gms(10122) duration:9
07-25 13:13:33.529  2446  3620 W KeyphraseEnrollmentInfo: No enrollment application supports the given keyphrase/locale: 'X Google'/en_IN
07-25 13:13:33.529  2446  3620 W KeyphraseEnrollmentInfo: No enrollment application supports the given keyphrase/locale: 'X Google'/en_US
07-25 13:13:33.529  2446  3620 W KeyphraseEnrollmentInfo: No enrollment application supports the given keyphrase/locale: 'X Google'/ar_EG
07-25 13:13:33.529  2446  3620 W KeyphraseEnrollmentInfo: No enrollment application supports the given keyphrase/locale: 'X Google'/en_US
07-25 13:13:33.530  2446  3620 W KeyphraseEnrollmentInfo: No enrollment application supports the given keyphrase/locale: 'Ok Google'/en_US
07-25 13:13:33.530  2446  3620 W KeyphraseEnrollmentInfo: No enrollment application supports the given keyphrase/locale: 'Ok Google'/ar_EG
07-25 13:13:33.530  2446  3620 W KeyphraseEnrollmentInfo: No enrollment application supports the given keyphrase/locale: 'Ok Google'/en_US
07-25 13:13:33.530  2446  3620 W KeyphraseEnrollmentInfo: No enrollment application supports the given keyphrase/locale: 'Y Google'/en_IN
07-25 13:13:33.531  1348  2518 I SoundTriggerService: getModuleProperties()
07-25 13:13:33.533 31751  7255 E ActivityThread: Failed to find provider info for filters.demo.activities.filterdemocontentprovider
07-25 13:13:33.540 31751  7233 E ActivityThread: Failed to find provider info for com.google.android.apps.photos.api.sample.SpecialTypesProvider
07-25 13:13:33.542 31751  7233 E ActivityThread: Failed to find provider info for com.google.android.apps.photos.api.sample.StabilizeDemoContentProvider
07-25 13:13:33.543 31751  7233 E ActivityThread: Failed to find provider info for filters.demo.activities.filterdemocontentprovider
07-25 13:13:33.629  1348  1853 V AlarmManager: set(PendingIntent{4c749b8: PendingIntentRecord{da0a391 android broadcastIntent}}) : type=3 listener=null listenerTag=null workSource=null callingPackage=android callingUid=1000 triggerAtTime=33860918 win=225000 tElapsed=33860918 maxElapsed=34085918 interval=0 flags=0x8
07-25 13:13:33.635  1348  1853 D PowerManagerService: checkWakeLock wake lock:*job*/com.google.android.apps.photos/androidx.work.impl.background.systemjob.SystemJobService from android(1000) duration:102486
07-25 13:13:33.635  1348  1853 D PowerManagerService: checkWakeLock wake lock:*job*/com.google.android.apps.photos/com.google.android.libraries.social.async.BackgroundTaskJobService from android(1000) duration:35609
07-25 13:13:33.635  1348  1853 D PowerManagerService: checkWakeLock wake lock:AudioIn from audioserver(1041) duration:34700
07-25 13:13:33.635  1348  1853 D PowerManagerService: checkWakeLock wake lock:*job*/com.mventus.selfcare.activity/androidx.work.impl.background.systemjob.SystemJobService from android(1000) duration:1413
07-25 13:13:33.635  1348  1853 D PowerManagerService: checkWakeLock wake lock:*job*/com.instagram.android/androidx.work.impl.background.systemjob.SystemJobService from android(1000) duration:799
07-25 13:13:33.635  1348  1853 D PowerManagerService: checkWakeLock wake lock:AudioMix from audioserver(1041) duration:618
07-25 13:13:33.635  1348  1853 D PowerManagerService: checkWakeLock wake lock:show keyguard from com.android.systemui(10171) duration:261
07-25 13:13:33.636  1348  1853 V AlarmManager: set(PendingIntent{4c749b8: PendingIntentRecord{da0a391 android broadcastIntent}}) : type=3 listener=null listenerTag=null workSource=null callingPackage=android callingUid=1000 triggerAtTime=33860924 win=225000 tElapsed=33860924 maxElapsed=34085924 interval=0 flags=0x8
07-25 13:13:33.639  1348  1853 D PowerManagerService: checkWakeLock wake lock:*job*/com.google.android.apps.photos/androidx.work.impl.background.systemjob.SystemJobService from android(1000) duration:102490
07-25 13:13:33.639  1348  1853 D PowerManagerService: checkWakeLock wake lock:*job*/com.google.android.apps.photos/com.google.android.libraries.social.async.BackgroundTaskJobService from android(1000) duration:35613
07-25 13:13:33.639  1348  1853 D PowerManagerService: checkWakeLock wake lock:AudioIn from audioserver(1041) duration:34704
07-25 13:13:33.639  1348  1853 D PowerManagerService: checkWakeLock wake lock:*job*/com.mventus.selfcare.activity/androidx.work.impl.background.systemjob.SystemJobService from android(1000) duration:1417
07-25 13:13:33.639  1348  1853 D PowerManagerService: checkWakeLock wake lock:*job*/com.instagram.android/androidx.work.impl.background.systemjob.SystemJobService from android(1000) duration:803
07-25 13:13:33.639  1348  1853 D PowerManagerService: checkWakeLock wake lock:AudioMix from audioserver(1041) duration:622
07-25 13:13:33.639  1348  1853 D PowerManagerService: checkWakeLock wake lock:show keyguard from com.android.systemui(10171) duration:265
07-25 13:13:33.647  1348  1853 V AlarmManager: set(PendingIntent{4c749b8: PendingIntentRecord{da0a391 android broadcastIntent}}) : type=3 listener=null listenerTag=null workSource=null callingPackage=android callingUid=1000 triggerAtTime=33860936 win=225000 tElapsed=33860936 maxElapsed=34085936 interval=0 flags=0x8
07-25 13:13:33.658  1348  1853 D PowerManagerService: checkWakeLock wake lock:*job*/com.google.android.apps.photos/androidx.work.impl.background.systemjob.SystemJobService from android(1000) duration:102508
07-25 13:13:33.658  1348  1853 D PowerManagerService: checkWakeLock wake lock:*job*/com.google.android.apps.photos/com.google.android.libraries.social.async.BackgroundTaskJobService from android(1000) duration:35631
07-25 13:13:33.658  1348  1853 D PowerManagerService: checkWakeLock wake lock:*job*/com.mventus.selfcare.activity/androidx.work.impl.background.systemjob.SystemJobService from android(1000) duration:1435
07-25 13:13:33.658  1348  1853 D PowerManagerService: checkWakeLock wake lock:*job*/com.instagram.android/androidx.work.impl.background.systemjob.SystemJobService from android(1000) duration:821
07-25 13:13:33.658  1348  1853 D PowerManagerService: checkWakeLock wake lock:AudioMix from audioserver(1041) duration:640
07-25 13:13:33.658  1348  1853 D PowerManagerService: checkWakeLock wake lock:show keyguard from com.android.systemui(10171) duration:283
07-25 13:13:33.658  1348  1853 D PowerManagerService: checkWakeLock wake lock:*job*/com.Slack/androidx.work.impl.background.systemjob.SystemJobService from android(1000) duration:3
07-25 13:13:33.658  1348  1853 D PowerManagerService: checkWakeLock wake lock:*job*/com.Slack/androidx.work.impl.background.systemjob.SystemJobService from android(1000) duration:2
07-25 13:13:33.660  1348  1853 V AlarmManager: set(PendingIntent{4c749b8: PendingIntentRecord{da0a391 android broadcastIntent}}) : type=3 listener=null listenerTag=null workSource=null callingPackage=android callingUid=1000 triggerAtTime=33860948 win=225000 tElapsed=33860948 maxElapsed=34085948 interval=0 flags=0x8
07-25 13:13:33.674  1348  1853 D PowerManagerService: checkWakeLock wake lock:*job*/com.google.android.apps.photos/androidx.work.impl.background.systemjob.SystemJobService from android(1000) duration:102524
07-25 13:13:33.674  1348  1853 D PowerManagerService: checkWakeLock wake lock:*job*/com.google.android.apps.photos/com.google.android.libraries.social.async.BackgroundTaskJobService from android(1000) duration:35647
07-25 13:13:33.674  1348  1853 D PowerManagerService: checkWakeLock wake lock:*job*/com.mventus.selfcare.activity/androidx.work.impl.background.systemjob.SystemJobService from android(1000) duration:1451
07-25 13:13:33.674  1348  1853 D PowerManagerService: checkWakeLock wake lock:*job*/com.instagram.android/androidx.work.impl.background.systemjob.SystemJobService from android(1000) duration:837
07-25 13:13:33.674  1348  1853 D PowerManagerService: checkWakeLock wake lock:AudioMix from audioserver(1041) duration:656
07-25 13:13:33.674  1348  1853 D PowerManagerService: checkWakeLock wake lock:show keyguard from com.android.systemui(10171) duration:299
07-25 13:13:33.674  1348  1853 D PowerManagerService: checkWakeLock wake lock:*job*/com.Slack/androidx.work.impl.background.systemjob.SystemJobService from android(1000) duration:19
07-25 13:13:33.674  1348  1853 D PowerManagerService: checkWakeLock wake lock:*job*/com.Slack/androidx.work.impl.background.systemjob.SystemJobService from android(1000) duration:18
07-25 13:13:33.674 31751  6249 E ActivityThread: Failed to find provider info for com.google.android.apps.photos.api.sample.SpecialTypesProvider
07-25 13:13:33.674  1348  1853 V AlarmManager: set(PendingIntent{4c749b8: PendingIntentRecord{da0a391 android broadcastIntent}}) : type=3 listener=null listenerTag=null workSource=null callingPackage=android callingUid=1000 triggerAtTime=33860963 win=225000 tElapsed=33860963 maxElapsed=34085963 interval=0 flags=0x8
07-25 13:13:33.675  1348  2833 D CompatibilityChangeReporter: Compat change id reported: 168419799; UID 10205; state: DISABLED
07-25 13:13:33.675  1348  2783 D PowerManagerService: userActivityNoUpdateLocked: Scene not defined, event:0
07-25 13:13:33.676  1348  2801 E PowerControllerImpl: isUltraPowerSaveMode, isUltraPowerSave: false
07-25 13:13:33.683 31751  7255 E ActivityThread: Failed to find provider info for com.google.android.apps.photos.api.sample.SpecialTypesProvider
07-25 13:13:33.684  1348  1348 V AlarmManager: set(null) : type=2 listener=android.app.AlarmManager$ListenerWrapper@180a185 listenerTag=LockSettingsPrimaryAuth.nonStrongBiometricIdleTimeoutForUser workSource=null callingPackage=android callingUid=1000 triggerAtTime=47960972 win=0 tElapsed=47960972 maxElapsed=47960972 interval=0 flags=0x9
07-25 13:13:33.684  1348  1776 E PowerControllerImpl: isUltraPowerSaveMode, isUltraPowerSave: false
07-25 13:13:33.686  1348  1853 D PowerManagerService: checkWakeLock wake lock:*job*/com.google.android.apps.photos/androidx.work.impl.background.systemjob.SystemJobService from android(1000) duration:102536
07-25 13:13:33.686  1348  1853 D PowerManagerService: checkWakeLock wake lock:*job*/com.google.android.apps.photos/com.google.android.libraries.social.async.BackgroundTaskJobService from android(1000) duration:35659
07-25 13:13:33.686  1348  1853 D PowerManagerService: checkWakeLock wake lock:*job*/com.mventus.selfcare.activity/androidx.work.impl.background.systemjob.SystemJobService from android(1000) duration:1463
07-25 13:13:33.686  1348  1853 D PowerManagerService: checkWakeLock wake lock:*job*/com.instagram.android/androidx.work.impl.background.systemjob.SystemJobService from android(1000) duration:849
07-25 13:13:33.686  1348  1853 D PowerManagerService: checkWakeLock wake lock:AudioMix from audioserver(1041) duration:668
07-25 13:13:33.686  1348  1853 D PowerManagerService: checkWakeLock wake lock:*job*/com.Slack/androidx.work.impl.background.systemjob.SystemJobService from android(1000) duration:30
07-25 13:13:33.686 31751  7255 E ActivityThread: Failed to find provider info for com.google.android.apps.photos.api.sample.StabilizeDemoContentProvider
07-25 13:13:33.689 31751  6249 E ActivityThread: Failed to find provider info for com.google.android.apps.photos.api.sample.StabilizeDemoContentProvider
07-25 13:13:33.689 31751  7255 E ActivityThread: Failed to find provider info for filters.demo.activities.filterdemocontentprovider
07-25 13:13:33.696  1348  2785 D BroadcastQueue: Finished with ordered broadcast BroadcastRecord{735682b u-1 android.intent.action.SCREEN_OFF} receivers:([BroadcastFilter{1b2f655 1000/u0 ReceiverList{99fdd0c 1348 system/1000/u0 local:e1fe03f}}, BroadcastFilter{224fd27 1000/u0 ReceiverList{ca153e6 1348 system/1000/u0 local:557e241}}, BroadcastFilter{88f0a4d 1000/u0 ReceiverList{30065e4 1348 system/1000/u0 local:2ec2577}}, BroadcastFilter{17fa137 1000/u0 ReceiverList{f8ebe36 1348 system/1000/u0 local:16a43d1}}, BroadcastFilter{7eff5d8 1000/u0 ReceiverList{de8ecbb 1348 system/1000/u0 local:7cfb54a}}, BroadcastFilter{63e086c 1000/u0 ReceiverList{2b81d1f 1348 system/1000/u0 local:f3d98be}}, BroadcastFilter{2698e3 1000/u0 ReceiverList{155912 1348 system/1000/u0 local:7a9509d}}, BroadcastFilter{ec07c03 1000/u0 ReceiverList{86a54b2 1348 system/1000/u0 local:acc76bd}}, BroadcastFilter{399a359 1000/u-1 ReceiverList{a58cba0 1348 system/1000/u-1 local:b0bdca3}}, BroadcastFilter{aae5773 1000/u0 ReceiverList{9a1b7e2 1348 system/1000/u0 local:b63a8ad}}, BroadcastFilter{82c1f16 1000/u-1 ReceiverList{14f1c31 1348 system/1000/u-1 local:cf7c0d8}}, BroadcastFilter{5885326 1000/u0 ReceiverList{a0a5681 1348 system/1000/u0 local:12d3268}}, BroadcastFilter{6015be9 1000/u0 ReceiverList{3c0cc70 1348 system/1000/u0 local:231eb3}}, BroadcastFilter{9287e60 1000/u0 ReceiverList{8d3a263 1348 system/1000/u0 local:1929892}}, BroadcastFilter{f59a5ee 1000/u0 ReceiverList{3259769 1348 system/1000/u0 local:52ac5f0}}, BroadcastFilter{7fcaa1 1000/u0 ReceiverList{a3d6308 1348 system/1000/u0 local:16010ab}}, BroadcastFilter{e338b20 1000/u0 ReceiverList{1a3ea23 1348 system/1000/u0 local:75c2752}}, BroadcastFilter{f576786 1000/u0 ReceiverList{9d18061 1348 system/1000/u0 local:11157c8}}, BroadcastFilter{f1979db 1000/u0 ReceiverList{da3c2ea 1348 system/1000/u0 local:91a5ad5}}, BroadcastFilter{79b4953 1000/u0 ReceiverList{5c542 1348 system/1000/u0 local:3840f8d}}, BroadcastFilter{51a914d 1000/u-1 ReceiverList{9f9a8e4 1348 system/1000/u-1 local:ec49477}}, BroadcastFilter{87f67bd 1000/u0 ReceiverList{88b1314 1348 system/1000/u0 local:74d8967}}, BroadcastFilter{ce73cb4 1001/u0 ReceiverList{e7fd587 1601 com.android.phone/1001/u0 remote:e78d1c6}}, BroadcastFilter{81d3067 1001/u0 ReceiverList{7d94c26 1601 com.android.phone/1001/u0 remote:98f9381}}, BroadcastFilter{2723ff9 10171/u-1 ReceiverList{d3576c0 1619 com.android.systemui/10171/u-1 remote:751c043}}, BroadcastFilter{f6f4d66 1000/u-1 ReceiverList{223d1c1 1348 system/1000/u-1 local:89e92a8}}, BroadcastFilter{c298f1e 10171/u0 ReceiverList{feba759 1619 com.android.systemui/10171/u0 remote:4605fa0}}, BroadcastFilter{eab8e09 1001/u0 ReceiverList{409f310 1601 com.android.phone/1001/u0 remote:d143bd3}}, BroadcastFilter{5b6400b 1000/u0 ReceiverList{c1c03da 1348 system/1000/u0 local:f984985}}, BroadcastFilter{b536967 1000/u0 ReceiverList{390c926 1348 system/1000/u0 local:db2e481}}, BroadcastFilter{ed89876 1001/u0 ReceiverList{d261f11 1708 com.spreadtrum.ims/1001/u0 remote:c4f8338}}, BroadcastFilter{cfbc5f7 1000/u0 ReceiverList{c057df6 1348 system/1000/u0 local:92a91}}, BroadcastFilter{c47d8eb 10122/u0 ReceiverList{4c2f43a 2228 com.google.android.gms.persistent/10122/u0 remote:d7d3f65}}, BroadcastFilter{d455a4c 10122/u0 ReceiverList{ba40a7f 2228 com.google.android.gms.persistent/10122/u0 remote:1995f9e}}, BroadcastFilter{eeca4b9 10122/u0 ReceiverList{2bb7680 2228 com.google.android.gms.persistent/10122/u0 remote:8b4e703}}, BroadcastFilter{39d3947 10115/u0 ReceiverList{178a008 2417 com.google.android.as/10115/u0 remote:1be21ab}}, BroadcastFilter{e933a72 10122/u0 ReceiverList{b965b7d 2228 com.google.android.gms.persistent/10122/u0 remote:81a7dd4}}, BroadcastFilter{deb6199 10122/u0 ReceiverList{27d9ae0 2228 com.google.android.gms.persistent/10122/u0 remote:11160e3}}, BroadcastFilter{6f5ceef 10122/u0 ReceiverList{d1eafce 2228 com.google.android.gms.persistent/10122/u0 remote:4d31cc9}}, BroadcastFilter{25a39f2 10122/u0 ReceiverList{923a8fd 2228 com.google.android.gms.persistent/10122/u0 remote:87e9154}}, BroadcastFilter{e8caf0d 10127/u0
07-25 13:13:33.699 31751  6249 E ActivityThread: Failed to find provider info for filters.demo.activities.filterdemocontentprovider
07-25 13:13:33.738 31751  7233 E ActivityThread: Failed to find provider info for com.google.android.apps.photos.api.sample.SpecialTypesProvider
07-25 13:13:33.740  1348  1776 I WindowManager: Input focus has changed to Window{eb9d22b u0 NotificationShade}-[Surface(name=*Title#3147)/@0x33bac32] from adee869 com.android.launcher3/com.android.searchlauncher.SearchLauncher mDisplayId 0 updateInputWindows true, callers=com.android.server.wm.DisplayContent.updateFocusedWindowLocked:3706 com.android.server.wm.RootWindowContainer.updateFocusedWindowLocked:493 com.android.server.wm.WindowManagerService.updateFocusedWindowLocked:6248 com.android.server.wm.WindowManagerService.relayoutWindow:2568 com.android.server.wm.Session.relayout:266 
07-25 13:13:33.745 31751  7233 E ActivityThread: Failed to find provider info for com.google.android.apps.photos.api.sample.StabilizeDemoContentProvider
07-25 13:13:33.750 31751  7255 E ActivityThread: Failed to find provider info for com.google.android.apps.photos.api.sample.SpecialTypesProvider
07-25 13:13:33.752 31751  7233 E ActivityThread: Failed to find provider info for filters.demo.activities.filterdemocontentprovider
07-25 13:13:33.753 31751  7255 E ActivityThread: Failed to find provider info for com.google.android.apps.photos.api.sample.StabilizeDemoContentProvider
07-25 13:13:33.754 31751  7255 E ActivityThread: Failed to find provider info for filters.demo.activities.filterdemocontentprovider
07-25 13:13:33.794 31751  6249 E ActivityThread: Failed to find provider info for com.google.android.apps.photos.api.sample.SpecialTypesProvider
07-25 13:13:33.794 31751  7233 E ActivityThread: Failed to find provider info for com.google.android.apps.photos.api.sample.SpecialTypesProvider
07-25 13:13:33.795 31751  6249 E ActivityThread: Failed to find provider info for com.google.android.apps.photos.api.sample.StabilizeDemoContentProvider
07-25 13:13:33.796 31751  6249 E ActivityThread: Failed to find provider info for filters.demo.activities.filterdemocontentprovider
07-25 13:13:33.798 31751  7233 E ActivityThread: Failed to find provider info for com.google.android.apps.photos.api.sample.StabilizeDemoContentProvider
07-25 13:13:33.800  1348  1457 V AlarmManager: set(null) : type=0 listener=android.app.IAlarmListener$Stub$Proxy@cc2aedf listenerTag=StepCounterPulseHelper workSource=null callingPackage=com.android.systemui callingUid=10171 triggerAtTime=1753433013799 win=0 tElapsed=37161088 maxElapsed=37161088 interval=0 flags=0x9
07-25 13:13:33.802  1348  1457 D WindowManager: finishDrawing: syncSeqId=0, postDrawTransaction=android.view.SurfaceControl$Transaction@fa6972c, mSyncState=0, mDrawState=1, hasSyncHandlers=false, mClientWasDrawingForSync=false, win=Window{eb9d22b u0 NotificationShade}-[Surface(name=*Title#3147)/@0x33bac32]
07-25 13:13:33.803  1348  2801 E PowerControllerImpl: isUltraPowerSaveMode, isUltraPowerSave: false
07-25 13:13:33.809 31751  7233 E ActivityThread: Failed to find provider info for filters.demo.activities.filterdemocontentprovider
07-25 13:13:33.814 31751  7255 E ActivityThread: Failed to find provider info for com.google.android.apps.photos.api.sample.SpecialTypesProvider
07-25 13:13:33.815 31751  7255 E ActivityThread: Failed to find provider info for com.google.android.apps.photos.api.sample.StabilizeDemoContentProvider
07-25 13:13:33.816 31751  7255 E ActivityThread: Failed to find provider info for filters.demo.activities.filterdemocontentprovider
07-25 13:13:33.824 31751  6249 E ActivityThread: Failed to find provider info for com.google.android.apps.photos.api.sample.SpecialTypesProvider
07-25 13:13:33.826 31751  6249 E ActivityThread: Failed to find provider info for com.google.android.apps.photos.api.sample.StabilizeDemoContentProvider
07-25 13:13:33.827 31751  6249 E ActivityThread: Failed to find provider info for filters.demo.activities.filterdemocontentprovider
07-25 13:13:33.828  1348  1462 D CompatibilityChangeReporter: Compat change id reported: 151105954; UID 1000; state: ENABLED
07-25 13:13:33.829  1348  1462 E AppOps  : attributionTag  not declared in manifest of com.android.systemui
07-25 13:13:33.831 31751  7233 E ActivityThread: Failed to find provider info for com.google.android.apps.photos.api.sample.SpecialTypesProvider
07-25 13:13:33.832 31751  7233 E ActivityThread: Failed to find provider info for com.google.android.apps.photos.api.sample.StabilizeDemoContentProvider
07-25 13:13:33.832  1348  1457 D WindowManager: finishDrawing: syncSeqId=0, postDrawTransaction=android.view.SurfaceControl$Transaction@405f5f5, mSyncState=0, mDrawState=1, hasSyncHandlers=false, mClientWasDrawingForSync=false, win=Window{6685af6 u0 StatusBar}-[Surface(name=*Title#73)/@0xf6bb436]
07-25 13:13:33.832  1348  1457 D WindowManager: finishDrawingLocked: syncTransaction=android.view.SurfaceControl$Transaction@fae7f7 ,mSyncTransaction=android.view.SurfaceControl$Transaction@d8c3664 ,mWin=Window{6685af6 u0 StatusBar}-[Surface(name=*Title#73)/@0xf6bb436]
07-25 13:13:33.832  1348  1457 D WindowManager: finishDrawing: syncSeqId=0, postDrawTransaction=android.view.SurfaceControl$Transaction@7f88f8a, mSyncState=0, mDrawState=4, hasSyncHandlers=false, mClientWasDrawingForSync=false, win=Window{eb9d22b u0 NotificationShade}-[Surface(name=*Title#3147)/@0x33bac32]
07-25 13:13:33.832 31751  7233 E ActivityThread: Failed to find provider info for filters.demo.activities.filterdemocontentprovider
07-25 13:13:33.832  1348  1457 D WindowManager: finishDrawingLocked: mDrawState=4 ,mLastHidden=false ,mShownAlpha=1.0 ,mLastAlpha=1.0 ,postDrawTransaction=android.view.SurfaceControl$Transaction@7f88f8a ,mWin=Window{eb9d22b u0 NotificationShade}-[Surface(name=*Title#3147)/@0x33bac32]
07-25 13:13:33.833  1348  1457 D WindowManager: finishDrawingLocked: syncTransaction=android.view.SurfaceControl$Transaction@fae7f7 ,mSyncTransaction=android.view.SurfaceControl$Transaction@a0854d0 ,mWin=Window{eb9d22b u0 NotificationShade}-[Surface(name=*Title#3147)/@0x33bac32]
07-25 13:13:33.844 31751  7255 E ActivityThread: Failed to find provider info for com.google.android.apps.photos.api.sample.SpecialTypesProvider
07-25 13:13:33.845 31751  7255 E ActivityThread: Failed to find provider info for com.google.android.apps.photos.api.sample.StabilizeDemoContentProvider
07-25 13:13:33.845 31751  7255 E ActivityThread: Failed to find provider info for filters.demo.activities.filterdemocontentprovider
07-25 13:13:33.847 31751  6249 E ActivityThread: Failed to find provider info for com.google.android.apps.photos.api.sample.SpecialTypesProvider
07-25 13:13:33.848 31751  6249 E ActivityThread: Failed to find provider info for com.google.android.apps.photos.api.sample.StabilizeDemoContentProvider
07-25 13:13:33.848 31751  6249 E ActivityThread: Failed to find provider info for filters.demo.activities.filterdemocontentprovider
07-25 13:13:33.864 31751  7233 E ActivityThread: Failed to find provider info for com.google.android.apps.photos.api.sample.SpecialTypesProvider
07-25 13:13:33.864 31751  7233 E ActivityThread: Failed to find provider info for com.google.android.apps.photos.api.sample.StabilizeDemoContentProvider
07-25 13:13:33.865 31751  7233 E ActivityThread: Failed to find provider info for filters.demo.activities.filterdemocontentprovider
07-25 13:13:33.867 31751  7255 E ActivityThread: Failed to find provider info for com.google.android.apps.photos.api.sample.SpecialTypesProvider
07-25 13:13:33.868 31751  7255 E ActivityThread: Failed to find provider info for com.google.android.apps.photos.api.sample.StabilizeDemoContentProvider
07-25 13:13:33.868 31751  7255 E ActivityThread: Failed to find provider info for filters.demo.activities.filterdemocontentprovider
07-25 13:13:33.873 31751  6249 E ActivityThread: Failed to find provider info for com.google.android.apps.photos.api.sample.SpecialTypesProvider
07-25 13:13:33.874 31751  6249 E ActivityThread: Failed to find provider info for com.google.android.apps.photos.api.sample.StabilizeDemoContentProvider
07-25 13:13:33.875 31751  6249 E ActivityThread: Failed to find provider info for filters.demo.activities.filterdemocontentprovider
07-25 13:13:33.886 31751  7255 E ActivityThread: Failed to find provider info for com.google.android.apps.photos.api.sample.SpecialTypesProvider
07-25 13:13:33.886 31751  7233 E ActivityThread: Failed to find provider info for com.google.android.apps.photos.api.sample.SpecialTypesProvider
07-25 13:13:33.886 31751  7255 E ActivityThread: Failed to find provider info for com.google.android.apps.photos.api.sample.StabilizeDemoContentProvider
07-25 13:13:33.887 31751  7233 E ActivityThread: Failed to find provider info for com.google.android.apps.photos.api.sample.StabilizeDemoContentProvider
07-25 13:13:33.887 31751  7255 E ActivityThread: Failed to find provider info for filters.demo.activities.filterdemocontentprovider
07-25 13:13:33.887 31751  7233 E ActivityThread: Failed to find provider info for filters.demo.activities.filterdemocontentprovider
07-25 13:13:33.901 31751  6249 E ActivityThread: Failed to find provider info for com.google.android.apps.photos.api.sample.SpecialTypesProvider
07-25 13:13:33.902 31751  6249 E ActivityThread: Failed to find provider info for com.google.android.apps.photos.api.sample.StabilizeDemoContentProvider
07-25 13:13:33.903 31751  6249 E ActivityThread: Failed to find provider info for filters.demo.activities.filterdemocontentprovider
07-25 13:13:33.908  1348  1457 V AlarmManager: set(null) : type=0 listener=android.app.IAlarmListener$Stub$Proxy@98cfc71 listenerTag=StepCounterPulseHelper workSource=null callingPackage=com.android.systemui callingUid=10171 triggerAtTime=1753433013907 win=0 tElapsed=37161196 maxElapsed=37161196 interval=0 flags=0x9
07-25 13:13:33.915 31751  7255 E ActivityThread: Failed to find provider info for com.google.android.apps.photos.api.sample.SpecialTypesProvider
07-25 13:13:33.915 31751  7233 E ActivityThread: Failed to find provider info for com.google.android.apps.photos.api.sample.SpecialTypesProvider
07-25 13:13:33.916 31751  7255 E ActivityThread: Failed to find provider info for com.google.android.apps.photos.api.sample.StabilizeDemoContentProvider
07-25 13:13:33.916 31751  7233 E ActivityThread: Failed to find provider info for com.google.android.apps.photos.api.sample.StabilizeDemoContentProvider
07-25 13:13:33.916 31751  7255 E ActivityThread: Failed to find provider info for filters.demo.activities.filterdemocontentprovider
07-25 13:13:33.917 31751  7233 E ActivityThread: Failed to find provider info for filters.demo.activities.filterdemocontentprovider
07-25 13:13:33.931 31751  7234 E ActivityThread: Failed to find provider info for com.google.android.apps.photos.api.sample.SpecialTypesProvider
07-25 13:13:33.932 31751  7234 E ActivityThread: Failed to find provider info for com.google.android.apps.photos.api.sample.StabilizeDemoContentProvider
07-25 13:13:33.933 31751  7234 E ActivityThread: Failed to find provider info for filters.demo.activities.filterdemocontentprovider
07-25 13:13:33.941 31751  6249 E ActivityThread: Failed to find provider info for com.google.android.apps.photos.api.sample.SpecialTypesProvider
07-25 13:13:33.941 31751  6249 E ActivityThread: Failed to find provider info for com.google.android.apps.photos.api.sample.StabilizeDemoContentProvider
07-25 13:13:33.942 31751  6249 E ActivityThread: Failed to find provider info for filters.demo.activities.filterdemocontentprovider
07-25 13:13:33.944  1348  2833 D CompatibilityChangeReporter: Compat change id reported: 194532703; UID 10205; state: ENABLED
07-25 13:13:33.959 31751  7233 E ActivityThread: Failed to find provider info for com.google.android.apps.photos.api.sample.SpecialTypesProvider
07-25 13:13:33.966 31751  7233 E ActivityThread: Failed to find provider info for com.google.android.apps.photos.api.sample.StabilizeDemoContentProvider
07-25 13:13:33.968 31751  7233 E ActivityThread: Failed to find provider info for filters.demo.activities.filterdemocontentprovider
07-25 13:13:33.971 31751  7234 E ActivityThread: Failed to find provider info for com.google.android.apps.photos.api.sample.SpecialTypesProvider
07-25 13:13:33.972 31751  7234 E ActivityThread: Failed to find provider info for com.google.android.apps.photos.api.sample.StabilizeDemoContentProvider
07-25 13:13:33.972 31751  7234 E ActivityThread: Failed to find provider info for filters.demo.activities.filterdemocontentprovider
07-25 13:13:33.981 31751  6249 E ActivityThread: Failed to find provider info for com.google.android.apps.photos.api.sample.SpecialTypesProvider
07-25 13:13:33.990 31751  6249 E ActivityThread: Failed to find provider info for com.google.android.apps.photos.api.sample.StabilizeDemoContentProvider
07-25 13:13:33.994 31751  6249 E ActivityThread: Failed to find provider info for filters.demo.activities.filterdemocontentprovider
07-25 13:13:33.997 31751  7233 E ActivityThread: Failed to find provider info for com.google.android.apps.photos.api.sample.SpecialTypesProvider
07-25 13:13:33.998 31751  7233 E ActivityThread: Failed to find provider info for com.google.android.apps.photos.api.sample.StabilizeDemoContentProvider
07-25 13:13:33.998 31751  7233 E ActivityThread: Failed to find provider info for filters.demo.activities.filterdemocontentprovider
07-25 13:13:34.022 31751  7255 E ActivityThread: Failed to find provider info for com.google.android.apps.photos.api.sample.SpecialTypesProvider
07-25 13:13:34.023 31751  7234 E ActivityThread: Failed to find provider info for com.google.android.apps.photos.api.sample.SpecialTypesProvider
07-25 13:13:34.023 31751  7255 E ActivityThread: Failed to find provider info for com.google.android.apps.photos.api.sample.StabilizeDemoContentProvider
07-25 13:13:34.024 31751  7255 E ActivityThread: Failed to find provider info for filters.demo.activities.filterdemocontentprovider
07-25 13:13:34.024 31751  7234 E ActivityThread: Failed to find provider info for com.google.android.apps.photos.api.sample.StabilizeDemoContentProvider
07-25 13:13:34.026 31751  7234 E ActivityThread: Failed to find provider info for filters.demo.activities.filterdemocontentprovider
07-25 13:13:34.038 31751  7255 E ActivityThread: Failed to find provider info for com.google.android.apps.photos.api.sample.SpecialTypesProvider
07-25 13:13:34.039 31751  7255 E ActivityThread: Failed to find provider info for com.google.android.apps.photos.api.sample.StabilizeDemoContentProvider
07-25 13:13:34.042 31751  7255 E ActivityThread: Failed to find provider info for filters.demo.activities.filterdemocontentprovider
07-25 13:13:34.042  1348  1380 W BroadcastQueue: Background execution not allowed: receiving Intent { act=android.intent.action.DROPBOX_ENTRY_ADDED flg=0x10 (has extras) } to com.google.android.gms/.stats.service.DropBoxEntryAddedReceiver
07-25 13:13:34.042  1348  1380 D BroadcastQueue: Finished with ordered broadcast BroadcastRecord{5ad2b92 u-1 android.intent.action.DROPBOX_ENTRY_ADDED} receivers:([ResolveInfo{94add1d com.google.android.gms/.stats.service.DropBoxEntryAddedReceiver m=0x108000}]) take 1ms in [background], remains -1
07-25 13:13:34.056 31751  6249 E ActivityThread: Failed to find provider info for com.google.android.apps.photos.api.sample.SpecialTypesProvider
07-25 13:13:34.061 31751  6249 E ActivityThread: Failed to find provider info for com.google.android.apps.photos.api.sample.StabilizeDemoContentProvider
07-25 13:13:34.062 31751  6249 E ActivityThread: Failed to find provider info for filters.demo.activities.filterdemocontentprovider
07-25 13:13:34.084 31751  7255 E ActivityThread: Failed to find provider info for com.google.android.apps.photos.api.sample.SpecialTypesProvider
07-25 13:13:34.086 31751  7255 E ActivityThread: Failed to find provider info for com.google.android.apps.photos.api.sample.StabilizeDemoContentProvider
07-25 13:13:34.087 31751  7255 E ActivityThread: Failed to find provider info for filters.demo.activities.filterdemocontentprovider
07-25 13:13:34.088 31751  7234 E ActivityThread: Failed to find provider info for com.google.android.apps.photos.api.sample.SpecialTypesProvider
07-25 13:13:34.092 31751  7234 E ActivityThread: Failed to find provider info for com.google.android.apps.photos.api.sample.StabilizeDemoContentProvider
07-25 13:13:34.092 31751  7234 E ActivityThread: Failed to find provider info for filters.demo.activities.filterdemocontentprovider
07-25 13:13:34.107 31751  6249 E ActivityThread: Failed to find provider info for com.google.android.apps.photos.api.sample.SpecialTypesProvider
07-25 13:13:34.108 31751  6249 E ActivityThread: Failed to find provider info for com.google.android.apps.photos.api.sample.StabilizeDemoContentProvider
07-25 13:13:34.109 31751  6249 E ActivityThread: Failed to find provider info for filters.demo.activities.filterdemocontentprovider
07-25 13:13:34.134 31751  7255 E ActivityThread: Failed to find provider info for com.google.android.apps.photos.api.sample.SpecialTypesProvider
07-25 13:13:34.136 31751  7255 E ActivityThread: Failed to find provider info for com.google.android.apps.photos.api.sample.StabilizeDemoContentProvider
07-25 13:13:34.138 31751  7234 E ActivityThread: Failed to find provider info for com.google.android.apps.photos.api.sample.SpecialTypesProvider
07-25 13:13:34.138 31751  7255 E ActivityThread: Failed to find provider info for filters.demo.activities.filterdemocontentprovider
07-25 13:13:34.138 31751  7234 E ActivityThread: Failed to find provider info for com.google.android.apps.photos.api.sample.StabilizeDemoContentProvider
07-25 13:13:34.139 31751  7234 E ActivityThread: Failed to find provider info for filters.demo.activities.filterdemocontentprovider
07-25 13:13:34.178  1348  1378 I UnisocAntiAging: do reclaim, freeMem:1432688 KB, mOomMinFree:[434176, 212992, 176128] KB, reclaimLevel:0
07-25 13:13:34.188  1348  1853 V AlarmManager: set(PendingIntent{4c749b8: PendingIntentRecord{da0a391 android broadcastIntent}}) : type=3 listener=null listenerTag=null workSource=null callingPackage=android callingUid=1000 triggerAtTime=33861476 win=225000 tElapsed=33861476 maxElapsed=34086476 interval=0 flags=0x8
07-25 13:13:34.199  1348  1853 D PowerManagerService: checkWakeLock wake lock:*job*/com.google.android.apps.photos/androidx.work.impl.background.systemjob.SystemJobService from android(1000) duration:103049
07-25 13:13:34.199  1348  1853 D PowerManagerService: checkWakeLock wake lock:*job*/com.google.android.apps.photos/com.google.android.libraries.social.async.BackgroundTaskJobService from android(1000) duration:36172
07-25 13:13:34.199  1348  1853 D PowerManagerService: checkWakeLock wake lock:*job*/com.mventus.selfcare.activity/androidx.work.impl.background.systemjob.SystemJobService from android(1000) duration:1976
07-25 13:13:34.199  1348  1853 D PowerManagerService: checkWakeLock wake lock:*job*/com.instagram.android/androidx.work.impl.background.systemjob.SystemJobService from android(1000) duration:1362
07-25 13:13:34.199  1348  1853 D PowerManagerService: checkWakeLock wake lock:AudioMix from audioserver(1041) duration:1181
07-25 13:13:34.199  1348  1853 D PowerManagerService: checkWakeLock wake lock:*job*/com.Slack/androidx.work.impl.background.systemjob.SystemJobService from android(1000) duration:543
07-25 13:13:34.199  1348  1853 D PowerManagerService: checkWakeLock wake lock:*job*/com.mventus.selfcare.activity/androidx.work.impl.background.systemjob.SystemJobService from android(1000) duration:252
07-25 13:13:34.199  1348  1853 V AlarmManager: set(PendingIntent{4c749b8: PendingIntentRecord{da0a391 android broadcastIntent}}) : type=3 listener=null listenerTag=null workSource=null callingPackage=android callingUid=1000 triggerAtTime=33861488 win=225000 tElapsed=33861488 maxElapsed=34086488 interval=0 flags=0x8
07-25 13:13:34.201  1348  1853 D PowerManagerService: checkWakeLock wake lock:*job*/com.google.android.apps.photos/androidx.work.impl.background.systemjob.SystemJobService from android(1000) duration:103052
07-25 13:13:34.201  1348  1853 D PowerManagerService: checkWakeLock wake lock:*job*/com.google.android.apps.photos/com.google.android.libraries.social.async.BackgroundTaskJobService from android(1000) duration:36175
07-25 13:13:34.202  1348  1853 D PowerManagerService: checkWakeLock wake lock:*job*/com.mventus.selfcare.activity/androidx.work.impl.background.systemjob.SystemJobService from android(1000) duration:1979
07-25 13:13:34.202  1348  1853 D PowerManagerService: checkWakeLock wake lock:*job*/com.instagram.android/androidx.work.impl.background.systemjob.SystemJobService from android(1000) duration:1365
07-25 13:13:34.202  1348  1853 D PowerManagerService: checkWakeLock wake lock:AudioMix from audioserver(1041) duration:1184
07-25 13:13:34.202  1348  1853 D PowerManagerService: checkWakeLock wake lock:*job*/com.Slack/androidx.work.impl.background.systemjob.SystemJobService from android(1000) duration:546
07-25 13:13:34.202  1348  1853 D PowerManagerService: checkWakeLock wake lock:*job*/com.mventus.selfcare.activity/androidx.work.impl.background.systemjob.SystemJobService from android(1000) duration:255
07-25 13:13:34.376  1348  2833 D CompatibilityChangeReporter: Compat change id reported: 161252188; UID 10160; state: DISABLED
07-25 13:13:34.378  1348  1853 V AlarmManager: set(PendingIntent{4c749b8: PendingIntentRecord{da0a391 android broadcastIntent}}) : type=3 listener=null listenerTag=null workSource=null callingPackage=android callingUid=1000 triggerAtTime=33861667 win=225000 tElapsed=33861667 maxElapsed=34086667 interval=0 flags=0x8
07-25 13:13:34.382  1348  2833 D ActivityManager: PROFILE_FROM_SHELL is disabled for ProcessRecord{91ad505 0:com.android.remoteprovisioner/u0a160}
07-25 13:13:34.382  1348  2833 D CompatibilityChangeReporter: Compat change id reported: 135634846; UID 10160; state: DISABLED
07-25 13:13:34.382  1348  2833 D CompatibilityChangeReporter: Compat change id reported: 177438394; UID 10160; state: DISABLED
07-25 13:13:34.382  1348  2833 D CompatibilityChangeReporter: Compat change id reported: 135772972; UID 10160; state: DISABLED
07-25 13:13:34.382  1348  2833 D CompatibilityChangeReporter: Compat change id reported: 135754954; UID 10160; state: ENABLED
07-25 13:13:34.383  1348  1381 D ActivityManager: asking zygote to start proc:ProcessRecord{91ad505 0:com.android.remoteprovisioner/u0a160}
07-25 13:13:34.383  1348  1381 D CompatibilityChangeReporter: Compat change id reported: 143937733; UID 10160; state: ENABLED
07-25 13:13:34.383  1348  1381 D Prefork : startResult is empty and running normal execution.
07-25 13:13:34.388  1348  1853 D PowerManagerService: checkWakeLock wake lock:*job*/com.google.android.apps.photos/androidx.work.impl.background.systemjob.SystemJobService from android(1000) duration:103239
07-25 13:13:34.388  1348  1853 D PowerManagerService: checkWakeLock wake lock:*job*/com.google.android.apps.photos/com.google.android.libraries.social.async.BackgroundTaskJobService from android(1000) duration:36362
07-25 13:13:34.388  1348  1853 D PowerManagerService: checkWakeLock wake lock:*job*/com.mventus.selfcare.activity/androidx.work.impl.background.systemjob.SystemJobService from android(1000) duration:2166
07-25 13:13:34.388  1348  1853 D PowerManagerService: checkWakeLock wake lock:*job*/com.instagram.android/androidx.work.impl.background.systemjob.SystemJobService from android(1000) duration:1552
07-25 13:13:34.389  1348  1853 D PowerManagerService: checkWakeLock wake lock:AudioMix from audioserver(1041) duration:1371
07-25 13:13:34.389  1348  1853 D PowerManagerService: checkWakeLock wake lock:*job*/com.Slack/androidx.work.impl.background.systemjob.SystemJobService from android(1000) duration:733
07-25 13:13:34.389  1348  1853 D PowerManagerService: checkWakeLock wake lock:*job*/com.mventus.selfcare.activity/androidx.work.impl.background.systemjob.SystemJobService from android(1000) duration:442
07-25 13:13:34.394  1348  1381 I ActivityManager: Start proc 7466:com.android.remoteprovisioner/u0a160 for service {com.android.remoteprovisioner/com.android.remoteprovisioner.service.GenerateRkpKeyService}
07-25 13:13:34.452  1348  2833 D CompatibilityChangeReporter: Compat change id reported: 168419799; UID 10160; state: DISABLED
07-25 13:13:34.457  1348  1853 V AlarmManager: set(PendingIntent{4c749b8: PendingIntentRecord{da0a391 android broadcastIntent}}) : type=3 listener=null listenerTag=null workSource=null callingPackage=android callingUid=1000 triggerAtTime=33861745 win=224999 tElapsed=33861745 maxElapsed=34086744 interval=0 flags=0x8
07-25 13:13:34.462  1348  1853 D PowerManagerService: checkWakeLock wake lock:*job*/com.google.android.apps.photos/androidx.work.impl.background.systemjob.SystemJobService from android(1000) duration:103313
07-25 13:13:34.462  1348  1853 D PowerManagerService: checkWakeLock wake lock:*job*/com.google.android.apps.photos/com.google.android.libraries.social.async.BackgroundTaskJobService from android(1000) duration:36436
07-25 13:13:34.462  1348  1853 D PowerManagerService: checkWakeLock wake lock:*job*/com.mventus.selfcare.activity/androidx.work.impl.background.systemjob.SystemJobService from android(1000) duration:2240
07-25 13:13:34.462  1348  1853 D PowerManagerService: checkWakeLock wake lock:*job*/com.instagram.android/androidx.work.impl.background.systemjob.SystemJobService from android(1000) duration:1626
07-25 13:13:34.462  1348  1853 D PowerManagerService: checkWakeLock wake lock:AudioMix from audioserver(1041) duration:1445
07-25 13:13:34.462  1348  1853 D PowerManagerService: checkWakeLock wake lock:*job*/com.Slack/androidx.work.impl.background.systemjob.SystemJobService from android(1000) duration:807
07-25 13:13:34.462  1348  1853 D PowerManagerService: checkWakeLock wake lock:*job*/com.mventus.selfcare.activity/androidx.work.impl.background.systemjob.SystemJobService from android(1000) duration:516
07-25 13:13:34.540  1348  1776 D PackageManager: Considering set com.android.remoteprovisioner/androidx.work.impl.background.systemjob.SystemJobService's state as 1 with userId = 0, callingPackage = null
07-25 13:13:34.555  1348  1853 V AlarmManager: set(PendingIntent{4c749b8: PendingIntentRecord{da0a391 android broadcastIntent}}) : type=3 listener=null listenerTag=null workSource=null callingPackage=android callingUid=1000 triggerAtTime=33861843 win=225000 tElapsed=33861843 maxElapsed=34086843 interval=0 flags=0x8
07-25 13:13:34.560  1348  1853 D PowerManagerService: checkWakeLock wake lock:*job*/com.google.android.apps.photos/androidx.work.impl.background.systemjob.SystemJobService from android(1000) duration:103410
07-25 13:13:34.560  1348  1853 D PowerManagerService: checkWakeLock wake lock:*job*/com.google.android.apps.photos/com.google.android.libraries.social.async.BackgroundTaskJobService from android(1000) duration:36533
07-25 13:13:34.560  1348  1853 D PowerManagerService: checkWakeLock wake lock:*job*/com.mventus.selfcare.activity/androidx.work.impl.background.systemjob.SystemJobService from android(1000) duration:2337
